Archive member included to satisfy reference by file (symbol)

/usr/lib/gcc/arm-none-eabi/10.3.1/thumb/v6-m/nofp/libgcc.a(_dvmd_tls.o)
                              CMakeFiles/pdnd_airtag.dir/home/wrongbaud/vss/research/pico/pico-sdk/src/rp2_common/pico_divider/divider.S.obj (__aeabi_idiv0)
/usr/lib/gcc/arm-none-eabi/10.3.1/../../../arm-none-eabi/lib/thumb/v6-m/nofp/libc.a(lib_a-atexit.o)
                              /usr/lib/gcc/arm-none-eabi/10.3.1/../../../arm-none-eabi/lib/thumb/v6-m/nofp/crt0.o (atexit)
/usr/lib/gcc/arm-none-eabi/10.3.1/../../../arm-none-eabi/lib/thumb/v6-m/nofp/libc.a(lib_a-calloc.o)
                              CMakeFiles/pdnd_airtag.dir/home/wrongbaud/vss/research/pico/pico-sdk/src/rp2_common/pico_malloc/pico_malloc.c.obj (calloc)
/usr/lib/gcc/arm-none-eabi/10.3.1/../../../arm-none-eabi/lib/thumb/v6-m/nofp/libc.a(lib_a-callocr.o)
                              /usr/lib/gcc/arm-none-eabi/10.3.1/../../../arm-none-eabi/lib/thumb/v6-m/nofp/libc.a(lib_a-calloc.o) (_calloc_r)
/usr/lib/gcc/arm-none-eabi/10.3.1/../../../arm-none-eabi/lib/thumb/v6-m/nofp/libc.a(lib_a-fini.o)
                              /usr/lib/gcc/arm-none-eabi/10.3.1/../../../arm-none-eabi/lib/thumb/v6-m/nofp/crt0.o (__libc_fini_array)
/usr/lib/gcc/arm-none-eabi/10.3.1/../../../arm-none-eabi/lib/thumb/v6-m/nofp/libc.a(lib_a-fread.o)
                              CMakeFiles/pdnd_airtag.dir/main.c.obj (fread)
/usr/lib/gcc/arm-none-eabi/10.3.1/../../../arm-none-eabi/lib/thumb/v6-m/nofp/libc.a(lib_a-freer.o)
                              /usr/lib/gcc/arm-none-eabi/10.3.1/../../../arm-none-eabi/lib/thumb/v6-m/nofp/libc.a(lib_a-fread.o) (_free_r)
/usr/lib/gcc/arm-none-eabi/10.3.1/../../../arm-none-eabi/lib/thumb/v6-m/nofp/libc.a(lib_a-impure.o)
                              CMakeFiles/pdnd_airtag.dir/main.c.obj (_impure_ptr)
/usr/lib/gcc/arm-none-eabi/10.3.1/../../../arm-none-eabi/lib/thumb/v6-m/nofp/libc.a(lib_a-init.o)
                              /usr/lib/gcc/arm-none-eabi/10.3.1/../../../arm-none-eabi/lib/thumb/v6-m/nofp/crt0.o (__libc_init_array)
/usr/lib/gcc/arm-none-eabi/10.3.1/../../../arm-none-eabi/lib/thumb/v6-m/nofp/libc.a(lib_a-malloc.o)
                              CMakeFiles/pdnd_airtag.dir/home/wrongbaud/vss/research/pico/pico-sdk/src/rp2_common/pico_malloc/pico_malloc.c.obj (malloc)
/usr/lib/gcc/arm-none-eabi/10.3.1/../../../arm-none-eabi/lib/thumb/v6-m/nofp/libc.a(lib_a-mallocr.o)
                              /usr/lib/gcc/arm-none-eabi/10.3.1/../../../arm-none-eabi/lib/thumb/v6-m/nofp/libc.a(lib_a-callocr.o) (_malloc_r)
/usr/lib/gcc/arm-none-eabi/10.3.1/../../../arm-none-eabi/lib/thumb/v6-m/nofp/libc.a(lib_a-mlock.o)
                              /usr/lib/gcc/arm-none-eabi/10.3.1/../../../arm-none-eabi/lib/thumb/v6-m/nofp/libc.a(lib_a-freer.o) (__malloc_lock)
/usr/lib/gcc/arm-none-eabi/10.3.1/../../../arm-none-eabi/lib/thumb/v6-m/nofp/libc.a(lib_a-realloc.o)
                              CMakeFiles/pdnd_airtag.dir/home/wrongbaud/vss/research/pico/pico-sdk/src/rp2_common/pico_malloc/pico_malloc.c.obj (realloc)
/usr/lib/gcc/arm-none-eabi/10.3.1/../../../arm-none-eabi/lib/thumb/v6-m/nofp/libc.a(lib_a-reallocr.o)
                              /usr/lib/gcc/arm-none-eabi/10.3.1/../../../arm-none-eabi/lib/thumb/v6-m/nofp/libc.a(lib_a-realloc.o) (_realloc_r)
/usr/lib/gcc/arm-none-eabi/10.3.1/../../../arm-none-eabi/lib/thumb/v6-m/nofp/libc.a(lib_a-refill.o)
                              /usr/lib/gcc/arm-none-eabi/10.3.1/../../../arm-none-eabi/lib/thumb/v6-m/nofp/libc.a(lib_a-fread.o) (__srefill_r)
/usr/lib/gcc/arm-none-eabi/10.3.1/../../../arm-none-eabi/lib/thumb/v6-m/nofp/libc.a(lib_a-sbrkr.o)
                              /usr/lib/gcc/arm-none-eabi/10.3.1/../../../arm-none-eabi/lib/thumb/v6-m/nofp/libc.a(lib_a-freer.o) (_sbrk_r)
/usr/lib/gcc/arm-none-eabi/10.3.1/../../../arm-none-eabi/lib/thumb/v6-m/nofp/libc.a(lib_a-strlen-stub.o)
                              CMakeFiles/pdnd_airtag.dir/pdnd/display/font_renderer.c.obj (strlen)
/usr/lib/gcc/arm-none-eabi/10.3.1/../../../arm-none-eabi/lib/thumb/v6-m/nofp/libc.a(lib_a-__atexit.o)
                              /usr/lib/gcc/arm-none-eabi/10.3.1/../../../arm-none-eabi/lib/thumb/v6-m/nofp/libc.a(lib_a-atexit.o) (__register_exitproc)
/usr/lib/gcc/arm-none-eabi/10.3.1/../../../arm-none-eabi/lib/thumb/v6-m/nofp/libc.a(lib_a-fflush.o)
                              /usr/lib/gcc/arm-none-eabi/10.3.1/../../../arm-none-eabi/lib/thumb/v6-m/nofp/libc.a(lib_a-refill.o) (__sflush_r)
/usr/lib/gcc/arm-none-eabi/10.3.1/../../../arm-none-eabi/lib/thumb/v6-m/nofp/libc.a(lib_a-findfp.o)
                              /usr/lib/gcc/arm-none-eabi/10.3.1/../../../arm-none-eabi/lib/thumb/v6-m/nofp/libc.a(lib_a-fread.o) (__sinit)
/usr/lib/gcc/arm-none-eabi/10.3.1/../../../arm-none-eabi/lib/thumb/v6-m/nofp/libc.a(lib_a-fwalk.o)
                              /usr/lib/gcc/arm-none-eabi/10.3.1/../../../arm-none-eabi/lib/thumb/v6-m/nofp/libc.a(lib_a-refill.o) (_fwalk)
[...]
Memory Configuration

Name             Origin             Length             Attributes
FLASH            0x0000000010000000 0x0000000000200000 xr
RAM              0x0000000020000000 0x0000000000040000 xrw
SCRATCH_X        0x0000000020040000 0x0000000000001000 xrw
SCRATCH_Y        0x0000000020041000 0x0000000000001000 xrw
*default*        0x0000000000000000 0xffffffffffffffff

Linker script and memory map

LOAD /usr/lib/gcc/arm-none-eabi/10.3.1/thumb/v6-m/nofp/crti.o
LOAD /usr/lib/gcc/arm-none-eabi/10.3.1/thumb/v6-m/nofp/crtbegin.o
LOAD /usr/lib/gcc/arm-none-eabi/10.3.1/../../../arm-none-eabi/lib/thumb/v6-m/nofp/crt0.o

.flash_begin    0x0000000010000000        0x0
                0x0000000010000000                __flash_binary_start = .

.boot2          0x0000000010000000      0x100
                0x0000000010000000                __boot2_start__ = .
 *(.boot2)
 .boot2         0x0000000010000000      0x100 /tmp/cc5dgEdl.o
                0x0000000010000100                __boot2_end__ = .
                0x0000000000000001                ASSERT (((__boot2_end__ - __boot2_start__) == 0x100), ERROR: Pico second stage bootloader must be 256 bytes in size)

.text           0x0000000010000100     0x9398
                0x0000000010000100                __logical_binary_start = .
 *(.vectors)
 .vectors       0x0000000010000100       0xd4 CMakeFiles/pdnd_airtag.dir/home/wrongbaud/vss/research/pico/pico-sdk/src/rp2_common/pico_standard_link/crt0.S.obj
                0x0000000010000100                __vectors
                0x0000000010000100                __VECTOR_TABLE
                0x00000000100001c0                isr_invalid
                0x00000000100001c0                __default_isrs_start
                0x00000000100001c2                isr_nmi
                0x00000000100001c4                isr_hardfault
                0x00000000100001c6                isr_svcall
                0x00000000100001c8                isr_pendsv
                0x00000000100001ca                isr_systick
                0x00000000100001cc                isr_irq30
                0x00000000100001cc                __unhandled_user_irq
                0x00000000100001cc                isr_irq13
                0x00000000100001cc                isr_irq27
                0x00000000100001cc                isr_irq31
                0x00000000100001cc                isr_irq5
                0x00000000100001cc                isr_irq11
                0x00000000100001cc                isr_irq23
                0x00000000100001cc                isr_irq18
                0x00000000100001cc                isr_irq28
                0x00000000100001cc                isr_irq19
                0x00000000100001cc                isr_irq0
                0x00000000100001cc                isr_irq6
                0x00000000100001cc                isr_irq22
                0x00000000100001cc                isr_irq17
                0x00000000100001cc                isr_irq14
                0x00000000100001cc                isr_irq2
                0x00000000100001cc                isr_irq10
                0x00000000100001cc                isr_irq8
                0x00000000100001cc                isr_irq24
                0x00000000100001cc                isr_irq1
                0x00000000100001cc                isr_irq7
                0x00000000100001cc                isr_irq21
                0x00000000100001cc                isr_irq20
                0x00000000100001cc                isr_irq15
                0x00000000100001cc                isr_irq25
                0x00000000100001cc                isr_irq4
                0x00000000100001cc                isr_irq16
                0x00000000100001cc                isr_irq29
                0x00000000100001cc                isr_irq26
                0x00000000100001cc                __default_isrs_end
                0x00000000100001cc                isr_irq3
                0x00000000100001cc                isr_irq12
                0x00000000100001cc                isr_irq9
                0x00000000100001d2                unhandled_user_irq_num_in_r0
 *(.binary_info_header)
 .binary_info_header
                0x00000000100001d4       0x14 CMakeFiles/pdnd_airtag.dir/home/wrongbaud/vss/research/pico/pico-sdk/src/rp2_common/pico_standard_link/crt0.S.obj
                0x00000000100001e8                __binary_info_header_end = .
 *(.reset)
 .reset         0x00000000100001e8       0xa8 CMakeFiles/pdnd_airtag.dir/home/wrongbaud/vss/research/pico/pico-sdk/src/rp2_common/pico_standard_link/crt0.S.obj
                0x00000000100001e8                _entry_point
                0x0000000010000266                __get_current_exception
 .reset         0x0000000010000290       0x30 CMakeFiles/pdnd_airtag.dir/home/wrongbaud/vss/research/pico/pico-sdk/src/rp2_common/pico_standard_link/binary_info.c.obj
 *(.init)
 .init          0x00000000100002c0        0x4 /usr/lib/gcc/arm-none-eabi/10.3.1/thumb/v6-m/nofp/crti.o
                0x00000000100002c0                _init
 *(EXCLUDE_FILE(*libm.a: *libc.a:*lib_a-mem*.o *libgcc.a:) .text*)
 .text          0x00000000100002c4       0x98 /usr/lib/gcc/arm-none-eabi/10.3.1/thumb/v6-m/nofp/crtbegin.o
 .text.initialize_board
                0x000000001000035c       0x64 CMakeFiles/pdnd_airtag.dir/main.c.obj
                0x000000001000035c                initialize_board
 .text.startup.main
                0x00000000100003c0      0x164 CMakeFiles/pdnd_airtag.dir/main.c.obj
                0x00000000100003c0                main
 .text.pio_i2c_stop
                0x0000000010000524       0xa0 CMakeFiles/pdnd_airtag.dir/pdnd/pio/pio_i2c.c.obj
                0x0000000010000524                pio_i2c_stop
 .text.pio_i2c_write_blocking
                0x00000000100005c4      0x1d4 CMakeFiles/pdnd_airtag.dir/pdnd/pio/pio_i2c.c.obj
                0x00000000100005c4                pio_i2c_write_blocking
 .text.pdnd_initialize
                0x0000000010000798       0x44 CMakeFiles/pdnd_airtag.dir/pdnd/pdnd.c.obj
                0x0000000010000798                pdnd_initialize
 .text.pdnd_enable_buffers
                0x00000000100007dc       0x14 CMakeFiles/pdnd_airtag.dir/pdnd/pdnd.c.obj
                0x00000000100007dc                pdnd_enable_buffers
 .text.pdnd_display_create
                0x00000000100007f0      0x144 CMakeFiles/pdnd_airtag.dir/pdnd/pdnd_display.c.obj
                0x00000000100007f0                pdnd_display_create
 .text.pdnd_display_initialize
                0x0000000010000934       0x1c CMakeFiles/pdnd_airtag.dir/pdnd/pdnd_display.c.obj
                0x0000000010000934                pdnd_display_initialize
 .text.cls      0x0000000010000950       0x20 CMakeFiles/pdnd_airtag.dir/pdnd/pdnd_display.c.obj
                0x0000000010000950                cls
 .text.ssd1306_clear_display
                0x0000000010000970       0x10 CMakeFiles/pdnd_airtag.dir/pdnd/display/ssd1306.c.obj
                0x0000000010000970                ssd1306_clear_display
 .text.ssd1306_display
                0x0000000010000980       0x84 CMakeFiles/pdnd_airtag.dir/pdnd/display/ssd1306.c.obj
                0x0000000010000980                ssd1306_display
 .text.ssd1306_begin
                0x0000000010000a04      0x29c CMakeFiles/pdnd_airtag.dir/pdnd/display/ssd1306.c.obj
                0x0000000010000a04                ssd1306_begin
 .text.gpio_set_function
                0x0000000010000ca0       0x30 CMakeFiles/pdnd_airtag.dir/home/wrongbaud/vss/research/pico/pico-sdk/src/rp2_common/hardware_gpio/gpio.c.obj
                0x0000000010000ca0                gpio_set_function
 .text.gpio_set_pulls
                0x0000000010000cd0       0x30 CMakeFiles/pdnd_airtag.dir/home/wrongbaud/vss/research/pico/pico-sdk/src/rp2_common/hardware_gpio/gpio.c.obj
                0x0000000010000cd0                gpio_set_pulls
 .text.gpio_set_oeover
                0x0000000010000d00       0x24 CMakeFiles/pdnd_airtag.dir/home/wrongbaud/vss/research/pico/pico-sdk/src/rp2_common/hardware_gpio/gpio.c.obj
                0x0000000010000d00                gpio_set_oeover
 .text.gpio_init
                0x0000000010000d24       0x3c CMakeFiles/pdnd_airtag.dir/home/wrongbaud/vss/research/pico/pico-sdk/src/rp2_common/hardware_gpio/gpio.c.obj
                0x0000000010000d24                gpio_init
 .text.hw_claim_lock
                0x0000000010000d60       0x18 CMakeFiles/pdnd_airtag.dir/home/wrongbaud/vss/research/pico/pico-sdk/src/rp2_common/hardware_claim/claim.c.obj
                0x0000000010000d60                hw_claim_lock
 .text.hw_claim_unlock
                0x0000000010000d78       0x14 CMakeFiles/pdnd_airtag.dir/home/wrongbaud/vss/research/pico/pico-sdk/src/rp2_common/hardware_claim/claim.c.obj
                0x0000000010000d78                hw_claim_unlock
 .text.hw_claim_or_assert
                0x0000000010000d8c       0x44 CMakeFiles/pdnd_airtag.dir/home/wrongbaud/vss/research/pico/pico-sdk/src/rp2_common/hardware_claim/claim.c.obj
                0x0000000010000d8c                hw_claim_or_assert
 .text.hw_claim_unused_from_range
                0x0000000010000dd0       0x9c CMakeFiles/pdnd_airtag.dir/home/wrongbaud/vss/research/pico/pico-sdk/src/rp2_common/hardware_claim/claim.c.obj
                0x0000000010000dd0                hw_claim_unused_from_range
 .text.running_on_fpga
                0x0000000010000e6c       0x10 CMakeFiles/pdnd_airtag.dir/home/wrongbaud/vss/research/pico/pico-sdk/src/rp2_common/pico_platform/platform.c.obj
                0x0000000010000e6c                running_on_fpga
 .text.spin_locks_reset
                0x0000000010000e7c       0x1c CMakeFiles/pdnd_airtag.dir/home/wrongbaud/vss/research/pico/pico-sdk/src/rp2_common/hardware_sync/sync.c.obj
                0x0000000010000e7c                spin_locks_reset
 .text.next_striped_spin_lock_num
                0x0000000010000e98       0x18 CMakeFiles/pdnd_airtag.dir/home/wrongbaud/vss/research/pico/pico-sdk/src/rp2_common/hardware_sync/sync.c.obj
                0x0000000010000e98                next_striped_spin_lock_num
 .text.spin_lock_claim_unused
                0x0000000010000eb0       0x20 CMakeFiles/pdnd_airtag.dir/home/wrongbaud/vss/research/pico/pico-sdk/src/rp2_common/hardware_sync/sync.c.obj
                0x0000000010000eb0                spin_lock_claim_unused
 .text.irq_set_enabled
                0x0000000010000ed0       0x24 CMakeFiles/pdnd_airtag.dir/home/wrongbaud/vss/research/pico/pico-sdk/src/rp2_common/hardware_irq/irq.c.obj
                0x0000000010000ed0                irq_set_enabled
 .text.irq_set_pending
                0x0000000010000ef4       0x10 CMakeFiles/pdnd_airtag.dir/home/wrongbaud/vss/research/pico/pico-sdk/src/rp2_common/hardware_irq/irq.c.obj
                0x0000000010000ef4                irq_set_pending
 .text.irq_has_shared_handler
                0x0000000010000f04       0x2c CMakeFiles/pdnd_airtag.dir/home/wrongbaud/vss/research/pico/pico-sdk/src/rp2_common/hardware_irq/irq.c.obj
                0x0000000010000f04                irq_has_shared_handler
 .text.irq_get_vtable_handler
                0x0000000010000f30       0x10 CMakeFiles/pdnd_airtag.dir/home/wrongbaud/vss/research/pico/pico-sdk/src/rp2_common/hardware_irq/irq.c.obj
                0x0000000010000f30                irq_get_vtable_handler
 .text.irq_set_exclusive_handler
                0x0000000010000f40       0x54 CMakeFiles/pdnd_airtag.dir/home/wrongbaud/vss/research/pico/pico-sdk/src/rp2_common/hardware_irq/irq.c.obj
                0x0000000010000f40                irq_set_exclusive_handler
 .text.irq_add_shared_handler
                0x0000000010000f94      0x1e4 CMakeFiles/pdnd_airtag.dir/home/wrongbaud/vss/research/pico/pico-sdk/src/rp2_common/hardware_irq/irq.c.obj
                0x0000000010000f94                irq_add_shared_handler
 .text.irq_remove_handler
                0x0000000010001178      0x1b4 CMakeFiles/pdnd_airtag.dir/home/wrongbaud/vss/research/pico/pico-sdk/src/rp2_common/hardware_irq/irq.c.obj
                0x0000000010001178                irq_remove_handler
 .text.irq_add_tail_to_free_list
                0x000000001000132c       0xb4 CMakeFiles/pdnd_airtag.dir/home/wrongbaud/vss/research/pico/pico-sdk/src/rp2_common/hardware_irq/irq.c.obj
                0x000000001000132c                irq_add_tail_to_free_list
 .text.irq_init_priorities
                0x00000000100013e0       0x24 CMakeFiles/pdnd_airtag.dir/home/wrongbaud/vss/research/pico/pico-sdk/src/rp2_common/hardware_irq/irq.c.obj
                0x00000000100013e0                irq_init_priorities
 .text.user_irq_claim_unused
                0x0000000010001404       0x30 CMakeFiles/pdnd_airtag.dir/home/wrongbaud/vss/research/pico/pico-sdk/src/rp2_common/hardware_irq/irq.c.obj
                0x0000000010001404                user_irq_claim_unused
 .text.lock_init
                0x0000000010001434       0x10 CMakeFiles/pdnd_airtag.dir/home/wrongbaud/vss/research/pico/pico-sdk/src/common/pico_sync/lock_core.c.obj
                0x0000000010001434                lock_init
 .text.timer_pool_entry_comparator
                0x0000000010001444       0x34 CMakeFiles/pdnd_airtag.dir/home/wrongbaud/vss/research/pico/pico-sdk/src/common/pico_time/time.c.obj
                0x0000000010001444                timer_pool_entry_comparator
 .text.sleep_until_callback
                0x0000000010001478       0x30 CMakeFiles/pdnd_airtag.dir/home/wrongbaud/vss/research/pico/pico-sdk/src/common/pico_time/time.c.obj
 .text.add_alarm_under_lock.isra.0
                0x00000000100014a8      0x100 CMakeFiles/pdnd_airtag.dir/home/wrongbaud/vss/research/pico/pico-sdk/src/common/pico_time/time.c.obj
 .text.alarm_pool_alarm_callback
                0x00000000100015a8      0x1c8 CMakeFiles/pdnd_airtag.dir/home/wrongbaud/vss/research/pico/pico-sdk/src/common/pico_time/time.c.obj
 .text.alarm_pool_add_alarm_at.constprop.0
                0x0000000010001770      0x11c CMakeFiles/pdnd_airtag.dir/home/wrongbaud/vss/research/pico/pico-sdk/src/common/pico_time/time.c.obj
 .text.alarm_pool_init_default
                0x000000001000188c       0x64 CMakeFiles/pdnd_airtag.dir/home/wrongbaud/vss/research/pico/pico-sdk/src/common/pico_time/time.c.obj
                0x000000001000188c                alarm_pool_init_default
 .text.alarm_pool_get_default
                0x00000000100018f0        0x8 CMakeFiles/pdnd_airtag.dir/home/wrongbaud/vss/research/pico/pico-sdk/src/common/pico_time/time.c.obj
                0x00000000100018f0                alarm_pool_get_default
 .text.alarm_pool_add_alarm_at
                0x00000000100018f8      0x194 CMakeFiles/pdnd_airtag.dir/home/wrongbaud/vss/research/pico/pico-sdk/src/common/pico_time/time.c.obj
                0x00000000100018f8                alarm_pool_add_alarm_at
 .text.sleep_until
                0x0000000010001a8c       0xac CMakeFiles/pdnd_airtag.dir/home/wrongbaud/vss/research/pico/pico-sdk/src/common/pico_time/time.c.obj
                0x0000000010001a8c                sleep_until
 .text.sleep_ms
                0x0000000010001b38       0x38 CMakeFiles/pdnd_airtag.dir/home/wrongbaud/vss/research/pico/pico-sdk/src/common/pico_time/time.c.obj
                0x0000000010001b38                sleep_ms
 .text.best_effort_wfe_or_timeout
                0x0000000010001b70       0xd4 CMakeFiles/pdnd_airtag.dir/home/wrongbaud/vss/research/pico/pico-sdk/src/common/pico_time/time.c.obj
                0x0000000010001b70                best_effort_wfe_or_timeout
 .text.hardware_alarm_irq_handler
                0x0000000010001c44       0xb8 CMakeFiles/pdnd_airtag.dir/home/wrongbaud/vss/research/pico/pico-sdk/src/rp2_common/hardware_timer/timer.c.obj
 .text.hardware_alarm_claim
                0x0000000010001cfc       0x18 CMakeFiles/pdnd_airtag.dir/home/wrongbaud/vss/research/pico/pico-sdk/src/rp2_common/hardware_timer/timer.c.obj
                0x0000000010001cfc                hardware_alarm_claim
 .text.time_us_64
                0x0000000010001d14       0x14 CMakeFiles/pdnd_airtag.dir/home/wrongbaud/vss/research/pico/pico-sdk/src/rp2_common/hardware_timer/timer.c.obj
                0x0000000010001d14                time_us_64
 .text.busy_wait_us
                0x0000000010001d28       0x54 CMakeFiles/pdnd_airtag.dir/home/wrongbaud/vss/research/pico/pico-sdk/src/rp2_common/hardware_timer/timer.c.obj
                0x0000000010001d28                busy_wait_us
 .text.busy_wait_until
                0x0000000010001d7c       0x20 CMakeFiles/pdnd_airtag.dir/home/wrongbaud/vss/research/pico/pico-sdk/src/rp2_common/hardware_timer/timer.c.obj
                0x0000000010001d7c                busy_wait_until
 .text.hardware_alarm_set_callback
                0x0000000010001d9c       0x8c CMakeFiles/pdnd_airtag.dir/home/wrongbaud/vss/research/pico/pico-sdk/src/rp2_common/hardware_timer/timer.c.obj
                0x0000000010001d9c                hardware_alarm_set_callback
 .text.hardware_alarm_set_target
                0x0000000010001e28       0xe0 CMakeFiles/pdnd_airtag.dir/home/wrongbaud/vss/research/pico/pico-sdk/src/rp2_common/hardware_timer/timer.c.obj
                0x0000000010001e28                hardware_alarm_set_target
 .text.hardware_alarm_cancel
                0x0000000010001f08       0x3c CMakeFiles/pdnd_airtag.dir/home/wrongbaud/vss/research/pico/pico-sdk/src/rp2_common/hardware_timer/timer.c.obj
                0x0000000010001f08                hardware_alarm_cancel
 .text.ph_merge_nodes
                0x0000000010001f44       0x68 CMakeFiles/pdnd_airtag.dir/home/wrongbaud/vss/research/pico/pico-sdk/src/common/pico_util/pheap.c.obj
 .text.ph_post_alloc_init
                0x0000000010001fac       0x3c CMakeFiles/pdnd_airtag.dir/home/wrongbaud/vss/research/pico/pico-sdk/src/common/pico_util/pheap.c.obj
                0x0000000010001fac                ph_post_alloc_init
 .text.ph_merge_two_pass
                0x0000000010001fe8       0x90 CMakeFiles/pdnd_airtag.dir/home/wrongbaud/vss/research/pico/pico-sdk/src/common/pico_util/pheap.c.obj
                0x0000000010001fe8                ph_merge_two_pass
 .text.ph_remove_any_head
                0x0000000010002078       0xf8 CMakeFiles/pdnd_airtag.dir/home/wrongbaud/vss/research/pico/pico-sdk/src/common/pico_util/pheap.c.obj
 .text.ph_remove_head
                0x0000000010002170       0xfc CMakeFiles/pdnd_airtag.dir/home/wrongbaud/vss/research/pico/pico-sdk/src/common/pico_util/pheap.c.obj
                0x0000000010002170                ph_remove_head
 .text.ph_remove_and_free_node
                0x000000001000226c       0x7c CMakeFiles/pdnd_airtag.dir/home/wrongbaud/vss/research/pico/pico-sdk/src/common/pico_util/pheap.c.obj
                0x000000001000226c                ph_remove_and_free_node
 .text.mutex_init
                0x00000000100022e8       0x1c CMakeFiles/pdnd_airtag.dir/home/wrongbaud/vss/research/pico/pico-sdk/src/common/pico_sync/mutex.c.obj
                0x00000000100022e8                mutex_init
 .text.recursive_mutex_init
                0x0000000010002304       0x1c CMakeFiles/pdnd_airtag.dir/home/wrongbaud/vss/research/pico/pico-sdk/src/common/pico_sync/mutex.c.obj
                0x0000000010002304                recursive_mutex_init
 .text.critical_section_init
                0x0000000010002320       0x20 CMakeFiles/pdnd_airtag.dir/home/wrongbaud/vss/research/pico/pico-sdk/src/common/pico_sync/critical_section.c.obj
                0x0000000010002320                critical_section_init
 .text.runtime_init
                0x0000000010002340       0xf0 CMakeFiles/pdnd_airtag.dir/home/wrongbaud/vss/research/pico/pico-sdk/src/rp2_common/pico_runtime/runtime.c.obj
                0x0000000010002340                runtime_init
 .text._sbrk    0x0000000010002430       0x34 CMakeFiles/pdnd_airtag.dir/home/wrongbaud/vss/research/pico/pico-sdk/src/rp2_common/pico_runtime/runtime.c.obj
                0x0000000010002430                _sbrk
 .text.exit     0x0000000010002464        0x4 CMakeFiles/pdnd_airtag.dir/home/wrongbaud/vss/research/pico/pico-sdk/src/rp2_common/pico_runtime/runtime.c.obj
                0x0000000010002464                exit
 .text.panic    0x0000000010002468       0x30 CMakeFiles/pdnd_airtag.dir/home/wrongbaud/vss/research/pico/pico-sdk/src/rp2_common/pico_runtime/runtime.c.obj
                0x0000000010002468                panic
 .text.hard_assertion_failure
                0x0000000010002498        0xc CMakeFiles/pdnd_airtag.dir/home/wrongbaud/vss/research/pico/pico-sdk/src/rp2_common/pico_runtime/runtime.c.obj
                0x0000000010002498                hard_assertion_failure
 .text.clocks_init
                0x00000000100024a4      0x2bc CMakeFiles/pdnd_airtag.dir/home/wrongbaud/vss/research/pico/pico-sdk/src/rp2_common/hardware_clocks/clocks.c.obj
                0x00000000100024a4                clocks_init
 .text.clock_get_hz
                0x0000000010002760        0xc CMakeFiles/pdnd_airtag.dir/home/wrongbaud/vss/research/pico/pico-sdk/src/rp2_common/hardware_clocks/clocks.c.obj
                0x0000000010002760                clock_get_hz
 .text.pll_init
                0x000000001000276c       0xb0 CMakeFiles/pdnd_airtag.dir/home/wrongbaud/vss/research/pico/pico-sdk/src/rp2_common/hardware_pll/pll.c.obj
                0x000000001000276c                pll_init
 .text.watchdog_start_tick
                0x000000001000281c       0x10 CMakeFiles/pdnd_airtag.dir/home/wrongbaud/vss/research/pico/pico-sdk/src/rp2_common/hardware_watchdog/watchdog.c.obj
                0x000000001000281c                watchdog_start_tick
 .text.watchdog_reboot
                0x000000001000282c       0x98 CMakeFiles/pdnd_airtag.dir/home/wrongbaud/vss/research/pico/pico-sdk/src/rp2_common/hardware_watchdog/watchdog.c.obj
                0x000000001000282c                watchdog_reboot
 .text.xosc_init
                0x00000000100028c4       0x28 CMakeFiles/pdnd_airtag.dir/home/wrongbaud/vss/research/pico/pico-sdk/src/rp2_common/hardware_xosc/xosc.c.obj
                0x00000000100028c4                xosc_init
 .text._out_null
                0x00000000100028ec        0x4 CMakeFiles/pdnd_airtag.dir/home/wrongbaud/vss/research/pico/pico-sdk/src/rp2_common/pico_printf/printf.c.obj
 .text._out_rev
                0x00000000100028f0       0x9c CMakeFiles/pdnd_airtag.dir/home/wrongbaud/vss/research/pico/pico-sdk/src/rp2_common/pico_printf/printf.c.obj
 .text._ntoa_format
                0x000000001000298c      0x1cc CMakeFiles/pdnd_airtag.dir/home/wrongbaud/vss/research/pico/pico-sdk/src/rp2_common/pico_printf/printf.c.obj
 .text._out_char
                0x0000000010002b58       0x10 CMakeFiles/pdnd_airtag.dir/home/wrongbaud/vss/research/pico/pico-sdk/src/rp2_common/pico_printf/printf.c.obj
 .text._out_fct
                0x0000000010002b68       0x10 CMakeFiles/pdnd_airtag.dir/home/wrongbaud/vss/research/pico/pico-sdk/src/rp2_common/pico_printf/printf.c.obj
 .text._etoa    0x0000000010002b78      0x44c CMakeFiles/pdnd_airtag.dir/home/wrongbaud/vss/research/pico/pico-sdk/src/rp2_common/pico_printf/printf.c.obj
 .text._ftoa    0x0000000010002fc4      0x398 CMakeFiles/pdnd_airtag.dir/home/wrongbaud/vss/research/pico/pico-sdk/src/rp2_common/pico_printf/printf.c.obj
 .text._vsnprintf
                0x000000001000335c      0xb04 CMakeFiles/pdnd_airtag.dir/home/wrongbaud/vss/research/pico/pico-sdk/src/rp2_common/pico_printf/printf.c.obj
 .text.vfctprintf
                0x0000000010003e60       0x20 CMakeFiles/pdnd_airtag.dir/home/wrongbaud/vss/research/pico/pico-sdk/src/rp2_common/pico_printf/printf.c.obj
                0x0000000010003e60                vfctprintf
 .text.weak_raw_vprintf
                0x0000000010003e80       0x30 CMakeFiles/pdnd_airtag.dir/home/wrongbaud/vss/research/pico/pico-sdk/src/rp2_common/pico_printf/printf.c.obj
                0x0000000010003e80                weak_raw_vprintf
 .text          0x0000000010003eb0       0x10 CMakeFiles/pdnd_airtag.dir/home/wrongbaud/vss/research/pico/pico-sdk/src/rp2_common/pico_bit_ops/bit_ops_aeabi.S.obj
 .text.ctzsi    0x0000000010003ec0        0xc CMakeFiles/pdnd_airtag.dir/home/wrongbaud/vss/research/pico/pico-sdk/src/rp2_common/pico_bit_ops/bit_ops_aeabi.S.obj
                0x0000000010003ec0                __wrap___ctzsi2
 .text.rom_func_lookup
                0x0000000010003ecc       0x10 CMakeFiles/pdnd_airtag.dir/home/wrongbaud/vss/research/pico/pico-sdk/src/rp2_common/pico_bootrom/bootrom.c.obj
                0x0000000010003ecc                rom_func_lookup
 .text.rom_data_lookup
                0x0000000010003edc       0x10 CMakeFiles/pdnd_airtag.dir/home/wrongbaud/vss/research/pico/pico-sdk/src/rp2_common/pico_bootrom/bootrom.c.obj
                0x0000000010003edc                rom_data_lookup
 .text.rom_funcs_lookup
                0x0000000010003eec       0x44 CMakeFiles/pdnd_airtag.dir/home/wrongbaud/vss/research/pico/pico-sdk/src/rp2_common/pico_bootrom/bootrom.c.obj
                0x0000000010003eec                rom_funcs_lookup
 .text.__wrap___aeabi_idiv
                0x0000000010003f30       0x50 CMakeFiles/pdnd_airtag.dir/home/wrongbaud/vss/research/pico/pico-sdk/src/rp2_common/pico_divider/divider.S.obj
                0x0000000010003f30                __wrap___aeabi_idivmod
                0x0000000010003f30                divmod_s32s32
                0x0000000010003f30                div_s32s32
                0x0000000010003f30                __wrap___aeabi_idiv
                0x0000000010003f38                divmod_s32s32_unsafe
                0x0000000010003f64                divmod_s32s32_savestate
 .text.__wrap___aeabi_uidiv
                0x0000000010003f80       0x4c CMakeFiles/pdnd_airtag.dir/home/wrongbaud/vss/research/pico/pico-sdk/src/rp2_common/pico_divider/divider.S.obj
                0x0000000010003f80                __wrap___aeabi_uidiv
                0x0000000010003f80                __wrap___aeabi_uidivmod
                0x0000000010003f80                div_u32u32
                0x0000000010003f80                divmod_u32u32
                0x0000000010003f88                divmod_u32u32_unsafe
                0x0000000010003fb0                divmod_u32u32_savestate
 .text.__wrap___aeabi_ldiv
                0x0000000010003fcc      0x434 CMakeFiles/pdnd_airtag.dir/home/wrongbaud/vss/research/pico/pico-sdk/src/rp2_common/pico_divider/divider.S.obj
                0x0000000010003fcc                div_s64s64
                0x0000000010003fcc                divmod_s64s64
                0x0000000010003fcc                __wrap___aeabi_ldivmod
                0x0000000010004004                div_u64u64
                0x0000000010004004                divmod_u64u64
                0x0000000010004004                __wrap___aeabi_uldivmod
                0x0000000010004014                divmod_u64u64_savestate
                0x000000001000403c                divmod_s64s64_unsafe
                0x00000000100040c4                divmod_u64u64_unsafe
 .text.__wrap___aeabi_darithmetic
                0x0000000010004400       0x80 CMakeFiles/pdnd_airtag.dir/home/wrongbaud/vss/research/pico/pico-sdk/src/rp2_common/pico_double/double_aeabi.S.obj
                0x0000000010004400                __wrap___aeabi_drsub
                0x0000000010004406                __wrap___aeabi_dsub
                0x0000000010004418                __wrap___aeabi_dadd
                0x000000001000442a                __wrap___aeabi_ddiv
                0x0000000010004466                __wrap___aeabi_dmul
 .text.__wrap___aeabi_cdcmple
                0x0000000010004480       0x6c CMakeFiles/pdnd_airtag.dir/home/wrongbaud/vss/research/pico/pico-sdk/src/rp2_common/pico_double/double_aeabi.S.obj
                0x0000000010004480                __wrap___aeabi_cdrcmple
                0x0000000010004490                __wrap___aeabi_cdcmple
                0x0000000010004490                __wrap___aeabi_cdcmpeq
 .text.__wrap___aeabi_dcmplt
                0x00000000100044ec        0xc CMakeFiles/pdnd_airtag.dir/home/wrongbaud/vss/research/pico/pico-sdk/src/rp2_common/pico_double/double_aeabi.S.obj
                0x00000000100044ec                __wrap___aeabi_dcmplt
 .text.__wrap___aeabi_dcmple
                0x00000000100044f8       0x10 CMakeFiles/pdnd_airtag.dir/home/wrongbaud/vss/research/pico/pico-sdk/src/rp2_common/pico_double/double_aeabi.S.obj
                0x00000000100044f8                __wrap___aeabi_dcmple
 .text.__wrap___aeabi_dcmpge
                0x0000000010004508       0x10 CMakeFiles/pdnd_airtag.dir/home/wrongbaud/vss/research/pico/pico-sdk/src/rp2_common/pico_double/double_aeabi.S.obj
                0x0000000010004508                __wrap___aeabi_dcmpge
 .text.__wrap___aeabi_dcmpgt
                0x0000000010004518        0xa CMakeFiles/pdnd_airtag.dir/home/wrongbaud/vss/research/pico/pico-sdk/src/rp2_common/pico_double/double_aeabi.S.obj
                0x0000000010004518                __wrap___aeabi_dcmpgt
 .text.__wrap___aeabi_dcmpun
                0x0000000010004522       0x1c CMakeFiles/pdnd_airtag.dir/home/wrongbaud/vss/research/pico/pico-sdk/src/rp2_common/pico_double/double_aeabi.S.obj
                0x0000000010004522                __wrap___aeabi_dcmpun
 *fill*         0x000000001000453e        0x2 
 .text.__wrap___aeabi_i2d
                0x0000000010004540       0x38 CMakeFiles/pdnd_airtag.dir/home/wrongbaud/vss/research/pico/pico-sdk/src/rp2_common/pico_double/double_aeabi.S.obj
                0x0000000010004540                __wrap___aeabi_ui2d
                0x0000000010004548                __wrap___aeabi_i2d
 .text.__wrap___aeabi_d2iz
                0x0000000010004578       0x48 CMakeFiles/pdnd_airtag.dir/home/wrongbaud/vss/research/pico/pico-sdk/src/rp2_common/pico_double/double_aeabi.S.obj
                0x0000000010004578                __wrap___aeabi_d2iz
                0x0000000010004578                double2int_z
 .text.__wrap___aeabi_d2uiz
                0x00000000100045c0       0x18 CMakeFiles/pdnd_airtag.dir/home/wrongbaud/vss/research/pico/pico-sdk/src/rp2_common/pico_double/double_aeabi.S.obj
                0x00000000100045c0                double2uint
                0x00000000100045c0                __wrap___aeabi_d2uiz
 .text.__aeabi_double_init
                0x00000000100045d8       0x94 CMakeFiles/pdnd_airtag.dir/home/wrongbaud/vss/research/pico/pico-sdk/src/rp2_common/pico_double/double_init_rom.c.obj
                0x00000000100045d8                __aeabi_double_init
 .text.double_table_shim_on_use_helper
                0x000000001000466c       0x2c CMakeFiles/pdnd_airtag.dir/home/wrongbaud/vss/research/pico/pico-sdk/src/rp2_common/pico_double/double_v1_rom_shim.S.obj
                0x000000001000466c                double_table_shim_on_use_helper
 .text.__wrap___aeabi_dsub
                0x0000000010004698       0x10 CMakeFiles/pdnd_airtag.dir/home/wrongbaud/vss/research/pico/pico-sdk/src/rp2_common/pico_double/double_v1_rom_shim.S.obj
                0x0000000010004698                drsub_shim
                0x000000001000469e                dsub_shim
 .text.dadd_shim
                0x00000000100046a8      0x15c CMakeFiles/pdnd_airtag.dir/home/wrongbaud/vss/research/pico/pico-sdk/src/rp2_common/pico_double/double_v1_rom_shim.S.obj
                0x00000000100046a8                dadd_shim
 .text.dmul_shim
                0x0000000010004804      0x15c CMakeFiles/pdnd_airtag.dir/home/wrongbaud/vss/research/pico/pico-sdk/src/rp2_common/pico_double/double_v1_rom_shim.S.obj
                0x0000000010004804                dmul_shim
 .text.ddiv_shim
                0x0000000010004960      0x1b0 CMakeFiles/pdnd_airtag.dir/home/wrongbaud/vss/research/pico/pico-sdk/src/rp2_common/pico_double/double_v1_rom_shim.S.obj
                0x0000000010004960                ddiv_shim
 .text.double2uint_shim
                0x0000000010004b10        0xe CMakeFiles/pdnd_airtag.dir/home/wrongbaud/vss/research/pico/pico-sdk/src/rp2_common/pico_double/double_v1_rom_shim.S.obj
                0x0000000010004b10                double2uint_shim
                0x0000000010004b12                double2ufix_shim
 *fill*         0x0000000010004b1e        0x2 
 .text.double2uint64_shim
                0x0000000010004b20       0x70 CMakeFiles/pdnd_airtag.dir/home/wrongbaud/vss/research/pico/pico-sdk/src/rp2_common/pico_double/double_v1_rom_shim.S.obj
                0x0000000010004b20                double2uint64_shim
                0x0000000010004b22                double2ufix64_shim
                0x0000000010004b42                d2fix_a
 .text.dunpacks
                0x0000000010004b90       0x3c CMakeFiles/pdnd_airtag.dir/home/wrongbaud/vss/research/pico/pico-sdk/src/rp2_common/pico_double/double_v1_rom_shim.S.obj
                0x0000000010004b90                dunpacks
 .text.__aeabi_lmul
                0x0000000010004bcc       0x32 CMakeFiles/pdnd_airtag.dir/home/wrongbaud/vss/research/pico/pico-sdk/src/rp2_common/pico_int64_ops/pico_int64_ops_aeabi.S.obj
                0x0000000010004bcc                __wrap___aeabi_lmul
 *fill*         0x0000000010004bfe        0x2 
 .text.__wrap___aeabi_farithmetic
                0x0000000010004c00       0x48 CMakeFiles/pdnd_airtag.dir/home/wrongbaud/vss/research/pico/pico-sdk/src/rp2_common/pico_float/float_aeabi.S.obj
                0x0000000010004c00                __wrap___aeabi_frsub
                0x0000000010004c06                __wrap___aeabi_fsub
                0x0000000010004c0c                __wrap___aeabi_fadd
                0x0000000010004c12                __wrap___aeabi_fdiv
                0x0000000010004c3a                __wrap___aeabi_fmul
 .text.__wrap___aeabi_ui2f
                0x0000000010004c48        0xa CMakeFiles/pdnd_airtag.dir/home/wrongbaud/vss/research/pico/pico-sdk/src/rp2_common/pico_float/float_aeabi.S.obj
                0x0000000010004c48                __wrap___aeabi_ui2f
 *fill*         0x0000000010004c52        0x2 
 .text.__wrap___aeabi_i2f
                0x0000000010004c54       0x44 CMakeFiles/pdnd_airtag.dir/home/wrongbaud/vss/research/pico/pico-sdk/src/rp2_common/pico_float/float_aeabi.S.obj
                0x0000000010004c54                __wrap___aeabi_i2f
 .text.__wrap___aeabi_f2uiz
                0x0000000010004c98        0xc CMakeFiles/pdnd_airtag.dir/home/wrongbaud/vss/research/pico/pico-sdk/src/rp2_common/pico_float/float_aeabi.S.obj
                0x0000000010004c98                __wrap___aeabi_f2uiz
 .text.__aeabi_float_init
                0x0000000010004ca4       0x64 CMakeFiles/pdnd_airtag.dir/home/wrongbaud/vss/research/pico/pico-sdk/src/rp2_common/pico_float/float_init_rom.c.obj
                0x0000000010004ca4                __aeabi_float_init
 .text.float_table_shim_on_use_helper
                0x0000000010004d08       0x2c CMakeFiles/pdnd_airtag.dir/home/wrongbaud/vss/research/pico/pico-sdk/src/rp2_common/pico_float/float_v1_rom_shim.S.obj
                0x0000000010004d08                float_table_shim_on_use_helper
 .text.__wrap_malloc
                0x0000000010004d34       0x24 CMakeFiles/pdnd_airtag.dir/home/wrongbaud/vss/research/pico/pico-sdk/src/rp2_common/pico_malloc/pico_malloc.c.obj
                0x0000000010004d34                __wrap_malloc
 .text.__wrap_calloc
                0x0000000010004d58       0x24 CMakeFiles/pdnd_airtag.dir/home/wrongbaud/vss/research/pico/pico-sdk/src/rp2_common/pico_malloc/pico_malloc.c.obj
                0x0000000010004d58                __wrap_calloc
 .text.__wrap_free
                0x0000000010004d7c        0x8 CMakeFiles/pdnd_airtag.dir/home/wrongbaud/vss/research/pico/pico-sdk/src/rp2_common/pico_malloc/pico_malloc.c.obj
                0x0000000010004d7c                __wrap_free
 .text          0x0000000010004d84       0x10 CMakeFiles/pdnd_airtag.dir/home/wrongbaud/vss/research/pico/pico-sdk/src/rp2_common/pico_mem_ops/mem_ops_aeabi.S.obj
                0x0000000010004d84                __aeabi_mem_init
 .text.memset   0x0000000010004d94        0xc CMakeFiles/pdnd_airtag.dir/home/wrongbaud/vss/research/pico/pico-sdk/src/rp2_common/pico_mem_ops/mem_ops_aeabi.S.obj
                0x0000000010004d94                __wrap_memset
 .text.memcpy   0x0000000010004da0        0xc CMakeFiles/pdnd_airtag.dir/home/wrongbaud/vss/research/pico/pico-sdk/src/rp2_common/pico_mem_ops/mem_ops_aeabi.S.obj
                0x0000000010004da0                __wrap___aeabi_memcpy
                0x0000000010004da0                __wrap_memcpy
 .text.stdio_out_chars_no_crlf
                0x0000000010004dac       0x10 CMakeFiles/pdnd_airtag.dir/home/wrongbaud/vss/research/pico/pico-sdk/src/rp2_common/pico_stdio/stdio.c.obj
 .text.stdio_out_chars_crlf
                0x0000000010004dbc       0xb4 CMakeFiles/pdnd_airtag.dir/home/wrongbaud/vss/research/pico/pico-sdk/src/rp2_common/pico_stdio/stdio.c.obj
 .text.stdio_buffered_printer
                0x0000000010004e70       0x64 CMakeFiles/pdnd_airtag.dir/home/wrongbaud/vss/research/pico/pico-sdk/src/rp2_common/pico_stdio/stdio.c.obj
 .text.stdio_put_string.isra.0
                0x0000000010004ed4       0xfc CMakeFiles/pdnd_airtag.dir/home/wrongbaud/vss/research/pico/pico-sdk/src/rp2_common/pico_stdio/stdio.c.obj
 .text.__wrap_putchar
                0x0000000010004fd0       0xa0 CMakeFiles/pdnd_airtag.dir/home/wrongbaud/vss/research/pico/pico-sdk/src/rp2_common/pico_stdio/stdio.c.obj
                0x0000000010004fd0                __wrap_putchar
 .text.__wrap_puts
                0x0000000010005070       0x3c CMakeFiles/pdnd_airtag.dir/home/wrongbaud/vss/research/pico/pico-sdk/src/rp2_common/pico_stdio/stdio.c.obj
                0x0000000010005070                __wrap_puts
 .text._read    0x00000000100050ac       0x94 CMakeFiles/pdnd_airtag.dir/home/wrongbaud/vss/research/pico/pico-sdk/src/rp2_common/pico_stdio/stdio.c.obj
                0x00000000100050ac                _read
 .text._write   0x0000000010005140       0xb0 CMakeFiles/pdnd_airtag.dir/home/wrongbaud/vss/research/pico/pico-sdk/src/rp2_common/pico_stdio/stdio.c.obj
                0x0000000010005140                _write
 .text.stdio_set_driver_enabled
                0x00000000100051f0       0x30 CMakeFiles/pdnd_airtag.dir/home/wrongbaud/vss/research/pico/pico-sdk/src/rp2_common/pico_stdio/stdio.c.obj
                0x00000000100051f0                stdio_set_driver_enabled
 .text.__wrap_vprintf
                0x0000000010005220       0xd8 CMakeFiles/pdnd_airtag.dir/home/wrongbaud/vss/research/pico/pico-sdk/src/rp2_common/pico_stdio/stdio.c.obj
                0x0000000010005220                __wrap_vprintf
 .text.__wrap_printf
                0x00000000100052f8       0x18 CMakeFiles/pdnd_airtag.dir/home/wrongbaud/vss/research/pico/pico-sdk/src/rp2_common/pico_stdio/stdio.c.obj
                0x00000000100052f8                __wrap_printf
 .text.stdio_init_all
                0x0000000010005310        0x8 CMakeFiles/pdnd_airtag.dir/home/wrongbaud/vss/research/pico/pico-sdk/src/rp2_common/pico_stdio/stdio.c.obj
                0x0000000010005310                stdio_init_all
 .text.__wrap_getchar
                0x0000000010005318       0x74 CMakeFiles/pdnd_airtag.dir/home/wrongbaud/vss/research/pico/pico-sdk/src/rp2_common/pico_stdio/stdio.c.obj
                0x0000000010005318                __wrap_getchar
 .text.stdio_set_translate_crlf
                0x000000001000538c       0x10 CMakeFiles/pdnd_airtag.dir/home/wrongbaud/vss/research/pico/pico-sdk/src/rp2_common/pico_stdio/stdio.c.obj
                0x000000001000538c                stdio_set_translate_crlf
 .text.resetd_init
                0x000000001000539c        0x4 CMakeFiles/pdnd_airtag.dir/home/wrongbaud/vss/research/pico/pico-sdk/src/rp2_common/pico_stdio_usb/reset_interface.c.obj
 .text.resetd_reset
                0x00000000100053a0        0xc CMakeFiles/pdnd_airtag.dir/home/wrongbaud/vss/research/pico/pico-sdk/src/rp2_common/pico_stdio_usb/reset_interface.c.obj
 .text.resetd_open
                0x00000000100053ac       0x28 CMakeFiles/pdnd_airtag.dir/home/wrongbaud/vss/research/pico/pico-sdk/src/rp2_common/pico_stdio_usb/reset_interface.c.obj
 .text.resetd_xfer_cb
                0x00000000100053d4        0x4 CMakeFiles/pdnd_airtag.dir/home/wrongbaud/vss/research/pico/pico-sdk/src/rp2_common/pico_stdio_usb/reset_interface.c.obj
 .text.resetd_control_xfer_cb
                0x00000000100053d8       0x64 CMakeFiles/pdnd_airtag.dir/home/wrongbaud/vss/research/pico/pico-sdk/src/rp2_common/pico_stdio_usb/reset_interface.c.obj
 .text.usbd_app_driver_get_cb
                0x000000001000543c        0xc CMakeFiles/pdnd_airtag.dir/home/wrongbaud/vss/research/pico/pico-sdk/src/rp2_common/pico_stdio_usb/reset_interface.c.obj
                0x000000001000543c                usbd_app_driver_get_cb
 .text.tud_cdc_line_coding_cb
                0x0000000010005448       0x34 CMakeFiles/pdnd_airtag.dir/home/wrongbaud/vss/research/pico/pico-sdk/src/rp2_common/pico_stdio_usb/reset_interface.c.obj
                0x0000000010005448                tud_cdc_line_coding_cb
 .text.stdio_usb_in_chars
                0x000000001000547c       0x68 CMakeFiles/pdnd_airtag.dir/home/wrongbaud/vss/research/pico/pico-sdk/src/rp2_common/pico_stdio_usb/stdio_usb.c.obj
                0x000000001000547c                stdio_usb_in_chars
 .text.stdio_usb_out_chars
                0x00000000100054e4       0xe4 CMakeFiles/pdnd_airtag.dir/home/wrongbaud/vss/research/pico/pico-sdk/src/rp2_common/pico_stdio_usb/stdio_usb.c.obj
 .text.timer_task
                0x00000000100055c8       0x18 CMakeFiles/pdnd_airtag.dir/home/wrongbaud/vss/research/pico/pico-sdk/src/rp2_common/pico_stdio_usb/stdio_usb.c.obj
 .text.usb_irq  0x00000000100055e0       0x10 CMakeFiles/pdnd_airtag.dir/home/wrongbaud/vss/research/pico/pico-sdk/src/rp2_common/pico_stdio_usb/stdio_usb.c.obj
 .text.low_priority_worker_irq
                0x00000000100055f0       0x24 CMakeFiles/pdnd_airtag.dir/home/wrongbaud/vss/research/pico/pico-sdk/src/rp2_common/pico_stdio_usb/stdio_usb.c.obj
 .text.stdio_usb_init
                0x0000000010005614       0xb0 CMakeFiles/pdnd_airtag.dir/home/wrongbaud/vss/research/pico/pico-sdk/src/rp2_common/pico_stdio_usb/stdio_usb.c.obj
                0x0000000010005614                stdio_usb_init
 .text.tud_descriptor_device_cb
                0x00000000100056c4        0x8 CMakeFiles/pdnd_airtag.dir/home/wrongbaud/vss/research/pico/pico-sdk/src/rp2_common/pico_stdio_usb/stdio_usb_descriptors.c.obj
                0x00000000100056c4                tud_descriptor_device_cb
 .text.tud_descriptor_configuration_cb
                0x00000000100056cc        0x8 CMakeFiles/pdnd_airtag.dir/home/wrongbaud/vss/research/pico/pico-sdk/src/rp2_common/pico_stdio_usb/stdio_usb_descriptors.c.obj
                0x00000000100056cc                tud_descriptor_configuration_cb
 .text.tud_descriptor_string_cb
                0x00000000100056d4       0x74 CMakeFiles/pdnd_airtag.dir/home/wrongbaud/vss/research/pico/pico-sdk/src/rp2_common/pico_stdio_usb/stdio_usb_descriptors.c.obj
                0x00000000100056d4                tud_descriptor_string_cb
 .text.dcd_rp2040_irq
                0x0000000010005748      0x21c CMakeFiles/pdnd_airtag.dir/home/wrongbaud/vss/research/pico/pico-sdk/lib/tinyusb/src/portable/raspberrypi/rp2040/dcd_rp2040.c.obj
 .text.dcd_int_enable
                0x0000000010005964        0xc CMakeFiles/pdnd_airtag.dir/home/wrongbaud/vss/research/pico/pico-sdk/lib/tinyusb/src/portable/raspberrypi/rp2040/dcd_rp2040.c.obj
                0x0000000010005964                dcd_int_enable
 .text.dcd_set_address
                0x0000000010005970       0x14 CMakeFiles/pdnd_airtag.dir/home/wrongbaud/vss/research/pico/pico-sdk/lib/tinyusb/src/portable/raspberrypi/rp2040/dcd_rp2040.c.obj
                0x0000000010005970                dcd_set_address
 .text.dcd_connect
                0x0000000010005984       0x10 CMakeFiles/pdnd_airtag.dir/home/wrongbaud/vss/research/pico/pico-sdk/lib/tinyusb/src/portable/raspberrypi/rp2040/dcd_rp2040.c.obj
                0x0000000010005984                dcd_connect
 .text.dcd_init
                0x0000000010005994      0x144 CMakeFiles/pdnd_airtag.dir/home/wrongbaud/vss/research/pico/pico-sdk/lib/tinyusb/src/portable/raspberrypi/rp2040/dcd_rp2040.c.obj
                0x0000000010005994                dcd_init
 .text.dcd_edpt0_status_complete
                0x0000000010005ad8       0x1c CMakeFiles/pdnd_airtag.dir/home/wrongbaud/vss/research/pico/pico-sdk/lib/tinyusb/src/portable/raspberrypi/rp2040/dcd_rp2040.c.obj
                0x0000000010005ad8                dcd_edpt0_status_complete
 .text.dcd_edpt_open
                0x0000000010005af4       0xf0 CMakeFiles/pdnd_airtag.dir/home/wrongbaud/vss/research/pico/pico-sdk/lib/tinyusb/src/portable/raspberrypi/rp2040/dcd_rp2040.c.obj
                0x0000000010005af4                dcd_edpt_open
 .text.dcd_edpt_close_all
                0x0000000010005be4       0xbc CMakeFiles/pdnd_airtag.dir/home/wrongbaud/vss/research/pico/pico-sdk/lib/tinyusb/src/portable/raspberrypi/rp2040/dcd_rp2040.c.obj
                0x0000000010005be4                dcd_edpt_close_all
 .text.dcd_edpt_xfer
                0x0000000010005ca0       0x24 CMakeFiles/pdnd_airtag.dir/home/wrongbaud/vss/research/pico/pico-sdk/lib/tinyusb/src/portable/raspberrypi/rp2040/dcd_rp2040.c.obj
                0x0000000010005ca0                dcd_edpt_xfer
 .text.dcd_edpt_stall
                0x0000000010005cc4       0x38 CMakeFiles/pdnd_airtag.dir/home/wrongbaud/vss/research/pico/pico-sdk/lib/tinyusb/src/portable/raspberrypi/rp2040/dcd_rp2040.c.obj
                0x0000000010005cc4                dcd_edpt_stall
 .text.dcd_edpt_clear_stall
                0x0000000010005cfc       0x30 CMakeFiles/pdnd_airtag.dir/home/wrongbaud/vss/research/pico/pico-sdk/lib/tinyusb/src/portable/raspberrypi/rp2040/dcd_rp2040.c.obj
                0x0000000010005cfc                dcd_edpt_clear_stall
 .text._hw_endpoint_buffer_control_update32.part.0.isra.0
                0x0000000010005d2c       0x1c CMakeFiles/pdnd_airtag.dir/home/wrongbaud/vss/research/pico/pico-sdk/lib/tinyusb/src/portable/raspberrypi/rp2040/rp2040_usb.c.obj
 .text.rp2040_usb_init
                0x0000000010005d48       0x4c CMakeFiles/pdnd_airtag.dir/home/wrongbaud/vss/research/pico/pico-sdk/lib/tinyusb/src/portable/raspberrypi/rp2040/rp2040_usb.c.obj
                0x0000000010005d48                rp2040_usb_init
 .text.hw_endpoint_reset_transfer
                0x0000000010005d94        0xc CMakeFiles/pdnd_airtag.dir/home/wrongbaud/vss/research/pico/pico-sdk/lib/tinyusb/src/portable/raspberrypi/rp2040/rp2040_usb.c.obj
                0x0000000010005d94                hw_endpoint_reset_transfer
 .text._hw_endpoint_buffer_control_update32
                0x0000000010005da0       0x44 CMakeFiles/pdnd_airtag.dir/home/wrongbaud/vss/research/pico/pico-sdk/lib/tinyusb/src/portable/raspberrypi/rp2040/rp2040_usb.c.obj
                0x0000000010005da0                _hw_endpoint_buffer_control_update32
 .text.hw_endpoint_xfer_start
                0x0000000010005de4      0x138 CMakeFiles/pdnd_airtag.dir/home/wrongbaud/vss/research/pico/pico-sdk/lib/tinyusb/src/portable/raspberrypi/rp2040/rp2040_usb.c.obj
                0x0000000010005de4                hw_endpoint_xfer_start
 .text.hw_endpoint_xfer_continue
                0x0000000010005f1c      0x1e4 CMakeFiles/pdnd_airtag.dir/home/wrongbaud/vss/research/pico/pico-sdk/lib/tinyusb/src/portable/raspberrypi/rp2040/rp2040_usb.c.obj
                0x0000000010005f1c                hw_endpoint_xfer_continue
 .text.tud_mounted
                0x0000000010006100       0x10 CMakeFiles/pdnd_airtag.dir/home/wrongbaud/vss/research/pico/pico-sdk/lib/tinyusb/src/device/usbd.c.obj
                0x0000000010006100                tud_mounted
 .text.tud_suspended
                0x0000000010006110       0x10 CMakeFiles/pdnd_airtag.dir/home/wrongbaud/vss/research/pico/pico-sdk/lib/tinyusb/src/device/usbd.c.obj
                0x0000000010006110                tud_suspended
 .text.tud_inited
                0x0000000010006120        0xc CMakeFiles/pdnd_airtag.dir/home/wrongbaud/vss/research/pico/pico-sdk/lib/tinyusb/src/device/usbd.c.obj
                0x0000000010006120                tud_inited
 .text.tud_init
                0x000000001000612c       0xd8 CMakeFiles/pdnd_airtag.dir/home/wrongbaud/vss/research/pico/pico-sdk/lib/tinyusb/src/device/usbd.c.obj
                0x000000001000612c                tud_init
 .text.tud_task
                0x0000000010006204      0x8ec CMakeFiles/pdnd_airtag.dir/home/wrongbaud/vss/research/pico/pico-sdk/lib/tinyusb/src/device/usbd.c.obj
                0x0000000010006204                tud_task
 .text.dcd_event_bus_signal
                0x0000000010006af0      0x120 CMakeFiles/pdnd_airtag.dir/home/wrongbaud/vss/research/pico/pico-sdk/lib/tinyusb/src/device/usbd.c.obj
                0x0000000010006af0                dcd_event_bus_signal
 .text.dcd_event_bus_reset
                0x0000000010006c10       0x54 CMakeFiles/pdnd_airtag.dir/home/wrongbaud/vss/research/pico/pico-sdk/lib/tinyusb/src/device/usbd.c.obj
                0x0000000010006c10                dcd_event_bus_reset
 .text.dcd_event_setup_received
                0x0000000010006c64       0x50 CMakeFiles/pdnd_airtag.dir/home/wrongbaud/vss/research/pico/pico-sdk/lib/tinyusb/src/device/usbd.c.obj
                0x0000000010006c64                dcd_event_setup_received
 .text.dcd_event_xfer_complete
                0x0000000010006cb4       0x68 CMakeFiles/pdnd_airtag.dir/home/wrongbaud/vss/research/pico/pico-sdk/lib/tinyusb/src/device/usbd.c.obj
                0x0000000010006cb4                dcd_event_xfer_complete
 .text.usbd_open_edpt_pair
                0x0000000010006d1c       0x80 CMakeFiles/pdnd_airtag.dir/home/wrongbaud/vss/research/pico/pico-sdk/lib/tinyusb/src/device/usbd.c.obj
                0x0000000010006d1c                usbd_open_edpt_pair
 .text.usbd_edpt_open
                0x0000000010006d9c       0x30 CMakeFiles/pdnd_airtag.dir/home/wrongbaud/vss/research/pico/pico-sdk/lib/tinyusb/src/device/usbd.c.obj
                0x0000000010006d9c                usbd_edpt_open
 .text.usbd_edpt_claim
                0x0000000010006dcc       0x64 CMakeFiles/pdnd_airtag.dir/home/wrongbaud/vss/research/pico/pico-sdk/lib/tinyusb/src/device/usbd.c.obj
                0x0000000010006dcc                usbd_edpt_claim
 .text.usbd_edpt_release
                0x0000000010006e30       0x4c CMakeFiles/pdnd_airtag.dir/home/wrongbaud/vss/research/pico/pico-sdk/lib/tinyusb/src/device/usbd.c.obj
                0x0000000010006e30                usbd_edpt_release
 .text.usbd_edpt_xfer
                0x0000000010006e7c       0x48 CMakeFiles/pdnd_airtag.dir/home/wrongbaud/vss/research/pico/pico-sdk/lib/tinyusb/src/device/usbd.c.obj
                0x0000000010006e7c                usbd_edpt_xfer
 .text.tud_control_status
                0x0000000010006ec4       0x30 CMakeFiles/pdnd_airtag.dir/home/wrongbaud/vss/research/pico/pico-sdk/lib/tinyusb/src/device/usbd_control.c.obj
                0x0000000010006ec4                tud_control_status
 .text.tud_control_xfer
                0x0000000010006ef4       0xbc CMakeFiles/pdnd_airtag.dir/home/wrongbaud/vss/research/pico/pico-sdk/lib/tinyusb/src/device/usbd_control.c.obj
                0x0000000010006ef4                tud_control_xfer
 .text.usbd_control_reset
                0x0000000010006fb0       0x14 CMakeFiles/pdnd_airtag.dir/home/wrongbaud/vss/research/pico/pico-sdk/lib/tinyusb/src/device/usbd_control.c.obj
                0x0000000010006fb0                usbd_control_reset
 .text.usbd_control_set_complete_callback
                0x0000000010006fc4        0xc CMakeFiles/pdnd_airtag.dir/home/wrongbaud/vss/research/pico/pico-sdk/lib/tinyusb/src/device/usbd_control.c.obj
                0x0000000010006fc4                usbd_control_set_complete_callback
 .text.usbd_control_set_request
                0x0000000010006fd0       0x1c CMakeFiles/pdnd_airtag.dir/home/wrongbaud/vss/research/pico/pico-sdk/lib/tinyusb/src/device/usbd_control.c.obj
                0x0000000010006fd0                usbd_control_set_request
 .text.usbd_control_xfer_cb
                0x0000000010006fec       0xfc CMakeFiles/pdnd_airtag.dir/home/wrongbaud/vss/research/pico/pico-sdk/lib/tinyusb/src/device/usbd_control.c.obj
                0x0000000010006fec                usbd_control_xfer_cb
 .text.tud_cdc_n_connected
                0x00000000100070e8       0x30 CMakeFiles/pdnd_airtag.dir/home/wrongbaud/vss/research/pico/pico-sdk/lib/tinyusb/src/class/cdc/cdc_device.c.obj
                0x00000000100070e8                tud_cdc_n_connected
 .text.tud_cdc_n_available
                0x0000000010007118       0x18 CMakeFiles/pdnd_airtag.dir/home/wrongbaud/vss/research/pico/pico-sdk/lib/tinyusb/src/class/cdc/cdc_device.c.obj
                0x0000000010007118                tud_cdc_n_available
 .text.tud_cdc_n_read
                0x0000000010007130       0x70 CMakeFiles/pdnd_airtag.dir/home/wrongbaud/vss/research/pico/pico-sdk/lib/tinyusb/src/class/cdc/cdc_device.c.obj
                0x0000000010007130                tud_cdc_n_read
 .text.tud_cdc_n_write_flush
                0x00000000100071a0       0x78 CMakeFiles/pdnd_airtag.dir/home/wrongbaud/vss/research/pico/pico-sdk/lib/tinyusb/src/class/cdc/cdc_device.c.obj
                0x00000000100071a0                tud_cdc_n_write_flush
 .text.tud_cdc_n_write
                0x0000000010007218       0x34 CMakeFiles/pdnd_airtag.dir/home/wrongbaud/vss/research/pico/pico-sdk/lib/tinyusb/src/class/cdc/cdc_device.c.obj
                0x0000000010007218                tud_cdc_n_write
 .text.tud_cdc_n_write_available
                0x000000001000724c       0x18 CMakeFiles/pdnd_airtag.dir/home/wrongbaud/vss/research/pico/pico-sdk/lib/tinyusb/src/class/cdc/cdc_device.c.obj
                0x000000001000724c                tud_cdc_n_write_available
 .text.cdcd_init
                0x0000000010007264       0x7c CMakeFiles/pdnd_airtag.dir/home/wrongbaud/vss/research/pico/pico-sdk/lib/tinyusb/src/class/cdc/cdc_device.c.obj
                0x0000000010007264                cdcd_init
 .text.cdcd_reset
                0x00000000100072e0       0x2c CMakeFiles/pdnd_airtag.dir/home/wrongbaud/vss/research/pico/pico-sdk/lib/tinyusb/src/class/cdc/cdc_device.c.obj
                0x00000000100072e0                cdcd_reset
 .text.cdcd_open
                0x000000001000730c       0xe4 CMakeFiles/pdnd_airtag.dir/home/wrongbaud/vss/research/pico/pico-sdk/lib/tinyusb/src/class/cdc/cdc_device.c.obj
                0x000000001000730c                cdcd_open
 .text.cdcd_control_xfer_cb
                0x00000000100073f0       0xe4 CMakeFiles/pdnd_airtag.dir/home/wrongbaud/vss/research/pico/pico-sdk/lib/tinyusb/src/class/cdc/cdc_device.c.obj
                0x00000000100073f0                cdcd_control_xfer_cb
 .text.cdcd_xfer_cb
                0x00000000100074d4      0x148 CMakeFiles/pdnd_airtag.dir/home/wrongbaud/vss/research/pico/pico-sdk/lib/tinyusb/src/class/cdc/cdc_device.c.obj
                0x00000000100074d4                cdcd_xfer_cb
 .text.tusb_init
                0x000000001000761c        0xc CMakeFiles/pdnd_airtag.dir/home/wrongbaud/vss/research/pico/pico-sdk/lib/tinyusb/src/tusb.c.obj
                0x000000001000761c                tusb_init
 .text.tusb_inited
                0x0000000010007628        0x8 CMakeFiles/pdnd_airtag.dir/home/wrongbaud/vss/research/pico/pico-sdk/lib/tinyusb/src/tusb.c.obj
                0x0000000010007628                tusb_inited
 .text.tu_edpt_validate
                0x0000000010007630       0x78 CMakeFiles/pdnd_airtag.dir/home/wrongbaud/vss/research/pico/pico-sdk/lib/tinyusb/src/tusb.c.obj
                0x0000000010007630                tu_edpt_validate
 .text.tu_edpt_bind_driver
                0x00000000100076a8       0x2c CMakeFiles/pdnd_airtag.dir/home/wrongbaud/vss/research/pico/pico-sdk/lib/tinyusb/src/tusb.c.obj
                0x00000000100076a8                tu_edpt_bind_driver
 .text.tu_fifo_config
                0x00000000100076d4       0x78 CMakeFiles/pdnd_airtag.dir/home/wrongbaud/vss/research/pico/pico-sdk/lib/tinyusb/src/common/tusb_fifo.c.obj
                0x00000000100076d4                tu_fifo_config
 .text.tu_fifo_count
                0x000000001000774c       0x20 CMakeFiles/pdnd_airtag.dir/home/wrongbaud/vss/research/pico/pico-sdk/lib/tinyusb/src/common/tusb_fifo.c.obj
                0x000000001000774c                tu_fifo_count
 .text.tu_fifo_empty
                0x000000001000776c       0x10 CMakeFiles/pdnd_airtag.dir/home/wrongbaud/vss/research/pico/pico-sdk/lib/tinyusb/src/common/tusb_fifo.c.obj
                0x000000001000776c                tu_fifo_empty
 .text.tu_fifo_remaining
                0x000000001000777c       0x1c CMakeFiles/pdnd_airtag.dir/home/wrongbaud/vss/research/pico/pico-sdk/lib/tinyusb/src/common/tusb_fifo.c.obj
                0x000000001000777c                tu_fifo_remaining
 .text.tu_fifo_read
                0x0000000010007798       0x9c CMakeFiles/pdnd_airtag.dir/home/wrongbaud/vss/research/pico/pico-sdk/lib/tinyusb/src/common/tusb_fifo.c.obj
                0x0000000010007798                tu_fifo_read
 .text.tu_fifo_read_n
                0x0000000010007834      0x100 CMakeFiles/pdnd_airtag.dir/home/wrongbaud/vss/research/pico/pico-sdk/lib/tinyusb/src/common/tusb_fifo.c.obj
                0x0000000010007834                tu_fifo_read_n
 .text.tu_fifo_write
                0x0000000010007934       0x7c CMakeFiles/pdnd_airtag.dir/home/wrongbaud/vss/research/pico/pico-sdk/lib/tinyusb/src/common/tusb_fifo.c.obj
                0x0000000010007934                tu_fifo_write
 .text.tu_fifo_write_n
                0x00000000100079b0      0x100 CMakeFiles/pdnd_airtag.dir/home/wrongbaud/vss/research/pico/pico-sdk/lib/tinyusb/src/common/tusb_fifo.c.obj
                0x00000000100079b0                tu_fifo_write_n
 .text.tu_fifo_clear
                0x0000000010007ab0       0x4c CMakeFiles/pdnd_airtag.dir/home/wrongbaud/vss/research/pico/pico-sdk/lib/tinyusb/src/common/tusb_fifo.c.obj
                0x0000000010007ab0                tu_fifo_clear
 .text.tu_fifo_set_overwritable
                0x0000000010007afc       0x3c CMakeFiles/pdnd_airtag.dir/home/wrongbaud/vss/research/pico/pico-sdk/lib/tinyusb/src/common/tusb_fifo.c.obj
                0x0000000010007afc                tu_fifo_set_overwritable
 .text.startup._retrieve_unique_id_on_boot
                0x0000000010007b38       0x10 CMakeFiles/pdnd_airtag.dir/home/wrongbaud/vss/research/pico/pico-sdk/src/rp2_common/pico_unique_id/unique_id.c.obj
 .text.pico_get_unique_board_id_string
                0x0000000010007b48      0x1a8 CMakeFiles/pdnd_airtag.dir/home/wrongbaud/vss/research/pico/pico-sdk/src/rp2_common/pico_unique_id/unique_id.c.obj
                0x0000000010007b48                pico_get_unique_board_id_string
 .text.flash_get_unique_id
                0x0000000010007cf0       0x40 CMakeFiles/pdnd_airtag.dir/home/wrongbaud/vss/research/pico/pico-sdk/src/rp2_common/hardware_flash/flash.c.obj
                0x0000000010007cf0                flash_get_unique_id
 .text.pio_add_program
                0x0000000010007d30       0xc8 CMakeFiles/pdnd_airtag.dir/home/wrongbaud/vss/research/pico/pico-sdk/src/rp2_common/hardware_pio/pio.c.obj
                0x0000000010007d30                pio_add_program
 .text.pio_sm_set_pins_with_mask
                0x0000000010007df8       0x84 CMakeFiles/pdnd_airtag.dir/home/wrongbaud/vss/research/pico/pico-sdk/src/rp2_common/hardware_pio/pio.c.obj
                0x0000000010007df8                pio_sm_set_pins_with_mask
 .text.pio_sm_set_pindirs_with_mask
                0x0000000010007e7c       0x88 CMakeFiles/pdnd_airtag.dir/home/wrongbaud/vss/research/pico/pico-sdk/src/rp2_common/hardware_pio/pio.c.obj
                0x0000000010007e7c                pio_sm_set_pindirs_with_mask
 .text.pio_sm_init
                0x0000000010007f04       0x90 CMakeFiles/pdnd_airtag.dir/home/wrongbaud/vss/research/pico/pico-sdk/src/rp2_common/hardware_pio/pio.c.obj
                0x0000000010007f04                pio_sm_init
 .text.pio_sm_drain_tx_fifo
                0x0000000010007f94       0x40 CMakeFiles/pdnd_airtag.dir/home/wrongbaud/vss/research/pico/pico-sdk/src/rp2_common/hardware_pio/pio.c.obj
                0x0000000010007f94                pio_sm_drain_tx_fifo
 .text          0x0000000010007fd4       0x18 /usr/lib/gcc/arm-none-eabi/10.3.1/../../../arm-none-eabi/lib/thumb/v6-m/nofp/libc.a(lib_a-calloc.o)
                0x0000000010007fd4                calloc
 .text          0x0000000010007fec       0x5c /usr/lib/gcc/arm-none-eabi/10.3.1/../../../arm-none-eabi/lib/thumb/v6-m/nofp/libc.a(lib_a-callocr.o)
                0x0000000010007fec                _calloc_r
 .text          0x0000000010008048      0x190 /usr/lib/gcc/arm-none-eabi/10.3.1/../../../arm-none-eabi/lib/thumb/v6-m/nofp/libc.a(lib_a-fread.o)
                0x0000000010008048                _fread_r
                0x00000000100081b8                fread
 .text          0x00000000100081d8      0x260 /usr/lib/gcc/arm-none-eabi/10.3.1/../../../arm-none-eabi/lib/thumb/v6-m/nofp/libc.a(lib_a-freer.o)
                0x00000000100081d8                _malloc_trim_r
                0x0000000010008274                _free_r
 .text          0x0000000010008438       0x28 /usr/lib/gcc/arm-none-eabi/10.3.1/../../../arm-none-eabi/lib/thumb/v6-m/nofp/libc.a(lib_a-malloc.o)
                0x0000000010008438                malloc
                0x000000001000844c                free
 .text          0x0000000010008460      0x574 /usr/lib/gcc/arm-none-eabi/10.3.1/../../../arm-none-eabi/lib/thumb/v6-m/nofp/libc.a(lib_a-mallocr.o)
                0x0000000010008460                _malloc_r
 .text          0x00000000100089d4        0x8 /usr/lib/gcc/arm-none-eabi/10.3.1/../../../arm-none-eabi/lib/thumb/v6-m/nofp/libc.a(lib_a-mlock.o)
                0x00000000100089d4                __malloc_lock
                0x00000000100089d8                __malloc_unlock
 .text          0x00000000100089dc      0x140 /usr/lib/gcc/arm-none-eabi/10.3.1/../../../arm-none-eabi/lib/thumb/v6-m/nofp/libc.a(lib_a-refill.o)
                0x00000000100089f8                __srefill_r
 .text          0x0000000010008b1c       0x24 /usr/lib/gcc/arm-none-eabi/10.3.1/../../../arm-none-eabi/lib/thumb/v6-m/nofp/libc.a(lib_a-sbrkr.o)
                0x0000000010008b1c                _sbrk_r
 .text          0x0000000010008b40       0x5c /usr/lib/gcc/arm-none-eabi/10.3.1/../../../arm-none-eabi/lib/thumb/v6-m/nofp/libc.a(lib_a-strlen-stub.o)
                0x0000000010008b40                strlen
 .text          0x0000000010008b9c      0x1c0 /usr/lib/gcc/arm-none-eabi/10.3.1/../../../arm-none-eabi/lib/thumb/v6-m/nofp/libc.a(lib_a-fflush.o)
                0x0000000010008b9c                __sflush_r
                0x0000000010008cdc                _fflush_r
                0x0000000010008d08                fflush
 .text          0x0000000010008d5c      0x248 /usr/lib/gcc/arm-none-eabi/10.3.1/../../../arm-none-eabi/lib/thumb/v6-m/nofp/libc.a(lib_a-findfp.o)
                0x0000000010008d60                _cleanup_r
                0x0000000010008e5c                __sfmoreglue
                0x0000000010008e8c                __sfp
                0x0000000010008f3c                _cleanup
                0x0000000010008f54                __sinit
                0x0000000010008f64                __sfp_lock_acquire
                0x0000000010008f68                __sfp_lock_release
                0x0000000010008f6c                __sinit_lock_acquire
                0x0000000010008f70                __sinit_lock_release
                0x0000000010008f74                __fp_lock_all
                0x0000000010008f8c                __fp_unlock_all
 .text          0x0000000010008fa4       0x88 /usr/lib/gcc/arm-none-eabi/10.3.1/../../../arm-none-eabi/lib/thumb/v6-m/nofp/libc.a(lib_a-fwalk.o)
                0x0000000010008fa4                _fwalk
                0x0000000010008fe4                _fwalk_reent
 .text          0x000000001000902c      0x144 /usr/lib/gcc/arm-none-eabi/10.3.1/../../../arm-none-eabi/lib/thumb/v6-m/nofp/libc.a(lib_a-makebuf.o)
                0x000000001000902c                __smakebuf_r
                0x0000000010009110                __swhatbuf_r
 .text          0x0000000010009170       0xa4 /usr/lib/gcc/arm-none-eabi/10.3.1/../../../arm-none-eabi/lib/thumb/v6-m/nofp/libc.a(lib_a-stdio.o)
                0x0000000010009170                __sread
                0x0000000010009198                __seofread
                0x000000001000919c                __swrite
                0x00000000100091dc                __sseek
                0x0000000010009208                __sclose
 .text          0x0000000010009214       0x28 /usr/lib/gcc/arm-none-eabi/10.3.1/../../../arm-none-eabi/lib/thumb/v6-m/nofp/libc.a(lib_a-writer.o)
                0x0000000010009214                _write_r
 .text          0x000000001000923c       0x24 /usr/lib/gcc/arm-none-eabi/10.3.1/../../../arm-none-eabi/lib/thumb/v6-m/nofp/libc.a(lib_a-closer.o)
                0x000000001000923c                _close_r
 .text          0x0000000010009260       0xe8 /usr/lib/gcc/arm-none-eabi/10.3.1/../../../arm-none-eabi/lib/thumb/v6-m/nofp/libc.a(lib_a-fclose.o)
                0x00000000100092d0                _fclose_r
                0x0000000010009308                fclose
 .text          0x0000000010009348       0x28 /usr/lib/gcc/arm-none-eabi/10.3.1/../../../arm-none-eabi/lib/thumb/v6-m/nofp/libc.a(lib_a-fstatr.o)
                0x0000000010009348                _fstat_r
 .text          0x0000000010009370       0x24 /usr/lib/gcc/arm-none-eabi/10.3.1/../../../arm-none-eabi/lib/thumb/v6-m/nofp/libc.a(lib_a-isattyr.o)
                0x0000000010009370                _isatty_r
 .text          0x0000000010009394       0x28 /usr/lib/gcc/arm-none-eabi/10.3.1/../../../arm-none-eabi/lib/thumb/v6-m/nofp/libc.a(lib_a-lseekr.o)
                0x0000000010009394                _lseek_r
 .text          0x00000000100093bc       0x28 /usr/lib/gcc/arm-none-eabi/10.3.1/../../../arm-none-eabi/lib/thumb/v6-m/nofp/libc.a(lib_a-readr.o)
                0x00000000100093bc                _read_r
 .text          0x00000000100093e4       0x10 /usr/lib/gcc/arm-none-eabi/10.3.1/../../../arm-none-eabi/lib/thumb/v6-m/nofp/libnosys.a(close.o)
                0x00000000100093e4                _close
 .text          0x00000000100093f4       0x10 /usr/lib/gcc/arm-none-eabi/10.3.1/../../../arm-none-eabi/lib/thumb/v6-m/nofp/libnosys.a(fstat.o)
                0x00000000100093f4                _fstat
 .text          0x0000000010009404       0x10 /usr/lib/gcc/arm-none-eabi/10.3.1/../../../arm-none-eabi/lib/thumb/v6-m/nofp/libnosys.a(isatty.o)
                0x0000000010009404                _isatty
 .text          0x0000000010009414       0x10 /usr/lib/gcc/arm-none-eabi/10.3.1/../../../arm-none-eabi/lib/thumb/v6-m/nofp/libnosys.a(lseek.o)
                0x0000000010009414                _lseek
 *(.fini)
 .fini          0x0000000010009424        0x4 /usr/lib/gcc/arm-none-eabi/10.3.1/thumb/v6-m/nofp/crti.o
                0x0000000010009424                _fini
 .fini.__stub   0x0000000010009428       0x70 linker stubs
 *crtbegin.o(.ctors)
 *crtbegin?.o(.ctors)
 *(EXCLUDE_FILE(*crtend.o *crtend?.o) .ctors)
 *(SORT_BY_NAME(.ctors.*))
 *(.ctors)
 *crtbegin.o(.dtors)
 *crtbegin?.o(.dtors)
 *(EXCLUDE_FILE(*crtend.o *crtend?.o) .dtors)
 *(SORT_BY_NAME(.dtors.*))
 *(.dtors)
 *(.eh_frame*)
 .eh_frame      0x0000000010009498        0x0 /usr/lib/gcc/arm-none-eabi/10.3.1/thumb/v6-m/nofp/crtbegin.o
                0x0000000010009498                . = ALIGN (0x4)

.glue_7         0x0000000010009498        0x0
 .glue_7        0x0000000010009498        0x0 linker stubs

.glue_7t        0x0000000010009498        0x0
 .glue_7t       0x0000000010009498        0x0 linker stubs

.vfp11_veneer   0x0000000010009498        0x0
 .vfp11_veneer  0x0000000010009498        0x0 linker stubs

.v4_bx          0x0000000010009498        0x0
 .v4_bx         0x0000000010009498        0x0 linker stubs

.iplt           0x0000000010009498        0x0
 .iplt          0x0000000010009498        0x0 /usr/lib/gcc/arm-none-eabi/10.3.1/thumb/v6-m/nofp/crtbegin.o

.rodata         0x0000000010009498      0xa58
 *(EXCLUDE_FILE(*libm.a: *libc.a:*lib_a-mem*.o *libgcc.a:) .rodata*)
 .rodata.dv.str1.4
                0x0000000010009498       0x29 CMakeFiles/pdnd_airtag.dir/main.c.obj
 *fill*         0x00000000100094c1        0x3 
 .rodata.main.str1.4
                0x00000000100094c4       0x7a CMakeFiles/pdnd_airtag.dir/main.c.obj
 *fill*         0x000000001000953e        0x2 
 .rodata.main   0x0000000010009540       0x14 CMakeFiles/pdnd_airtag.dir/main.c.obj
 .rodata.PDND_GLITCH
                0x0000000010009554        0x4 CMakeFiles/pdnd_airtag.dir/pdnd/pdnd.c.obj
                0x0000000010009554                PDND_GLITCH
 .rodata.i2c_program
                0x0000000010009558        0x6 CMakeFiles/pdnd_airtag.dir/pdnd/pdnd_display.c.obj
 *fill*         0x000000001000955e        0x2 
 .rodata.i2c_program_instructions
                0x0000000010009560       0x24 CMakeFiles/pdnd_airtag.dir/pdnd/pdnd_display.c.obj
 .rodata.ssd1306_begin.str1.4
                0x0000000010009584        0xf CMakeFiles/pdnd_airtag.dir/pdnd/display/ssd1306.c.obj
 *fill*         0x0000000010009593        0x1 
 .rodata        0x0000000010009594       0x10 CMakeFiles/pdnd_airtag.dir/pdnd/display/ssd1306.c.obj
 .rodata.splash1_data
                0x00000000100095a4      0x400 CMakeFiles/pdnd_airtag.dir/pdnd/display/ssd1306.c.obj
                0x00000000100095a4                splash1_data
 .rodata.spin_lock_claim_unused.str1.4
                0x00000000100099a4       0x1b CMakeFiles/pdnd_airtag.dir/home/wrongbaud/vss/research/pico/pico-sdk/src/rp2_common/hardware_sync/sync.c.obj
 *fill*         0x00000000100099bf        0x1 
 .rodata.user_irq_claim_unused.str1.4
                0x00000000100099c0       0x1b CMakeFiles/pdnd_airtag.dir/home/wrongbaud/vss/research/pico/pico-sdk/src/rp2_common/hardware_irq/irq.c.obj
 *fill*         0x00000000100099db        0x5 
 .rodata.at_the_end_of_time
                0x00000000100099e0        0x8 CMakeFiles/pdnd_airtag.dir/home/wrongbaud/vss/research/pico/pico-sdk/src/common/pico_time/time.c.obj
                0x00000000100099e0                at_the_end_of_time
 .rodata.hardware_alarm_claim.str1.4
                0x00000000100099e8       0x22 CMakeFiles/pdnd_airtag.dir/home/wrongbaud/vss/research/pico/pico-sdk/src/rp2_common/hardware_timer/timer.c.obj
 *fill*         0x0000000010009a0a        0x2 
 .rodata.panic.str1.4
                0x0000000010009a0c       0x10 CMakeFiles/pdnd_airtag.dir/home/wrongbaud/vss/research/pico/pico-sdk/src/rp2_common/pico_runtime/runtime.c.obj
                                         0x12 (size before relaxing)
 .rodata.hard_assertion_failure.str1.4
                0x0000000010009a1c        0xc CMakeFiles/pdnd_airtag.dir/home/wrongbaud/vss/research/pico/pico-sdk/src/rp2_common/pico_runtime/runtime.c.obj
 .rodata._ftoa.str1.4
                0x0000000010009a28       0x15 CMakeFiles/pdnd_airtag.dir/home/wrongbaud/vss/research/pico/pico-sdk/src/rp2_common/pico_printf/printf.c.obj
 *fill*         0x0000000010009a3d        0x3 
 .rodata._vsnprintf
                0x0000000010009a40      0x1e0 CMakeFiles/pdnd_airtag.dir/home/wrongbaud/vss/research/pico/pico-sdk/src/rp2_common/pico_printf/printf.c.obj
 .rodata.pow10.0
                0x0000000010009c20       0x50 CMakeFiles/pdnd_airtag.dir/home/wrongbaud/vss/research/pico/pico-sdk/src/rp2_common/pico_printf/printf.c.obj
 .rodata.__wrap_malloc.str1.4
                0x0000000010009c70        0xe CMakeFiles/pdnd_airtag.dir/home/wrongbaud/vss/research/pico/pico-sdk/src/rp2_common/pico_malloc/pico_malloc.c.obj
 *fill*         0x0000000010009c7e        0x2 
 .rodata.str1.4
                0x0000000010009c80       0x40 CMakeFiles/pdnd_airtag.dir/home/wrongbaud/vss/research/pico/pico-sdk/src/rp2_common/pico_standard_link/binary_info.c.obj
 .rodata.__bi_44
                0x0000000010009cc0        0xc CMakeFiles/pdnd_airtag.dir/home/wrongbaud/vss/research/pico/pico-sdk/src/rp2_common/pico_standard_link/binary_info.c.obj
 .rodata.__bi_75
                0x0000000010009ccc        0xc CMakeFiles/pdnd_airtag.dir/home/wrongbaud/vss/research/pico/pico-sdk/src/rp2_common/pico_standard_link/binary_info.c.obj
 .rodata.__bi_81
                0x0000000010009cd8        0xc CMakeFiles/pdnd_airtag.dir/home/wrongbaud/vss/research/pico/pico-sdk/src/rp2_common/pico_standard_link/binary_info.c.obj
 .rodata.crlf_str.0
                0x0000000010009ce4        0x2 CMakeFiles/pdnd_airtag.dir/home/wrongbaud/vss/research/pico/pico-sdk/src/rp2_common/pico_stdio/stdio.c.obj
 *fill*         0x0000000010009ce6        0x2 
 .rodata._resetd_driver
                0x0000000010009ce8       0x18 CMakeFiles/pdnd_airtag.dir/home/wrongbaud/vss/research/pico/pico-sdk/src/rp2_common/pico_stdio_usb/reset_interface.c.obj
 .rodata.str1.4
                0x0000000010009d00       0x13 CMakeFiles/pdnd_airtag.dir/home/wrongbaud/vss/research/pico/pico-sdk/src/rp2_common/pico_stdio_usb/stdio_usb.c.obj
 *fill*         0x0000000010009d13        0x1 
 .rodata.__bi_118.0
                0x0000000010009d14        0xc CMakeFiles/pdnd_airtag.dir/home/wrongbaud/vss/research/pico/pico-sdk/src/rp2_common/pico_stdio_usb/stdio_usb.c.obj
 .rodata.str1.4
                0x0000000010009d20       0x2a CMakeFiles/pdnd_airtag.dir/home/wrongbaud/vss/research/pico/pico-sdk/src/rp2_common/pico_stdio_usb/stdio_usb_descriptors.c.obj
 *fill*         0x0000000010009d4a        0x2 
 .rodata.usbd_desc_cfg
                0x0000000010009d4c       0x54 CMakeFiles/pdnd_airtag.dir/home/wrongbaud/vss/research/pico/pico-sdk/src/rp2_common/pico_stdio_usb/stdio_usb_descriptors.c.obj
 .rodata.usbd_desc_device
                0x0000000010009da0       0x12 CMakeFiles/pdnd_airtag.dir/home/wrongbaud/vss/research/pico/pico-sdk/src/rp2_common/pico_stdio_usb/stdio_usb_descriptors.c.obj
 *fill*         0x0000000010009db2        0x2 
 .rodata.usbd_desc_str
                0x0000000010009db4       0x18 CMakeFiles/pdnd_airtag.dir/home/wrongbaud/vss/research/pico/pico-sdk/src/rp2_common/pico_stdio_usb/stdio_usb_descriptors.c.obj
 .rodata.dcd_rp2040_irq.str1.4
                0x0000000010009dcc       0x14 CMakeFiles/pdnd_airtag.dir/home/wrongbaud/vss/research/pico/pico-sdk/lib/tinyusb/src/portable/raspberrypi/rp2040/dcd_rp2040.c.obj
 .rodata._hw_endpoint_buffer_control_update32.part.0.isra.0.str1.4
                0x0000000010009de0       0x1f CMakeFiles/pdnd_airtag.dir/home/wrongbaud/vss/research/pico/pico-sdk/lib/tinyusb/src/portable/raspberrypi/rp2040/rp2040_usb.c.obj
 *fill*         0x0000000010009dff        0x1 
 .rodata.hw_endpoint_xfer_continue.str1.4
                0x0000000010009e00       0x29 CMakeFiles/pdnd_airtag.dir/home/wrongbaud/vss/research/pico/pico-sdk/lib/tinyusb/src/portable/raspberrypi/rp2040/rp2040_usb.c.obj
 *fill*         0x0000000010009e29        0x3 
 .rodata.str1.4
                0x0000000010009e2c        0x7 CMakeFiles/pdnd_airtag.dir/home/wrongbaud/vss/research/pico/pico-sdk/lib/tinyusb/src/portable/raspberrypi/rp2040/rp2040_usb.c.obj
 *fill*         0x0000000010009e33        0x1 
 .rodata.tud_task
                0x0000000010009e34       0x8c CMakeFiles/pdnd_airtag.dir/home/wrongbaud/vss/research/pico/pico-sdk/lib/tinyusb/src/device/usbd.c.obj
 .rodata._usbd_driver
                0x0000000010009ec0       0x18 CMakeFiles/pdnd_airtag.dir/home/wrongbaud/vss/research/pico/pico-sdk/lib/tinyusb/src/device/usbd.c.obj
 .rodata.pio_add_program.str1.4
                0x0000000010009ed8       0x11 CMakeFiles/pdnd_airtag.dir/home/wrongbaud/vss/research/pico/pico-sdk/src/rp2_common/hardware_pio/pio.c.obj
 *fill*         0x0000000010009ee9        0x3 
 .rodata        0x0000000010009eec        0x4 /usr/lib/gcc/arm-none-eabi/10.3.1/../../../arm-none-eabi/lib/thumb/v6-m/nofp/libc.a(lib_a-impure.o)
                0x0000000010009eec                _global_impure_ptr
                0x0000000010009ef0                . = ALIGN (0x4)
 *(SORT_BY_ALIGNMENT(SORT_BY_NAME(.flashdata*)))
                0x0000000010009ef0                . = ALIGN (0x4)

.rel.dyn        0x0000000010009ef0        0x0
 .rel.iplt      0x0000000010009ef0        0x0 /usr/lib/gcc/arm-none-eabi/10.3.1/thumb/v6-m/nofp/crtbegin.o

.ARM.extab
 *(.ARM.extab* .gnu.linkonce.armextab.*)
                0x0000000010009ef0                __exidx_start = .

.ARM.exidx
 *(.ARM.exidx* .gnu.linkonce.armexidx.*)
                0x0000000010009ef0                __exidx_end = .
                0x0000000010009ef0                . = ALIGN (0x4)
                0x0000000010009ef0                __binary_info_start = .

.binary_info    0x0000000010009ef0       0x20
 *(.binary_info.keep.*)
 .binary_info.keep.__bi_ptr22
                0x0000000010009ef0        0x4 CMakeFiles/pdnd_airtag.dir/home/wrongbaud/vss/research/pico/pico-sdk/src/rp2_common/pico_standard_link/binary_info.c.obj
 .binary_info.keep.__bi_ptr30
                0x0000000010009ef4        0x4 CMakeFiles/pdnd_airtag.dir/home/wrongbaud/vss/research/pico/pico-sdk/src/rp2_common/pico_standard_link/binary_info.c.obj
 .binary_info.keep.__bi_ptr38
                0x0000000010009ef8        0x4 CMakeFiles/pdnd_airtag.dir/home/wrongbaud/vss/research/pico/pico-sdk/src/rp2_common/pico_standard_link/binary_info.c.obj
 .binary_info.keep.__bi_ptr44
                0x0000000010009efc        0x4 CMakeFiles/pdnd_airtag.dir/home/wrongbaud/vss/research/pico/pico-sdk/src/rp2_common/pico_standard_link/binary_info.c.obj
 .binary_info.keep.__bi_ptr50
                0x0000000010009f00        0x4 CMakeFiles/pdnd_airtag.dir/home/wrongbaud/vss/research/pico/pico-sdk/src/rp2_common/pico_standard_link/binary_info.c.obj
 .binary_info.keep.__bi_ptr75
                0x0000000010009f04        0x4 CMakeFiles/pdnd_airtag.dir/home/wrongbaud/vss/research/pico/pico-sdk/src/rp2_common/pico_standard_link/binary_info.c.obj
 .binary_info.keep.__bi_ptr81
                0x0000000010009f08        0x4 CMakeFiles/pdnd_airtag.dir/home/wrongbaud/vss/research/pico/pico-sdk/src/rp2_common/pico_standard_link/binary_info.c.obj
 *(.binary_info.*)
 .binary_info.__bi_ptr118
                0x0000000010009f0c        0x4 CMakeFiles/pdnd_airtag.dir/home/wrongbaud/vss/research/pico/pico-sdk/src/rp2_common/pico_stdio_usb/stdio_usb.c.obj
                0x0000000010009f10                __binary_info_end = .
                0x0000000010009f10                . = ALIGN (0x4)
                0x0000000010009f10                __etext = .

.ram_vector_table
                0x0000000020000000       0xc0
 *(.ram_vector_table)
 .ram_vector_table
                0x0000000020000000       0xc0 CMakeFiles/pdnd_airtag.dir/home/wrongbaud/vss/research/pico/pico-sdk/src/rp2_common/pico_runtime/runtime.c.obj
                0x0000000020000000                ram_vector_table

.data           0x00000000200000c0      0xc00 load address 0x0000000010009f10
                0x00000000200000c0                __data_start__ = .
 *(vtable)
 *(.time_critical*)
 .time_critical.mutex_enter_blocking
                0x00000000200000c0       0x48 CMakeFiles/pdnd_airtag.dir/home/wrongbaud/vss/research/pico/pico-sdk/src/common/pico_sync/mutex.c.obj
                0x00000000200000c0                mutex_enter_blocking
 .time_critical.mutex_try_enter
                0x0000000020000108       0x44 CMakeFiles/pdnd_airtag.dir/home/wrongbaud/vss/research/pico/pico-sdk/src/common/pico_sync/mutex.c.obj
                0x0000000020000108                mutex_try_enter
 .time_critical.mutex_enter_timeout_ms
                0x000000002000014c       0xa0 CMakeFiles/pdnd_airtag.dir/home/wrongbaud/vss/research/pico/pico-sdk/src/common/pico_sync/mutex.c.obj
                0x000000002000014c                mutex_enter_timeout_ms
 .time_critical.mutex_exit
                0x00000000200001ec       0x28 CMakeFiles/pdnd_airtag.dir/home/wrongbaud/vss/research/pico/pico-sdk/src/common/pico_sync/mutex.c.obj
                0x00000000200001ec                mutex_exit
 .time_critical.flash_init_boot2_copyout
                0x0000000020000214       0x30 CMakeFiles/pdnd_airtag.dir/home/wrongbaud/vss/research/pico/pico-sdk/src/rp2_common/hardware_flash/flash.c.obj
 .time_critical.flash_enable_xip_via_boot2
                0x0000000020000244       0x10 CMakeFiles/pdnd_airtag.dir/home/wrongbaud/vss/research/pico/pico-sdk/src/rp2_common/hardware_flash/flash.c.obj
 .time_critical.flash_cs_force
                0x0000000020000254       0x38 CMakeFiles/pdnd_airtag.dir/home/wrongbaud/vss/research/pico/pico-sdk/src/rp2_common/hardware_flash/flash.c.obj
 .time_critical.flash_do_cmd
                0x000000002000028c       0xc4 CMakeFiles/pdnd_airtag.dir/home/wrongbaud/vss/research/pico/pico-sdk/src/rp2_common/hardware_flash/flash.c.obj
                0x000000002000028c                flash_do_cmd
 *(.text*)
 .text          0x0000000020000350        0x4 /usr/lib/gcc/arm-none-eabi/10.3.1/thumb/v6-m/nofp/libgcc.a(_dvmd_tls.o)
                0x0000000020000350                __aeabi_ldiv0
                0x0000000020000350                __aeabi_idiv0
 *fill*         0x0000000020000354        0x4 
 .text.__stub   0x0000000020000358       0x30 linker stubs
                0x0000000020000388                . = ALIGN (0x4)
 *(.rodata*)
                0x0000000020000388                . = ALIGN (0x4)
 *(.data*)
 .data.striped_spin_lock_num
                0x0000000020000388        0x1 CMakeFiles/pdnd_airtag.dir/home/wrongbaud/vss/research/pico/pico-sdk/src/rp2_common/hardware_sync/sync.c.obj
 *fill*         0x0000000020000389        0x3 
 .data          0x000000002000038c       0x48 CMakeFiles/pdnd_airtag.dir/home/wrongbaud/vss/research/pico/pico-sdk/src/rp2_common/hardware_irq/irq_handler_chain.S.obj
                0x000000002000038c                irq_handler_chain_slots
                0x00000000200003bc                irq_handler_chain_first_slot
                0x00000000200003c6                irq_handler_chain_remove_tail
 .data.default_alarm_pool
                0x00000000200003d4       0x18 CMakeFiles/pdnd_airtag.dir/home/wrongbaud/vss/research/pico/pico-sdk/src/common/pico_time/time.c.obj
 .data.default_alarm_pool_heap
                0x00000000200003ec       0x10 CMakeFiles/pdnd_airtag.dir/home/wrongbaud/vss/research/pico/pico-sdk/src/common/pico_time/time.c.obj
 *fill*         0x00000000200003fc        0x4 
 .data.aeabi_bits_funcs
                0x0000000020000400       0x10 CMakeFiles/pdnd_airtag.dir/home/wrongbaud/vss/research/pico/pico-sdk/src/rp2_common/pico_bit_ops/bit_ops_aeabi.S.obj
                0x0000000020000400                aeabi_bits_funcs
                0x0000000020000410                aeabi_bits_funcs_end
 .data.aeabi_mem_funcs
                0x0000000020000410       0x10 CMakeFiles/pdnd_airtag.dir/home/wrongbaud/vss/research/pico/pico-sdk/src/rp2_common/pico_mem_ops/mem_ops_aeabi.S.obj
                0x0000000020000410                aeabi_mem_funcs
                0x0000000020000420                aeabi_mem_funcs_end
 .data.stdio_usb
                0x0000000020000420       0x14 CMakeFiles/pdnd_airtag.dir/home/wrongbaud/vss/research/pico/pico-sdk/src/rp2_common/pico_stdio_usb/stdio_usb.c.obj
                0x0000000020000420                stdio_usb
 .data.ep_dir_string
                0x0000000020000434        0x8 CMakeFiles/pdnd_airtag.dir/home/wrongbaud/vss/research/pico/pico-sdk/lib/tinyusb/src/portable/raspberrypi/rp2040/rp2040_usb.c.obj
                0x0000000020000434                ep_dir_string
 .data._usbd_qdef
                0x000000002000043c       0x24 CMakeFiles/pdnd_airtag.dir/home/wrongbaud/vss/research/pico/pico-sdk/lib/tinyusb/src/device/usbd.c.obj
                0x000000002000043c                _usbd_qdef
 .data          0x0000000020000460      0x430 /usr/lib/gcc/arm-none-eabi/10.3.1/../../../arm-none-eabi/lib/thumb/v6-m/nofp/libc.a(lib_a-impure.o)
                0x0000000020000460                _impure_ptr
 .data          0x0000000020000890      0x410 /usr/lib/gcc/arm-none-eabi/10.3.1/../../../arm-none-eabi/lib/thumb/v6-m/nofp/libc.a(lib_a-mallocr.o)
                0x0000000020000890                __malloc_sbrk_base
                0x0000000020000894                __malloc_trim_threshold
                0x0000000020000898                __malloc_av_
                0x0000000020000ca0                . = ALIGN (0x4)
 *(.after_data.*)
                0x0000000020000ca0                . = ALIGN (0x4)
                0x0000000020000ca0                PROVIDE (__mutex_array_start = .)
 *(SORT_BY_NAME(.mutex_array.*))
 *(.mutex_array)
 .mutex_array   0x0000000020000ca0        0x8 CMakeFiles/pdnd_airtag.dir/home/wrongbaud/vss/research/pico/pico-sdk/src/rp2_common/pico_stdio/stdio.c.obj
                0x0000000020000ca8                PROVIDE (__mutex_array_end = .)
                0x0000000020000ca8                . = ALIGN (0x4)
                0x0000000020000ca8                PROVIDE (__preinit_array_start = .)
 *(SORT_BY_NAME(.preinit_array.*))
 .preinit_array.00001
                0x0000000020000ca8        0x4 CMakeFiles/pdnd_airtag.dir/home/wrongbaud/vss/research/pico/pico-sdk/src/rp2_common/pico_mem_ops/mem_ops_aeabi.S.obj
 .preinit_array.00010
                0x0000000020000cac        0x4 CMakeFiles/pdnd_airtag.dir/home/wrongbaud/vss/research/pico/pico-sdk/src/rp2_common/pico_bit_ops/bit_ops_aeabi.S.obj
 .preinit_array.00020
                0x0000000020000cb0        0x4 CMakeFiles/pdnd_airtag.dir/home/wrongbaud/vss/research/pico/pico-sdk/src/rp2_common/pico_double/double_aeabi.S.obj
 .preinit_array.00020
                0x0000000020000cb4        0x4 CMakeFiles/pdnd_airtag.dir/home/wrongbaud/vss/research/pico/pico-sdk/src/rp2_common/pico_float/float_aeabi.S.obj
 *(.preinit_array)
                0x0000000020000cb8                PROVIDE (__preinit_array_end = .)
                0x0000000020000cb8                . = ALIGN (0x4)
                0x0000000020000cb8                PROVIDE (__init_array_start = .)
 *(SORT_BY_NAME(.init_array.*))
 *(.init_array)
 .init_array    0x0000000020000cb8        0x4 /usr/lib/gcc/arm-none-eabi/10.3.1/thumb/v6-m/nofp/crtbegin.o
 .init_array    0x0000000020000cbc        0x4 CMakeFiles/pdnd_airtag.dir/home/wrongbaud/vss/research/pico/pico-sdk/src/rp2_common/pico_unique_id/unique_id.c.obj
                0x0000000020000cc0                PROVIDE (__init_array_end = .)
                0x0000000020000cc0                . = ALIGN (0x4)
                0x0000000020000cc0                PROVIDE (__fini_array_start = .)
 *(SORT_BY_NAME(.fini_array.*))
 *(.fini_array)
                0x0000000020000cc0                PROVIDE (__fini_array_end = .)
 *(.jcr)
                0x0000000020000cc0                . = ALIGN (0x4)
                0x0000000020000cc0                __data_end__ = .

.tm_clone_table
                0x0000000020000cc0        0x0 load address 0x000000001000ab10
 .tm_clone_table
                0x0000000020000cc0        0x0 /usr/lib/gcc/arm-none-eabi/10.3.1/thumb/v6-m/nofp/crtbegin.o
 .tm_clone_table
                0x0000000020000cc0        0x0 /usr/lib/gcc/arm-none-eabi/10.3.1/thumb/v6-m/nofp/crtend.o

.igot.plt       0x0000000020000cc0        0x0 load address 0x000000001000ab10
 .igot.plt      0x0000000020000cc0        0x0 /usr/lib/gcc/arm-none-eabi/10.3.1/thumb/v6-m/nofp/crtbegin.o

.uninitialized_data
                0x0000000020000cc0        0x0 load address 0x000000001000ab10
                0x0000000020000cc0                . = ALIGN (0x4)
 *(.uninitialized_data*)

.scratch_x      0x0000000020040000        0x0 load address 0x000000001000ab10
                0x0000000020040000                __scratch_x_start__ = .
 *(.scratch_x.*)
                0x0000000020040000                . = ALIGN (0x4)
                0x0000000020040000                __scratch_x_end__ = .
                0x000000001000ab10                __scratch_x_source__ = LOADADDR (.scratch_x)

.scratch_y      0x0000000020041000        0x0 load address 0x000000001000ab10
                0x0000000020041000                __scratch_y_start__ = .
 *(.scratch_y.*)
                0x0000000020041000                . = ALIGN (0x4)
                0x0000000020041000                __scratch_y_end__ = .
                0x000000001000ab10                __scratch_y_source__ = LOADADDR (.scratch_y)

.bss            0x0000000020000cc0      0xdd0
                0x0000000020000cc0                . = ALIGN (0x4)
                0x0000000020000cc0                __bss_start__ = .
 *(SORT_BY_ALIGNMENT(SORT_BY_NAME(.bss*)))
 .bss.default_alarm_pool_entries
                0x0000000020000cc0      0x100 CMakeFiles/pdnd_airtag.dir/home/wrongbaud/vss/research/pico/pico-sdk/src/common/pico_time/time.c.obj
 .bss.last_avail_time.1
                0x0000000020000dc0        0x8 CMakeFiles/pdnd_airtag.dir/home/wrongbaud/vss/research/pico/pico-sdk/src/rp2_common/pico_stdio_usb/stdio_usb.c.obj
 .bss.sd_table  0x0000000020000dc8      0x100 CMakeFiles/pdnd_airtag.dir/home/wrongbaud/vss/research/pico/pico-sdk/src/rp2_common/pico_double/double_init_rom.c.obj
                0x0000000020000dc8                sd_table
 .bss.sf_table  0x0000000020000ec8      0x100 CMakeFiles/pdnd_airtag.dir/home/wrongbaud/vss/research/pico/pico-sdk/src/rp2_common/pico_float/float_init_rom.c.obj
                0x0000000020000ec8                sf_table
 .bss           0x0000000020000fc8       0x1c /usr/lib/gcc/arm-none-eabi/10.3.1/thumb/v6-m/nofp/crtbegin.o
 .bss           0x0000000020000fe4       0x34 /usr/lib/gcc/arm-none-eabi/10.3.1/../../../arm-none-eabi/lib/thumb/v6-m/nofp/libc.a(lib_a-mallocr.o)
                0x0000000020000fe4                __malloc_top_pad
                0x0000000020000fe8                __malloc_current_mallinfo
                0x0000000020001010                __malloc_max_sbrked_mem
                0x0000000020001014                __malloc_max_total_mem
 .bss           0x0000000020001018        0x4 /usr/lib/gcc/arm-none-eabi/10.3.1/../../../arm-none-eabi/lib/thumb/v6-m/nofp/libc.a(lib_a-reent.o)
                0x0000000020001018                errno
 .bss._app_driver
                0x000000002000101c        0x4 CMakeFiles/pdnd_airtag.dir/home/wrongbaud/vss/research/pico/pico-sdk/lib/tinyusb/src/device/usbd.c.obj
 .bss._cdcd_itf
                0x0000000020001020      0x2d8 CMakeFiles/pdnd_airtag.dir/home/wrongbaud/vss/research/pico/pico-sdk/lib/tinyusb/src/class/cdc/cdc_device.c.obj
 .bss._ctrl_xfer
                0x00000000200012f8       0x14 CMakeFiles/pdnd_airtag.dir/home/wrongbaud/vss/research/pico/pico-sdk/lib/tinyusb/src/device/usbd_control.c.obj
 .bss._ubsd_mutexdef
                0x000000002000130c        0x8 CMakeFiles/pdnd_airtag.dir/home/wrongbaud/vss/research/pico/pico-sdk/lib/tinyusb/src/device/usbd.c.obj
 .bss._usbd_ctrl_buf
                0x0000000020001314       0x40 CMakeFiles/pdnd_airtag.dir/home/wrongbaud/vss/research/pico/pico-sdk/lib/tinyusb/src/device/usbd_control.c.obj
 .bss._usbd_dev
                0x0000000020001354       0x53 CMakeFiles/pdnd_airtag.dir/home/wrongbaud/vss/research/pico/pico-sdk/lib/tinyusb/src/device/usbd.c.obj
 *fill*         0x00000000200013a7        0x1 
 .bss._usbd_mutex
                0x00000000200013a8        0x4 CMakeFiles/pdnd_airtag.dir/home/wrongbaud/vss/research/pico/pico-sdk/lib/tinyusb/src/device/usbd.c.obj
 .bss._usbd_q   0x00000000200013ac        0x4 CMakeFiles/pdnd_airtag.dir/home/wrongbaud/vss/research/pico/pico-sdk/lib/tinyusb/src/device/usbd.c.obj
 .bss._usbd_qdef_buf
                0x00000000200013b0       0xc0 CMakeFiles/pdnd_airtag.dir/home/wrongbaud/vss/research/pico/pico-sdk/lib/tinyusb/src/device/usbd.c.obj
                0x00000000200013b0                _usbd_qdef_buf
 .bss._used_instruction_space
                0x0000000020001470        0x8 CMakeFiles/pdnd_airtag.dir/home/wrongbaud/vss/research/pico/pico-sdk/src/rp2_common/hardware_pio/pio.c.obj
 .bss.alarm_callbacks
                0x0000000020001478       0x10 CMakeFiles/pdnd_airtag.dir/home/wrongbaud/vss/research/pico/pico-sdk/src/rp2_common/hardware_timer/timer.c.obj
 .bss.boot2_copyout
                0x0000000020001488      0x100 CMakeFiles/pdnd_airtag.dir/home/wrongbaud/vss/research/pico/pico-sdk/src/rp2_common/hardware_flash/flash.c.obj
 .bss.claimed   0x0000000020001588        0x4 CMakeFiles/pdnd_airtag.dir/home/wrongbaud/vss/research/pico/pico-sdk/src/rp2_common/hardware_sync/sync.c.obj
 .bss.configured_freq
                0x000000002000158c       0x28 CMakeFiles/pdnd_airtag.dir/home/wrongbaud/vss/research/pico/pico-sdk/src/rp2_common/hardware_clocks/clocks.c.obj
 .bss.default_alarm_pool_entry_ids_high
                0x00000000200015b4       0x10 CMakeFiles/pdnd_airtag.dir/home/wrongbaud/vss/research/pico/pico-sdk/src/common/pico_time/time.c.obj
 .bss.default_alarm_pool_heap_nodes
                0x00000000200015c4       0x30 CMakeFiles/pdnd_airtag.dir/home/wrongbaud/vss/research/pico/pico-sdk/src/common/pico_time/time.c.obj
 .bss.desc_str.0
                0x00000000200015f4       0x28 CMakeFiles/pdnd_airtag.dir/home/wrongbaud/vss/research/pico/pico-sdk/src/rp2_common/pico_stdio_usb/stdio_usb_descriptors.c.obj
 .bss.drivers   0x000000002000161c        0x4 CMakeFiles/pdnd_airtag.dir/home/wrongbaud/vss/research/pico/pico-sdk/src/rp2_common/pico_stdio/stdio.c.obj
 .bss.filter    0x0000000020001620        0x4 CMakeFiles/pdnd_airtag.dir/home/wrongbaud/vss/research/pico/pico-sdk/src/rp2_common/pico_stdio/stdio.c.obj
 .bss.global_display
                0x0000000020001624        0x4 CMakeFiles/pdnd_airtag.dir/pdnd/pdnd_display.c.obj
                0x0000000020001624                global_display
 .bss.heap_end.0
                0x0000000020001628        0x4 CMakeFiles/pdnd_airtag.dir/home/wrongbaud/vss/research/pico/pico-sdk/src/rp2_common/pico_runtime/runtime.c.obj
 .bss.hw_endpoints
                0x000000002000162c      0x400 CMakeFiles/pdnd_airtag.dir/home/wrongbaud/vss/research/pico/pico-sdk/lib/tinyusb/src/portable/raspberrypi/rp2040/dcd_rp2040.c.obj
 .bss.lazy_vsnprintf