Archive member included to satisfy reference by file (symbol)

/usr/lib/gcc/arm-none-eabi/10.3.1/thumb/v6-m/nofp/libgcc.a(_dvmd_tls.o)
                              CMakeFiles/pdnd_airtag.dir/home/wrongbaud/vss/research/pico/pico-sdk/src/rp2_common/pico_divider/divider.S.obj (__aeabi_idiv0)
/usr/lib/gcc/arm-none-eabi/10.3.1/../../../arm-none-eabi/lib/thumb/v6-m/nofp/libc.a(lib_a-atexit.o)
                              /usr/lib/gcc/arm-none-eabi/10.3.1/../../../arm-none-eabi/lib/thumb/v6-m/nofp/crt0.o (atexit)
/usr/lib/gcc/arm-none-eabi/10.3.1/../../../arm-none-eabi/lib/thumb/v6-m/nofp/libc.a(lib_a-calloc.o)
                              CMakeFiles/pdnd_airtag.dir/home/wrongbaud/vss/research/pico/pico-sdk/src/rp2_common/pico_malloc/pico_malloc.c.obj (calloc)
/usr/lib/gcc/arm-none-eabi/10.3.1/../../../arm-none-eabi/lib/thumb/v6-m/nofp/libc.a(lib_a-callocr.o)
                              /usr/lib/gcc/arm-none-eabi/10.3.1/../../../arm-none-eabi/lib/thumb/v6-m/nofp/libc.a(lib_a-calloc.o) (_calloc_r)
/usr/lib/gcc/arm-none-eabi/10.3.1/../../../arm-none-eabi/lib/thumb/v6-m/nofp/libc.a(lib_a-fini.o)
                              /usr/lib/gcc/arm-none-eabi/10.3.1/../../../arm-none-eabi/lib/thumb/v6-m/nofp/crt0.o (__libc_fini_array)
/usr/lib/gcc/arm-none-eabi/10.3.1/../../../arm-none-eabi/lib/thumb/v6-m/nofp/libc.a(lib_a-fread.o)
                              CMakeFiles/pdnd_airtag.dir/main.c.obj (fread)
/usr/lib/gcc/arm-none-eabi/10.3.1/../../../arm-none-eabi/lib/thumb/v6-m/nofp/libc.a(lib_a-freer.o)
                              /usr/lib/gcc/arm-none-eabi/10.3.1/../../../arm-none-eabi/lib/thumb/v6-m/nofp/libc.a(lib_a-fread.o) (_free_r)
/usr/lib/gcc/arm-none-eabi/10.3.1/../../../arm-none-eabi/lib/thumb/v6-m/nofp/libc.a(lib_a-impure.o)
                              CMakeFiles/pdnd_airtag.dir/main.c.obj (_impure_ptr)
/usr/lib/gcc/arm-none-eabi/10.3.1/../../../arm-none-eabi/lib/thumb/v6-m/nofp/libc.a(lib_a-init.o)
                              /usr/lib/gcc/arm-none-eabi/10.3.1/../../../arm-none-eabi/lib/thumb/v6-m/nofp/crt0.o (__libc_init_array)
/usr/lib/gcc/arm-none-eabi/10.3.1/../../../arm-none-eabi/lib/thumb/v6-m/nofp/libc.a(lib_a-malloc.o)
                              CMakeFiles/pdnd_airtag.dir/home/wrongbaud/vss/research/pico/pico-sdk/src/rp2_common/pico_malloc/pico_malloc.c.obj (malloc)
/usr/lib/gcc/arm-none-eabi/10.3.1/../../../arm-none-eabi/lib/thumb/v6-m/nofp/libc.a(lib_a-mallocr.o)
                              /usr/lib/gcc/arm-none-eabi/10.3.1/../../../arm-none-eabi/lib/thumb/v6-m/nofp/libc.a(lib_a-callocr.o) (_malloc_r)
/usr/lib/gcc/arm-none-eabi/10.3.1/../../../arm-none-eabi/lib/thumb/v6-m/nofp/libc.a(lib_a-mlock.o)
                              /usr/lib/gcc/arm-none-eabi/10.3.1/../../../arm-none-eabi/lib/thumb/v6-m/nofp/libc.a(lib_a-freer.o) (__malloc_lock)
/usr/lib/gcc/arm-none-eabi/10.3.1/../../../arm-none-eabi/lib/thumb/v6-m/nofp/libc.a(lib_a-realloc.o)
                              CMakeFiles/pdnd_airtag.dir/home/wrongbaud/vss/research/pico/pico-sdk/src/rp2_common/pico_malloc/pico_malloc.c.obj (realloc)
/usr/lib/gcc/arm-none-eabi/10.3.1/../../../arm-none-eabi/lib/thumb/v6-m/nofp/libc.a(lib_a-reallocr.o)
                              /usr/lib/gcc/arm-none-eabi/10.3.1/../../../arm-none-eabi/lib/thumb/v6-m/nofp/libc.a(lib_a-realloc.o) (_realloc_r)
/usr/lib/gcc/arm-none-eabi/10.3.1/../../../arm-none-eabi/lib/thumb/v6-m/nofp/libc.a(lib_a-refill.o)
                              /usr/lib/gcc/arm-none-eabi/10.3.1/../../../arm-none-eabi/lib/thumb/v6-m/nofp/libc.a(lib_a-fread.o) (__srefill_r)
/usr/lib/gcc/arm-none-eabi/10.3.1/../../../arm-none-eabi/lib/thumb/v6-m/nofp/libc.a(lib_a-sbrkr.o)
                              /usr/lib/gcc/arm-none-eabi/10.3.1/../../../arm-none-eabi/lib/thumb/v6-m/nofp/libc.a(lib_a-freer.o) (_sbrk_r)
/usr/lib/gcc/arm-none-eabi/10.3.1/../../../arm-none-eabi/lib/thumb/v6-m/nofp/libc.a(lib_a-strlen-stub.o)
                              CMakeFiles/pdnd_airtag.dir/pdnd/display/font_renderer.c.obj (strlen)
/usr/lib/gcc/arm-none-eabi/10.3.1/../../../arm-none-eabi/lib/thumb/v6-m/nofp/libc.a(lib_a-__atexit.o)
                              /usr/lib/gcc/arm-none-eabi/10.3.1/../../../arm-none-eabi/lib/thumb/v6-m/nofp/libc.a(lib_a-atexit.o) (__register_exitproc)
/usr/lib/gcc/arm-none-eabi/10.3.1/../../../arm-none-eabi/lib/thumb/v6-m/nofp/libc.a(lib_a-fflush.o)
                              /usr/lib/gcc/arm-none-eabi/10.3.1/../../../arm-none-eabi/lib/thumb/v6-m/nofp/libc.a(lib_a-refill.o) (__sflush_r)
/usr/lib/gcc/arm-none-eabi/10.3.1/../../../arm-none-eabi/lib/thumb/v6-m/nofp/libc.a(lib_a-findfp.o)
                              /usr/lib/gcc/arm-none-eabi/10.3.1/../../../arm-none-eabi/lib/thumb/v6-m/nofp/libc.a(lib_a-fread.o) (__sinit)
/usr/lib/gcc/arm-none-eabi/10.3.1/../../../arm-none-eabi/lib/thumb/v6-m/nofp/libc.a(lib_a-fwalk.o)
                              /usr/lib/gcc/arm-none-eabi/10.3.1/../../../arm-none-eabi/lib/thumb/v6-m/nofp/libc.a(lib_a-refill.o) (_fwalk)
[...]
Memory Configuration

Name             Origin             Length             Attributes
FLASH            0x0000000010000000 0x0000000000200000 xr
RAM              0x0000000020000000 0x0000000000040000 xrw
SCRATCH_X        0x0000000020040000 0x0000000000001000 xrw
SCRATCH_Y        0x0000000020041000 0x0000000000001000 xrw
*default*        0x0000000000000000 0xffffffffffffffff

Linker script and memory map

LOAD /usr/lib/gcc/arm-none-eabi/10.3.1/thumb/v6-m/nofp/crti.o
LOAD /usr/lib/gcc/arm-none-eabi/10.3.1/thumb/v6-m/nofp/crtbegin.o
LOAD /usr/lib/gcc/arm-none-eabi/10.3.1/../../../arm-none-eabi/lib/thumb/v6-m/nofp/crt0.o

.flash_begin    0x0000000010000000        0x0
                0x0000000010000000                __flash_binary_start = .

.boot2          0x0000000010000000      0x100
                0x0000000010000000                __boot2_start__ = .
 *(.boot2)
 .boot2         0x0000000010000000      0x100 /tmp/ccYVNU1m.o
                0x0000000010000100                __boot2_end__ = .
                0x0000000000000001                ASSERT (((__boot2_end__ - __boot2_start__) == 0x100), ERROR: Pico second stage bootloader must be 256 bytes in size)

.text           0x0000000010000100     0x93b8
                0x0000000010000100                __logical_binary_start = .
 *(.vectors)
 .vectors       0x0000000010000100       0xd4 CMakeFiles/pdnd_airtag.dir/home/wrongbaud/vss/research/pico/pico-sdk/src/rp2_common/pico_standard_link/crt0.S.obj
                0x0000000010000100                __vectors
                0x0000000010000100                __VECTOR_TABLE
                0x00000000100001c0                isr_invalid
                0x00000000100001c0                __default_isrs_start
                0x00000000100001c2                isr_nmi
                0x00000000100001c4                isr_hardfault
                0x00000000100001c6                isr_svcall
                0x00000000100001c8                isr_pendsv
                0x00000000100001ca                isr_systick
                0x00000000100001cc                isr_irq30
                0x00000000100001cc                __unhandled_user_irq
                0x00000000100001cc                isr_irq13
                0x00000000100001cc                isr_irq27
                0x00000000100001cc                isr_irq31
                0x00000000100001cc                isr_irq5
                0x00000000100001cc                isr_irq11
                0x00000000100001cc                isr_irq23
                0x00000000100001cc                isr_irq18
                0x00000000100001cc                isr_irq28
                0x00000000100001cc                isr_irq19
                0x00000000100001cc                isr_irq0
                0x00000000100001cc                isr_irq6
                0x00000000100001cc                isr_irq22
                0x00000000100001cc                isr_irq17
                0x00000000100001cc                isr_irq14
                0x00000000100001cc                isr_irq2
                0x00000000100001cc                isr_irq10
                0x00000000100001cc                isr_irq8
                0x00000000100001cc                isr_irq24
                0x00000000100001cc                isr_irq1
                0x00000000100001cc                isr_irq7
                0x00000000100001cc                isr_irq21
                0x00000000100001cc                isr_irq20
                0x00000000100001cc                isr_irq15
                0x00000000100001cc                isr_irq25
                0x00000000100001cc                isr_irq4
                0x00000000100001cc                isr_irq16
                0x00000000100001cc                isr_irq29
                0x00000000100001cc                isr_irq26
                0x00000000100001cc                __default_isrs_end
                0x00000000100001cc                isr_irq3
                0x00000000100001cc                isr_irq12
                0x00000000100001cc                isr_irq9
                0x00000000100001d2                unhandled_user_irq_num_in_r0
 *(.binary_info_header)
 .binary_info_header
                0x00000000100001d4       0x14 CMakeFiles/pdnd_airtag.dir/home/wrongbaud/vss/research/pico/pico-sdk/src/rp2_common/pico_standard_link/crt0.S.obj
                0x00000000100001e8                __binary_info_header_end = .
 *(.reset)
 .reset         0x00000000100001e8       0xa8 CMakeFiles/pdnd_airtag.dir/home/wrongbaud/vss/research/pico/pico-sdk/src/rp2_common/pico_standard_link/crt0.S.obj
                0x00000000100001e8                _entry_point
                0x0000000010000266                __get_current_exception
 .reset         0x0000000010000290       0x30 CMakeFiles/pdnd_airtag.dir/home/wrongbaud/vss/research/pico/pico-sdk/src/rp2_common/pico_standard_link/binary_info.c.obj
 *(.init)
 .init          0x00000000100002c0        0x4 /usr/lib/gcc/arm-none-eabi/10.3.1/thumb/v6-m/nofp/crti.o
                0x00000000100002c0                _init
 *(EXCLUDE_FILE(*libm.a: *libc.a:*lib_a-mem*.o *libgcc.a:) .text*)
 .text          0x00000000100002c4       0x98 /usr/lib/gcc/arm-none-eabi/10.3.1/thumb/v6-m/nofp/crtbegin.o
 .text.initialize_board
                0x000000001000035c       0x64 CMakeFiles/pdnd_airtag.dir/main.c.obj
                0x000000001000035c                initialize_board
 .text.startup.main
                0x00000000100003c0      0x180 CMakeFiles/pdnd_airtag.dir/main.c.obj
                0x00000000100003c0                main
 .text.pio_i2c_stop
                0x0000000010000540       0xa0 CMakeFiles/pdnd_airtag.dir/pdnd/pio/pio_i2c.c.obj
                0x0000000010000540                pio_i2c_stop
 .text.pio_i2c_write_blocking
                0x00000000100005e0      0x1d4 CMakeFiles/pdnd_airtag.dir/pdnd/pio/pio_i2c.c.obj
                0x00000000100005e0                pio_i2c_write_blocking
 .text.pdnd_initialize
                0x00000000100007b4       0x44 CMakeFiles/pdnd_airtag.dir/pdnd/pdnd.c.obj
                0x00000000100007b4                pdnd_initialize
 .text.pdnd_enable_buffers
                0x00000000100007f8       0x14 CMakeFiles/pdnd_airtag.dir/pdnd/pdnd.c.obj
                0x00000000100007f8                pdnd_enable_buffers
 .text.pdnd_display_create
                0x000000001000080c      0x144 CMakeFiles/pdnd_airtag.dir/pdnd/pdnd_display.c.obj
                0x000000001000080c                pdnd_display_create
 .text.pdnd_display_initialize
                0x0000000010000950       0x1c CMakeFiles/pdnd_airtag.dir/pdnd/pdnd_display.c.obj
                0x0000000010000950                pdnd_display_initialize
 .text.cls      0x000000001000096c       0x20 CMakeFiles/pdnd_airtag.dir/pdnd/pdnd_display.c.obj
                0x000000001000096c                cls
 .text.ssd1306_clear_display
                0x000000001000098c       0x10 CMakeFiles/pdnd_airtag.dir/pdnd/display/ssd1306.c.obj
                0x000000001000098c                ssd1306_clear_display
 .text.ssd1306_display
                0x000000001000099c       0x84 CMakeFiles/pdnd_airtag.dir/pdnd/display/ssd1306.c.obj
                0x000000001000099c                ssd1306_display
 .text.ssd1306_begin
                0x0000000010000a20      0x29c CMakeFiles/pdnd_airtag.dir/pdnd/display/ssd1306.c.obj
                0x0000000010000a20                ssd1306_begin
 .text.gpio_set_function
                0x0000000010000cbc       0x30 CMakeFiles/pdnd_airtag.dir/home/wrongbaud/vss/research/pico/pico-sdk/src/rp2_common/hardware_gpio/gpio.c.obj
                0x0000000010000cbc                gpio_set_function
 .text.gpio_set_pulls
                0x0000000010000cec       0x30 CMakeFiles/pdnd_airtag.dir/home/wrongbaud/vss/research/pico/pico-sdk/src/rp2_common/hardware_gpio/gpio.c.obj
                0x0000000010000cec                gpio_set_pulls
 .text.gpio_set_oeover
                0x0000000010000d1c       0x24 CMakeFiles/pdnd_airtag.dir/home/wrongbaud/vss/research/pico/pico-sdk/src/rp2_common/hardware_gpio/gpio.c.obj
                0x0000000010000d1c                gpio_set_oeover
 .text.gpio_init
                0x0000000010000d40       0x3c CMakeFiles/pdnd_airtag.dir/home/wrongbaud/vss/research/pico/pico-sdk/src/rp2_common/hardware_gpio/gpio.c.obj
                0x0000000010000d40                gpio_init
 .text.hw_claim_lock
                0x0000000010000d7c       0x18 CMakeFiles/pdnd_airtag.dir/home/wrongbaud/vss/research/pico/pico-sdk/src/rp2_common/hardware_claim/claim.c.obj
                0x0000000010000d7c                hw_claim_lock
 .text.hw_claim_unlock
                0x0000000010000d94       0x14 CMakeFiles/pdnd_airtag.dir/home/wrongbaud/vss/research/pico/pico-sdk/src/rp2_common/hardware_claim/claim.c.obj
                0x0000000010000d94                hw_claim_unlock
 .text.hw_claim_or_assert
                0x0000000010000da8       0x44 CMakeFiles/pdnd_airtag.dir/home/wrongbaud/vss/research/pico/pico-sdk/src/rp2_common/hardware_claim/claim.c.obj
                0x0000000010000da8                hw_claim_or_assert
 .text.hw_claim_unused_from_range
                0x0000000010000dec       0x9c CMakeFiles/pdnd_airtag.dir/home/wrongbaud/vss/research/pico/pico-sdk/src/rp2_common/hardware_claim/claim.c.obj
                0x0000000010000dec                hw_claim_unused_from_range
 .text.running_on_fpga
                0x0000000010000e88       0x10 CMakeFiles/pdnd_airtag.dir/home/wrongbaud/vss/research/pico/pico-sdk/src/rp2_common/pico_platform/platform.c.obj
                0x0000000010000e88                running_on_fpga
 .text.spin_locks_reset
                0x0000000010000e98       0x1c CMakeFiles/pdnd_airtag.dir/home/wrongbaud/vss/research/pico/pico-sdk/src/rp2_common/hardware_sync/sync.c.obj
                0x0000000010000e98                spin_locks_reset
 .text.next_striped_spin_lock_num
                0x0000000010000eb4       0x18 CMakeFiles/pdnd_airtag.dir/home/wrongbaud/vss/research/pico/pico-sdk/src/rp2_common/hardware_sync/sync.c.obj
                0x0000000010000eb4                next_striped_spin_lock_num
 .text.spin_lock_claim_unused
                0x0000000010000ecc       0x20 CMakeFiles/pdnd_airtag.dir/home/wrongbaud/vss/research/pico/pico-sdk/src/rp2_common/hardware_sync/sync.c.obj
                0x0000000010000ecc                spin_lock_claim_unused
 .text.irq_set_enabled
                0x0000000010000eec       0x24 CMakeFiles/pdnd_airtag.dir/home/wrongbaud/vss/research/pico/pico-sdk/src/rp2_common/hardware_irq/irq.c.obj
                0x0000000010000eec                irq_set_enabled
 .text.irq_set_pending
                0x0000000010000f10       0x10 CMakeFiles/pdnd_airtag.dir/home/wrongbaud/vss/research/pico/pico-sdk/src/rp2_common/hardware_irq/irq.c.obj
                0x0000000010000f10                irq_set_pending
 .text.irq_has_shared_handler
                0x0000000010000f20       0x2c CMakeFiles/pdnd_airtag.dir/home/wrongbaud/vss/research/pico/pico-sdk/src/rp2_common/hardware_irq/irq.c.obj
                0x0000000010000f20                irq_has_shared_handler
 .text.irq_get_vtable_handler
                0x0000000010000f4c       0x10 CMakeFiles/pdnd_airtag.dir/home/wrongbaud/vss/research/pico/pico-sdk/src/rp2_common/hardware_irq/irq.c.obj
                0x0000000010000f4c                irq_get_vtable_handler
 .text.irq_set_exclusive_handler
                0x0000000010000f5c       0x54 CMakeFiles/pdnd_airtag.dir/home/wrongbaud/vss/research/pico/pico-sdk/src/rp2_common/hardware_irq/irq.c.obj
                0x0000000010000f5c                irq_set_exclusive_handler
 .text.irq_add_shared_handler
                0x0000000010000fb0      0x1e4 CMakeFiles/pdnd_airtag.dir/home/wrongbaud/vss/research/pico/pico-sdk/src/rp2_common/hardware_irq/irq.c.obj
                0x0000000010000fb0                irq_add_shared_handler
 .text.irq_remove_handler
                0x0000000010001194      0x1b4 CMakeFiles/pdnd_airtag.dir/home/wrongbaud/vss/research/pico/pico-sdk/src/rp2_common/hardware_irq/irq.c.obj
                0x0000000010001194                irq_remove_handler
 .text.irq_add_tail_to_free_list
                0x0000000010001348       0xb4 CMakeFiles/pdnd_airtag.dir/home/wrongbaud/vss/research/pico/pico-sdk/src/rp2_common/hardware_irq/irq.c.obj
                0x0000000010001348                irq_add_tail_to_free_list
 .text.irq_init_priorities
                0x00000000100013fc       0x24 CMakeFiles/pdnd_airtag.dir/home/wrongbaud/vss/research/pico/pico-sdk/src/rp2_common/hardware_irq/irq.c.obj
                0x00000000100013fc                irq_init_priorities
 .text.user_irq_claim_unused
                0x0000000010001420       0x30 CMakeFiles/pdnd_airtag.dir/home/wrongbaud/vss/research/pico/pico-sdk/src/rp2_common/hardware_irq/irq.c.obj
                0x0000000010001420                user_irq_claim_unused
 .text.lock_init
                0x0000000010001450       0x10 CMakeFiles/pdnd_airtag.dir/home/wrongbaud/vss/research/pico/pico-sdk/src/common/pico_sync/lock_core.c.obj
                0x0000000010001450                lock_init
 .text.timer_pool_entry_comparator
                0x0000000010001460       0x34 CMakeFiles/pdnd_airtag.dir/home/wrongbaud/vss/research/pico/pico-sdk/src/common/pico_time/time.c.obj
                0x0000000010001460                timer_pool_entry_comparator
 .text.sleep_until_callback
                0x0000000010001494       0x30 CMakeFiles/pdnd_airtag.dir/home/wrongbaud/vss/research/pico/pico-sdk/src/common/pico_time/time.c.obj
 .text.add_alarm_under_lock.isra.0
                0x00000000100014c4      0x100 CMakeFiles/pdnd_airtag.dir/home/wrongbaud/vss/research/pico/pico-sdk/src/common/pico_time/time.c.obj
 .text.alarm_pool_alarm_callback
                0x00000000100015c4      0x1c8 CMakeFiles/pdnd_airtag.dir/home/wrongbaud/vss/research/pico/pico-sdk/src/common/pico_time/time.c.obj
 .text.alarm_pool_add_alarm_at.constprop.0
                0x000000001000178c      0x11c CMakeFiles/pdnd_airtag.dir/home/wrongbaud/vss/research/pico/pico-sdk/src/common/pico_time/time.c.obj
 .text.alarm_pool_init_default
                0x00000000100018a8       0x64 CMakeFiles/pdnd_airtag.dir/home/wrongbaud/vss/research/pico/pico-sdk/src/common/pico_time/time.c.obj
                0x00000000100018a8                alarm_pool_init_default
 .text.alarm_pool_get_default
                0x000000001000190c        0x8 CMakeFiles/pdnd_airtag.dir/home/wrongbaud/vss/research/pico/pico-sdk/src/common/pico_time/time.c.obj
                0x000000001000190c                alarm_pool_get_default
 .text.alarm_pool_add_alarm_at
                0x0000000010001914      0x194 CMakeFiles/pdnd_airtag.dir/home/wrongbaud/vss/research/pico/pico-sdk/src/common/pico_time/time.c.obj
                0x0000000010001914                alarm_pool_add_alarm_at
 .text.sleep_until
                0x0000000010001aa8       0xac CMakeFiles/pdnd_airtag.dir/home/wrongbaud/vss/research/pico/pico-sdk/src/common/pico_time/time.c.obj
                0x0000000010001aa8                sleep_until
 .text.sleep_ms
                0x0000000010001b54       0x38 CMakeFiles/pdnd_airtag.dir/home/wrongbaud/vss/research/pico/pico-sdk/src/common/pico_time/time.c.obj
                0x0000000010001b54                sleep_ms
 .text.best_effort_wfe_or_timeout
                0x0000000010001b8c       0xd4 CMakeFiles/pdnd_airtag.dir/home/wrongbaud/vss/research/pico/pico-sdk/src/common/pico_time/time.c.obj
                0x0000000010001b8c                best_effort_wfe_or_timeout
 .text.hardware_alarm_irq_handler
                0x0000000010001c60       0xb8 CMakeFiles/pdnd_airtag.dir/home/wrongbaud/vss/research/pico/pico-sdk/src/rp2_common/hardware_timer/timer.c.obj
 .text.hardware_alarm_claim
                0x0000000010001d18       0x18 CMakeFiles/pdnd_airtag.dir/home/wrongbaud/vss/research/pico/pico-sdk/src/rp2_common/hardware_timer/timer.c.obj
                0x0000000010001d18                hardware_alarm_claim
 .text.time_us_64
                0x0000000010001d30       0x14 CMakeFiles/pdnd_airtag.dir/home/wrongbaud/vss/research/pico/pico-sdk/src/rp2_common/hardware_timer/timer.c.obj
                0x0000000010001d30                time_us_64
 .text.busy_wait_us
                0x0000000010001d44       0x54 CMakeFiles/pdnd_airtag.dir/home/wrongbaud/vss/research/pico/pico-sdk/src/rp2_common/hardware_timer/timer.c.obj
                0x0000000010001d44                busy_wait_us
 .text.busy_wait_until
                0x0000000010001d98       0x20 CMakeFiles/pdnd_airtag.dir/home/wrongbaud/vss/research/pico/pico-sdk/src/rp2_common/hardware_timer/timer.c.obj
                0x0000000010001d98                busy_wait_until
 .text.hardware_alarm_set_callback
                0x0000000010001db8       0x8c CMakeFiles/pdnd_airtag.dir/home/wrongbaud/vss/research/pico/pico-sdk/src/rp2_common/hardware_timer/timer.c.obj
                0x0000000010001db8                hardware_alarm_set_callback
 .text.hardware_alarm_set_target
                0x0000000010001e44       0xe0 CMakeFiles/pdnd_airtag.dir/home/wrongbaud/vss/research/pico/pico-sdk/src/rp2_common/hardware_timer/timer.c.obj
                0x0000000010001e44                hardware_alarm_set_target
 .text.hardware_alarm_cancel
                0x0000000010001f24       0x3c CMakeFiles/pdnd_airtag.dir/home/wrongbaud/vss/research/pico/pico-sdk/src/rp2_common/hardware_timer/timer.c.obj
                0x0000000010001f24                hardware_alarm_cancel
 .text.ph_merge_nodes
                0x0000000010001f60       0x68 CMakeFiles/pdnd_airtag.dir/home/wrongbaud/vss/research/pico/pico-sdk/src/common/pico_util/pheap.c.obj
 .text.ph_post_alloc_init
                0x0000000010001fc8       0x3c CMakeFiles/pdnd_airtag.dir/home/wrongbaud/vss/research/pico/pico-sdk/src/common/pico_util/pheap.c.obj
                0x0000000010001fc8                ph_post_alloc_init
 .text.ph_merge_two_pass
                0x0000000010002004       0x90 CMakeFiles/pdnd_airtag.dir/home/wrongbaud/vss/research/pico/pico-sdk/src/common/pico_util/pheap.c.obj
                0x0000000010002004                ph_merge_two_pass
 .text.ph_remove_any_head
                0x0000000010002094       0xf8 CMakeFiles/pdnd_airtag.dir/home/wrongbaud/vss/research/pico/pico-sdk/src/common/pico_util/pheap.c.obj
 .text.ph_remove_head
                0x000000001000218c       0xfc CMakeFiles/pdnd_airtag.dir/home/wrongbaud/vss/research/pico/pico-sdk/src/common/pico_util/pheap.c.obj
                0x000000001000218c                ph_remove_head
 .text.ph_remove_and_free_node
                0x0000000010002288       0x7c CMakeFiles/pdnd_airtag.dir/home/wrongbaud/vss/research/pico/pico-sdk/src/common/pico_util/pheap.c.obj
                0x0000000010002288                ph_remove_and_free_node
 .text.mutex_init
                0x0000000010002304       0x1c CMakeFiles/pdnd_airtag.dir/home/wrongbaud/vss/research/pico/pico-sdk/src/common/pico_sync/mutex.c.obj
                0x0000000010002304                mutex_init
 .text.recursive_mutex_init
                0x0000000010002320       0x1c CMakeFiles/pdnd_airtag.dir/home/wrongbaud/vss/research/pico/pico-sdk/src/common/pico_sync/mutex.c.obj
                0x0000000010002320                recursive_mutex_init
 .text.critical_section_init
                0x000000001000233c       0x20 CMakeFiles/pdnd_airtag.dir/home/wrongbaud/vss/research/pico/pico-sdk/src/common/pico_sync/critical_section.c.obj
                0x000000001000233c                critical_section_init
 .text.runtime_init
                0x000000001000235c       0xf0 CMakeFiles/pdnd_airtag.dir/home/wrongbaud/vss/research/pico/pico-sdk/src/rp2_common/pico_runtime/runtime.c.obj
                0x000000001000235c                runtime_init
 .text._sbrk    0x000000001000244c       0x34 CMakeFiles/pdnd_airtag.dir/home/wrongbaud/vss/research/pico/pico-sdk/src/rp2_common/pico_runtime/runtime.c.obj
                0x000000001000244c                _sbrk
 .text.exit     0x0000000010002480        0x4 CMakeFiles/pdnd_airtag.dir/home/wrongbaud/vss/research/pico/pico-sdk/src/rp2_common/pico_runtime/runtime.c.obj
                0x0000000010002480                exit
 .text.panic    0x0000000010002484       0x30 CMakeFiles/pdnd_airtag.dir/home/wrongbaud/vss/research/pico/pico-sdk/src/rp2_common/pico_runtime/runtime.c.obj
                0x0000000010002484                panic
 .text.hard_assertion_failure
                0x00000000100024b4        0xc CMakeFiles/pdnd_airtag.dir/home/wrongbaud/vss/research/pico/pico-sdk/src/rp2_common/pico_runtime/runtime.c.obj
                0x00000000100024b4                hard_assertion_failure
 .text.clocks_init
                0x00000000100024c0      0x2bc CMakeFiles/pdnd_airtag.dir/home/wrongbaud/vss/research/pico/pico-sdk/src/rp2_common/hardware_clocks/clocks.c.obj
                0x00000000100024c0                clocks_init
 .text.clock_get_hz
                0x000000001000277c        0xc CMakeFiles/pdnd_airtag.dir/home/wrongbaud/vss/research/pico/pico-sdk/src/rp2_common/hardware_clocks/clocks.c.obj
                0x000000001000277c                clock_get_hz
 .text.pll_init
                0x0000000010002788       0xb0 CMakeFiles/pdnd_airtag.dir/home/wrongbaud/vss/research/pico/pico-sdk/src/rp2_common/hardware_pll/pll.c.obj
                0x0000000010002788                pll_init
 .text.watchdog_start_tick
                0x0000000010002838       0x10 CMakeFiles/pdnd_airtag.dir/home/wrongbaud/vss/research/pico/pico-sdk/src/rp2_common/hardware_watchdog/watchdog.c.obj
                0x0000000010002838                watchdog_start_tick
 .text.watchdog_reboot
                0x0000000010002848       0x98 CMakeFiles/pdnd_airtag.dir/home/wrongbaud/vss/research/pico/pico-sdk/src/rp2_common/hardware_watchdog/watchdog.c.obj
                0x0000000010002848                watchdog_reboot
 .text.xosc_init
                0x00000000100028e0       0x28 CMakeFiles/pdnd_airtag.dir/home/wrongbaud/vss/research/pico/pico-sdk/src/rp2_common/hardware_xosc/xosc.c.obj
                0x00000000100028e0                xosc_init
 .text._out_null
                0x0000000010002908        0x4 CMakeFiles/pdnd_airtag.dir/home/wrongbaud/vss/research/pico/pico-sdk/src/rp2_common/pico_printf/printf.c.obj
 .text._out_rev
                0x000000001000290c       0x9c CMakeFiles/pdnd_airtag.dir/home/wrongbaud/vss/research/pico/pico-sdk/src/rp2_common/pico_printf/printf.c.obj
 .text._ntoa_format
                0x00000000100029a8      0x1cc CMakeFiles/pdnd_airtag.dir/home/wrongbaud/vss/research/pico/pico-sdk/src/rp2_common/pico_printf/printf.c.obj
 .text._out_char
                0x0000000010002b74       0x10 CMakeFiles/pdnd_airtag.dir/home/wrongbaud/vss/research/pico/pico-sdk/src/rp2_common/pico_printf/printf.c.obj
 .text._out_fct
                0x0000000010002b84       0x10 CMakeFiles/pdnd_airtag.dir/home/wrongbaud/vss/research/pico/pico-sdk/src/rp2_common/pico_printf/printf.c.obj
 .text._etoa    0x0000000010002b94      0x44c CMakeFiles/pdnd_airtag.dir/home/wrongbaud/vss/research/pico/pico-sdk/src/rp2_common/pico_printf/printf.c.obj
 .text._ftoa    0x0000000010002fe0      0x398 CMakeFiles/pdnd_airtag.dir/home/wrongbaud/vss/research/pico/pico-sdk/src/rp2_common/pico_printf/printf.c.obj
 .text._vsnprintf
                0x0000000010003378      0xb04 CMakeFiles/pdnd_airtag.dir/home/wrongbaud/vss/research/pico/pico-sdk/src/rp2_common/pico_printf/printf.c.obj
 .text.vfctprintf
                0x0000000010003e7c       0x20 CMakeFiles/pdnd_airtag.dir/home/wrongbaud/vss/research/pico/pico-sdk/src/rp2_common/pico_printf/printf.c.obj
                0x0000000010003e7c                vfctprintf
 .text.weak_raw_vprintf
                0x0000000010003e9c       0x30 CMakeFiles/pdnd_airtag.dir/home/wrongbaud/vss/research/pico/pico-sdk/src/rp2_common/pico_printf/printf.c.obj
                0x0000000010003e9c                weak_raw_vprintf
 .text          0x0000000010003ecc       0x10 CMakeFiles/pdnd_airtag.dir/home/wrongbaud/vss/research/pico/pico-sdk/src/rp2_common/pico_bit_ops/bit_ops_aeabi.S.obj
 .text.ctzsi    0x0000000010003edc        0xc CMakeFiles/pdnd_airtag.dir/home/wrongbaud/vss/research/pico/pico-sdk/src/rp2_common/pico_bit_ops/bit_ops_aeabi.S.obj
                0x0000000010003edc                __wrap___ctzsi2
 .text.rom_func_lookup
                0x0000000010003ee8       0x10 CMakeFiles/pdnd_airtag.dir/home/wrongbaud/vss/research/pico/pico-sdk/src/rp2_common/pico_bootrom/bootrom.c.obj
                0x0000000010003ee8                rom_func_lookup
 .text.rom_data_lookup
                0x0000000010003ef8       0x10 CMakeFiles/pdnd_airtag.dir/home/wrongbaud/vss/research/pico/pico-sdk/src/rp2_common/pico_bootrom/bootrom.c.obj
                0x0000000010003ef8                rom_data_lookup
 .text.rom_funcs_lookup
                0x0000000010003f08       0x44 CMakeFiles/pdnd_airtag.dir/home/wrongbaud/vss/research/pico/pico-sdk/src/rp2_common/pico_bootrom/bootrom.c.obj
                0x0000000010003f08                rom_funcs_lookup
 .text.__wrap___aeabi_idiv
                0x0000000010003f4c       0x50 CMakeFiles/pdnd_airtag.dir/home/wrongbaud/vss/research/pico/pico-sdk/src/rp2_common/pico_divider/divider.S.obj
                0x0000000010003f4c                __wrap___aeabi_idivmod
                0x0000000010003f4c                divmod_s32s32
                0x0000000010003f4c                div_s32s32
                0x0000000010003f4c                __wrap___aeabi_idiv
                0x0000000010003f54                divmod_s32s32_unsafe
                0x0000000010003f80                divmod_s32s32_savestate
 .text.__wrap___aeabi_uidiv
                0x0000000010003f9c       0x4c CMakeFiles/pdnd_airtag.dir/home/wrongbaud/vss/research/pico/pico-sdk/src/rp2_common/pico_divider/divider.S.obj
                0x0000000010003f9c                __wrap___aeabi_uidiv
                0x0000000010003f9c                __wrap___aeabi_uidivmod
                0x0000000010003f9c                div_u32u32
                0x0000000010003f9c                divmod_u32u32
                0x0000000010003fa4                divmod_u32u32_unsafe
                0x0000000010003fcc                divmod_u32u32_savestate
 .text.__wrap___aeabi_ldiv
                0x0000000010003fe8      0x434 CMakeFiles/pdnd_airtag.dir/home/wrongbaud/vss/research/pico/pico-sdk/src/rp2_common/pico_divider/divider.S.obj
                0x0000000010003fe8                div_s64s64
                0x0000000010003fe8                divmod_s64s64
                0x0000000010003fe8                __wrap___aeabi_ldivmod
                0x0000000010004020                div_u64u64
                0x0000000010004020                divmod_u64u64
                0x0000000010004020                __wrap___aeabi_uldivmod
                0x0000000010004030                divmod_u64u64_savestate
                0x0000000010004058                divmod_s64s64_unsafe
                0x00000000100040e0                divmod_u64u64_unsafe
 .text.__wrap___aeabi_darithmetic
                0x000000001000441c       0x80 CMakeFiles/pdnd_airtag.dir/home/wrongbaud/vss/research/pico/pico-sdk/src/rp2_common/pico_double/double_aeabi.S.obj
                0x000000001000441c                __wrap___aeabi_drsub
                0x0000000010004422                __wrap___aeabi_dsub
                0x0000000010004434                __wrap___aeabi_dadd
                0x0000000010004446                __wrap___aeabi_ddiv
                0x0000000010004482                __wrap___aeabi_dmul
 .text.__wrap___aeabi_cdcmple
                0x000000001000449c       0x6c CMakeFiles/pdnd_airtag.dir/home/wrongbaud/vss/research/pico/pico-sdk/src/rp2_common/pico_double/double_aeabi.S.obj
                0x000000001000449c                __wrap___aeabi_cdrcmple
                0x00000000100044ac                __wrap___aeabi_cdcmple
                0x00000000100044ac                __wrap___aeabi_cdcmpeq
 .text.__wrap___aeabi_dcmplt
                0x0000000010004508        0xc CMakeFiles/pdnd_airtag.dir/home/wrongbaud/vss/research/pico/pico-sdk/src/rp2_common/pico_double/double_aeabi.S.obj
                0x0000000010004508                __wrap___aeabi_dcmplt
 .text.__wrap___aeabi_dcmple
                0x0000000010004514       0x10 CMakeFiles/pdnd_airtag.dir/home/wrongbaud/vss/research/pico/pico-sdk/src/rp2_common/pico_double/double_aeabi.S.obj
                0x0000000010004514                __wrap___aeabi_dcmple
 .text.__wrap___aeabi_dcmpge
                0x0000000010004524       0x10 CMakeFiles/pdnd_airtag.dir/home/wrongbaud/vss/research/pico/pico-sdk/src/rp2_common/pico_double/double_aeabi.S.obj
                0x0000000010004524                __wrap___aeabi_dcmpge
 .text.__wrap___aeabi_dcmpgt
                0x0000000010004534        0xa CMakeFiles/pdnd_airtag.dir/home/wrongbaud/vss/research/pico/pico-sdk/src/rp2_common/pico_double/double_aeabi.S.obj
                0x0000000010004534                __wrap___aeabi_dcmpgt
 .text.__wrap___aeabi_dcmpun
                0x000000001000453e       0x1c CMakeFiles/pdnd_airtag.dir/home/wrongbaud/vss/research/pico/pico-sdk/src/rp2_common/pico_double/double_aeabi.S.obj
                0x000000001000453e                __wrap___aeabi_dcmpun
 *fill*         0x000000001000455a        0x2 
 .text.__wrap___aeabi_i2d
                0x000000001000455c       0x38 CMakeFiles/pdnd_airtag.dir/home/wrongbaud/vss/research/pico/pico-sdk/src/rp2_common/pico_double/double_aeabi.S.obj
                0x000000001000455c                __wrap___aeabi_ui2d
                0x0000000010004564                __wrap___aeabi_i2d
 .text.__wrap___aeabi_d2iz
                0x0000000010004594       0x48 CMakeFiles/pdnd_airtag.dir/home/wrongbaud/vss/research/pico/pico-sdk/src/rp2_common/pico_double/double_aeabi.S.obj
                0x0000000010004594                __wrap___aeabi_d2iz
                0x0000000010004594                double2int_z
 .text.__wrap___aeabi_d2uiz
                0x00000000100045dc       0x18 CMakeFiles/pdnd_airtag.dir/home/wrongbaud/vss/research/pico/pico-sdk/src/rp2_common/pico_double/double_aeabi.S.obj
                0x00000000100045dc                double2uint
                0x00000000100045dc                __wrap___aeabi_d2uiz
 .text.__aeabi_double_init
                0x00000000100045f4       0x94 CMakeFiles/pdnd_airtag.dir/home/wrongbaud/vss/research/pico/pico-sdk/src/rp2_common/pico_double/double_init_rom.c.obj
                0x00000000100045f4                __aeabi_double_init
 .text.double_table_shim_on_use_helper
                0x0000000010004688       0x2c CMakeFiles/pdnd_airtag.dir/home/wrongbaud/vss/research/pico/pico-sdk/src/rp2_common/pico_double/double_v1_rom_shim.S.obj
                0x0000000010004688                double_table_shim_on_use_helper
 .text.__wrap___aeabi_dsub
                0x00000000100046b4       0x10 CMakeFiles/pdnd_airtag.dir/home/wrongbaud/vss/research/pico/pico-sdk/src/rp2_common/pico_double/double_v1_rom_shim.S.obj
                0x00000000100046b4                drsub_shim
                0x00000000100046ba                dsub_shim
 .text.dadd_shim
                0x00000000100046c4      0x15c CMakeFiles/pdnd_airtag.dir/home/wrongbaud/vss/research/pico/pico-sdk/src/rp2_common/pico_double/double_v1_rom_shim.S.obj
                0x00000000100046c4                dadd_shim
 .text.dmul_shim
                0x0000000010004820      0x15c CMakeFiles/pdnd_airtag.dir/home/wrongbaud/vss/research/pico/pico-sdk/src/rp2_common/pico_double/double_v1_rom_shim.S.obj
                0x0000000010004820                dmul_shim
 .text.ddiv_shim
                0x000000001000497c      0x1b0 CMakeFiles/pdnd_airtag.dir/home/wrongbaud/vss/research/pico/pico-sdk/src/rp2_common/pico_double/double_v1_rom_shim.S.obj
                0x000000001000497c                ddiv_shim
 .text.double2uint_shim
                0x0000000010004b2c        0xe CMakeFiles/pdnd_airtag.dir/home/wrongbaud/vss/research/pico/pico-sdk/src/rp2_common/pico_double/double_v1_rom_shim.S.obj
                0x0000000010004b2c                double2uint_shim
                0x0000000010004b2e                double2ufix_shim
 *fill*         0x0000000010004b3a        0x2 
 .text.double2uint64_shim
                0x0000000010004b3c       0x70 CMakeFiles/pdnd_airtag.dir/home/wrongbaud/vss/research/pico/pico-sdk/src/rp2_common/pico_double/double_v1_rom_shim.S.obj
                0x0000000010004b3c                double2uint64_shim
                0x0000000010004b3e                double2ufix64_shim
                0x0000000010004b5e                d2fix_a
 .text.dunpacks
                0x0000000010004bac       0x3c CMakeFiles/pdnd_airtag.dir/home/wrongbaud/vss/research/pico/pico-sdk/src/rp2_common/pico_double/double_v1_rom_shim.S.obj
                0x0000000010004bac                dunpacks
 .text.__aeabi_lmul
                0x0000000010004be8       0x32 CMakeFiles/pdnd_airtag.dir/home/wrongbaud/vss/research/pico/pico-sdk/src/rp2_common/pico_int64_ops/pico_int64_ops_aeabi.S.obj
                0x0000000010004be8                __wrap___aeabi_lmul
 *fill*         0x0000000010004c1a        0x2 
 .text.__wrap___aeabi_farithmetic
                0x0000000010004c1c       0x48 CMakeFiles/pdnd_airtag.dir/home/wrongbaud/vss/research/pico/pico-sdk/src/rp2_common/pico_float/float_aeabi.S.obj
                0x0000000010004c1c                __wrap___aeabi_frsub
                0x0000000010004c22                __wrap___aeabi_fsub
                0x0000000010004c28                __wrap___aeabi_fadd
                0x0000000010004c2e                __wrap___aeabi_fdiv
                0x0000000010004c56                __wrap___aeabi_fmul
 .text.__wrap___aeabi_ui2f
                0x0000000010004c64        0xa CMakeFiles/pdnd_airtag.dir/home/wrongbaud/vss/research/pico/pico-sdk/src/rp2_common/pico_float/float_aeabi.S.obj
                0x0000000010004c64                __wrap___aeabi_ui2f
 *fill*         0x0000000010004c6e        0x2 
 .text.__wrap___aeabi_i2f
                0x0000000010004c70       0x44 CMakeFiles/pdnd_airtag.dir/home/wrongbaud/vss/research/pico/pico-sdk/src/rp2_common/pico_float/float_aeabi.S.obj
                0x0000000010004c70                __wrap___aeabi_i2f
 .text.__wrap___aeabi_f2uiz
                0x0000000010004cb4        0xc CMakeFiles/pdnd_airtag.dir/home/wrongbaud/vss/research/pico/pico-sdk/src/rp2_common/pico_float/float_aeabi.S.obj
                0x0000000010004cb4                __wrap___aeabi_f2uiz
 .text.__aeabi_float_init
                0x0000000010004cc0       0x64 CMakeFiles/pdnd_airtag.dir/home/wrongbaud/vss/research/pico/pico-sdk/src/rp2_common/pico_float/float_init_rom.c.obj
                0x0000000010004cc0                __aeabi_float_init
 .text.float_table_shim_on_use_helper
                0x0000000010004d24       0x2c CMakeFiles/pdnd_airtag.dir/home/wrongbaud/vss/research/pico/pico-sdk/src/rp2_common/pico_float/float_v1_rom_shim.S.obj
                0x0000000010004d24                float_table_shim_on_use_helper
 .text.__wrap_malloc
                0x0000000010004d50       0x24 CMakeFiles/pdnd_airtag.dir/home/wrongbaud/vss/research/pico/pico-sdk/src/rp2_common/pico_malloc/pico_malloc.c.obj
                0x0000000010004d50                __wrap_malloc
 .text.__wrap_calloc
                0x0000000010004d74       0x24 CMakeFiles/pdnd_airtag.dir/home/wrongbaud/vss/research/pico/pico-sdk/src/rp2_common/pico_malloc/pico_malloc.c.obj
                0x0000000010004d74                __wrap_calloc
 .text.__wrap_free
                0x0000000010004d98        0x8 CMakeFiles/pdnd_airtag.dir/home/wrongbaud/vss/research/pico/pico-sdk/src/rp2_common/pico_malloc/pico_malloc.c.obj
                0x0000000010004d98                __wrap_free
 .text          0x0000000010004da0       0x10 CMakeFiles/pdnd_airtag.dir/home/wrongbaud/vss/research/pico/pico-sdk/src/rp2_common/pico_mem_ops/mem_ops_aeabi.S.obj
                0x0000000010004da0                __aeabi_mem_init
 .text.memset   0x0000000010004db0        0xc CMakeFiles/pdnd_airtag.dir/home/wrongbaud/vss/research/pico/pico-sdk/src/rp2_common/pico_mem_ops/mem_ops_aeabi.S.obj
                0x0000000010004db0                __wrap_memset
 .text.memcpy   0x0000000010004dbc        0xc CMakeFiles/pdnd_airtag.dir/home/wrongbaud/vss/research/pico/pico-sdk/src/rp2_common/pico_mem_ops/mem_ops_aeabi.S.obj
                0x0000000010004dbc                __wrap___aeabi_memcpy
                0x0000000010004dbc                __wrap_memcpy
 .text.stdio_out_chars_no_crlf
                0x0000000010004dc8       0x10 CMakeFiles/pdnd_airtag.dir/home/wrongbaud/vss/research/pico/pico-sdk/src/rp2_common/pico_stdio/stdio.c.obj
 .text.stdio_out_chars_crlf
                0x0000000010004dd8       0xb4 CMakeFiles/pdnd_airtag.dir/home/wrongbaud/vss/research/pico/pico-sdk/src/rp2_common/pico_stdio/stdio.c.obj
 .text.stdio_buffered_printer
                0x0000000010004e8c       0x64 CMakeFiles/pdnd_airtag.dir/home/wrongbaud/vss/research/pico/pico-sdk/src/rp2_common/pico_stdio/stdio.c.obj
 .text.stdio_put_string.isra.0
                0x0000000010004ef0       0xfc CMakeFiles/pdnd_airtag.dir/home/wrongbaud/vss/research/pico/pico-sdk/src/rp2_common/pico_stdio/stdio.c.obj
 .text.__wrap_putchar
                0x0000000010004fec       0xa0 CMakeFiles/pdnd_airtag.dir/home/wrongbaud/vss/research/pico/pico-sdk/src/rp2_common/pico_stdio/stdio.c.obj
                0x0000000010004fec                __wrap_putchar
 .text.__wrap_puts
                0x000000001000508c       0x3c CMakeFiles/pdnd_airtag.dir/home/wrongbaud/vss/research/pico/pico-sdk/src/rp2_common/pico_stdio/stdio.c.obj
                0x000000001000508c                __wrap_puts
 .text._read    0x00000000100050c8       0x94 CMakeFiles/pdnd_airtag.dir/home/wrongbaud/vss/research/pico/pico-sdk/src/rp2_common/pico_stdio/stdio.c.obj
                0x00000000100050c8                _read
 .text._write   0x000000001000515c       0xb0 CMakeFiles/pdnd_airtag.dir/home/wrongbaud/vss/research/pico/pico-sdk/src/rp2_common/pico_stdio/stdio.c.obj
                0x000000001000515c                _write
 .text.stdio_set_driver_enabled
                0x000000001000520c       0x30 CMakeFiles/pdnd_airtag.dir/home/wrongbaud/vss/research/pico/pico-sdk/src/rp2_common/pico_stdio/stdio.c.obj
                0x000000001000520c                stdio_set_driver_enabled
 .text.__wrap_vprintf
                0x000000001000523c       0xd8 CMakeFiles/pdnd_airtag.dir/home/wrongbaud/vss/research/pico/pico-sdk/src/rp2_common/pico_stdio/stdio.c.obj
                0x000000001000523c                __wrap_vprintf
 .text.__wrap_printf
                0x0000000010005314       0x18 CMakeFiles/pdnd_airtag.dir/home/wrongbaud/vss/research/pico/pico-sdk/src/rp2_common/pico_stdio/stdio.c.obj
                0x0000000010005314                __wrap_printf
 .text.stdio_init_all
                0x000000001000532c        0x8 CMakeFiles/pdnd_airtag.dir/home/wrongbaud/vss/research/pico/pico-sdk/src/rp2_common/pico_stdio/stdio.c.obj
                0x000000001000532c                stdio_init_all
 .text.__wrap_getchar
                0x0000000010005334       0x74 CMakeFiles/pdnd_airtag.dir/home/wrongbaud/vss/research/pico/pico-sdk/src/rp2_common/pico_stdio/stdio.c.obj
                0x0000000010005334                __wrap_getchar
 .text.stdio_set_translate_crlf
                0x00000000100053a8       0x10 CMakeFiles/pdnd_airtag.dir/home/wrongbaud/vss/research/pico/pico-sdk/src/rp2_common/pico_stdio/stdio.c.obj
                0x00000000100053a8                stdio_set_translate_crlf
 .text.resetd_init
                0x00000000100053b8        0x4 CMakeFiles/pdnd_airtag.dir/home/wrongbaud/vss/research/pico/pico-sdk/src/rp2_common/pico_stdio_usb/reset_interface.c.obj
 .text.resetd_reset
                0x00000000100053bc        0xc CMakeFiles/pdnd_airtag.dir/home/wrongbaud/vss/research/pico/pico-sdk/src/rp2_common/pico_stdio_usb/reset_interface.c.obj
 .text.resetd_open
                0x00000000100053c8       0x28 CMakeFiles/pdnd_airtag.dir/home/wrongbaud/vss/research/pico/pico-sdk/src/rp2_common/pico_stdio_usb/reset_interface.c.obj
 .text.resetd_xfer_cb
                0x00000000100053f0        0x4 CMakeFiles/pdnd_airtag.dir/home/wrongbaud/vss/research/pico/pico-sdk/src/rp2_common/pico_stdio_usb/reset_interface.c.obj
 .text.resetd_control_xfer_cb
                0x00000000100053f4       0x64 CMakeFiles/pdnd_airtag.dir/home/wrongbaud/vss/research/pico/pico-sdk/src/rp2_common/pico_stdio_usb/reset_interface.c.obj
 .text.usbd_app_driver_get_cb
                0x0000000010005458        0xc CMakeFiles/pdnd_airtag.dir/home/wrongbaud/vss/research/pico/pico-sdk/src/rp2_common/pico_stdio_usb/reset_interface.c.obj
                0x0000000010005458                usbd_app_driver_get_cb
 .text.tud_cdc_line_coding_cb
                0x0000000010005464       0x34 CMakeFiles/pdnd_airtag.dir/home/wrongbaud/vss/research/pico/pico-sdk/src/rp2_common/pico_stdio_usb/reset_interface.c.obj
                0x0000000010005464                tud_cdc_line_coding_cb
 .text.stdio_usb_in_chars
                0x0000000010005498       0x68 CMakeFiles/pdnd_airtag.dir/home/wrongbaud/vss/research/pico/pico-sdk/src/rp2_common/pico_stdio_usb/stdio_usb.c.obj
                0x0000000010005498                stdio_usb_in_chars
 .text.stdio_usb_out_chars
                0x0000000010005500       0xe4 CMakeFiles/pdnd_airtag.dir/home/wrongbaud/vss/research/pico/pico-sdk/src/rp2_common/pico_stdio_usb/stdio_usb.c.obj
 .text.timer_task
                0x00000000100055e4       0x18 CMakeFiles/pdnd_airtag.dir/home/wrongbaud/vss/research/pico/pico-sdk/src/rp2_common/pico_stdio_usb/stdio_usb.c.obj
 .text.usb_irq  0x00000000100055fc       0x10 CMakeFiles/pdnd_airtag.dir/home/wrongbaud/vss/research/pico/pico-sdk/src/rp2_common/pico_stdio_usb/stdio_usb.c.obj
 .text.low_priority_worker_irq
                0x000000001000560c       0x24 CMakeFiles/pdnd_airtag.dir/home/wrongbaud/vss/research/pico/pico-sdk/src/rp2_common/pico_stdio_usb/stdio_usb.c.obj
 .text.stdio_usb_init
                0x0000000010005630       0xb0 CMakeFiles/pdnd_airtag.dir/home/wrongbaud/vss/research/pico/pico-sdk/src/rp2_common/pico_stdio_usb/stdio_usb.c.obj
                0x0000000010005630                stdio_usb_init
 .text.tud_descriptor_device_cb
                0x00000000100056e0        0x8 CMakeFiles/pdnd_airtag.dir/home/wrongbaud/vss/research/pico/pico-sdk/src/rp2_common/pico_stdio_usb/stdio_usb_descriptors.c.obj
                0x00000000100056e0                tud_descriptor_device_cb
 .text.tud_descriptor_configuration_cb
                0x00000000100056e8        0x8 CMakeFiles/pdnd_airtag.dir/home/wrongbaud/vss/research/pico/pico-sdk/src/rp2_common/pico_stdio_usb/stdio_usb_descriptors.c.obj
                0x00000000100056e8                tud_descriptor_configuration_cb
 .text.tud_descriptor_string_cb
                0x00000000100056f0       0x74 CMakeFiles/pdnd_airtag.dir/home/wrongbaud/vss/research/pico/pico-sdk/src/rp2_common/pico_stdio_usb/stdio_usb_descriptors.c.obj
                0x00000000100056f0                tud_descriptor_string_cb
 .text.dcd_rp2040_irq
                0x0000000010005764      0x21c CMakeFiles/pdnd_airtag.dir/home/wrongbaud/vss/research/pico/pico-sdk/lib/tinyusb/src/portable/raspberrypi/rp2040/dcd_rp2040.c.obj
 .text.dcd_int_enable
                0x0000000010005980        0xc CMakeFiles/pdnd_airtag.dir/home/wrongbaud/vss/research/pico/pico-sdk/lib/tinyusb/src/portable/raspberrypi/rp2040/dcd_rp2040.c.obj
                0x0000000010005980                dcd_int_enable
 .text.dcd_set_address
                0x000000001000598c       0x14 CMakeFiles/pdnd_airtag.dir/home/wrongbaud/vss/research/pico/pico-sdk/lib/tinyusb/src/portable/raspberrypi/rp2040/dcd_rp2040.c.obj
                0x000000001000598c                dcd_set_address
 .text.dcd_connect
                0x00000000100059a0       0x10 CMakeFiles/pdnd_airtag.dir/home/wrongbaud/vss/research/pico/pico-sdk/lib/tinyusb/src/portable/raspberrypi/rp2040/dcd_rp2040.c.obj
                0x00000000100059a0                dcd_connect
 .text.dcd_init
                0x00000000100059b0      0x144 CMakeFiles/pdnd_airtag.dir/home/wrongbaud/vss/research/pico/pico-sdk/lib/tinyusb/src/portable/raspberrypi/rp2040/dcd_rp2040.c.obj
                0x00000000100059b0                dcd_init
 .text.dcd_edpt0_status_complete
                0x0000000010005af4       0x1c CMakeFiles/pdnd_airtag.dir/home/wrongbaud/vss/research/pico/pico-sdk/lib/tinyusb/src/portable/raspberrypi/rp2040/dcd_rp2040.c.obj
                0x0000000010005af4                dcd_edpt0_status_complete
 .text.dcd_edpt_open
                0x0000000010005b10       0xf0 CMakeFiles/pdnd_airtag.dir/home/wrongbaud/vss/research/pico/pico-sdk/lib/tinyusb/src/portable/raspberrypi/rp2040/dcd_rp2040.c.obj
                0x0000000010005b10                dcd_edpt_open
 .text.dcd_edpt_close_all
                0x0000000010005c00       0xbc CMakeFiles/pdnd_airtag.dir/home/wrongbaud/vss/research/pico/pico-sdk/lib/tinyusb/src/portable/raspberrypi/rp2040/dcd_rp2040.c.obj
                0x0000000010005c00                dcd_edpt_close_all
 .text.dcd_edpt_xfer
                0x0000000010005cbc       0x24 CMakeFiles/pdnd_airtag.dir/home/wrongbaud/vss/research/pico/pico-sdk/lib/tinyusb/src/portable/raspberrypi/rp2040/dcd_rp2040.c.obj
                0x0000000010005cbc                dcd_edpt_xfer
 .text.dcd_edpt_stall
                0x0000000010005ce0       0x38 CMakeFiles/pdnd_airtag.dir/home/wrongbaud/vss/research/pico/pico-sdk/lib/tinyusb/src/portable/raspberrypi/rp2040/dcd_rp2040.c.obj
                0x0000000010005ce0                dcd_edpt_stall
 .text.dcd_edpt_clear_stall
                0x0000000010005d18       0x30 CMakeFiles/pdnd_airtag.dir/home/wrongbaud/vss/research/pico/pico-sdk/lib/tinyusb/src/portable/raspberrypi/rp2040/dcd_rp2040.c.obj
                0x0000000010005d18                dcd_edpt_clear_stall
 .text._hw_endpoint_buffer_control_update32.part.0.isra.0
                0x0000000010005d48       0x1c CMakeFiles/pdnd_airtag.dir/home/wrongbaud/vss/research/pico/pico-sdk/lib/tinyusb/src/portable/raspberrypi/rp2040/rp2040_usb.c.obj
 .text.rp2040_usb_init
                0x0000000010005d64       0x4c CMakeFiles/pdnd_airtag.dir/home/wrongbaud/vss/research/pico/pico-sdk/lib/tinyusb/src/portable/raspberrypi/rp2040/rp2040_usb.c.obj
                0x0000000010005d64                rp2040_usb_init
 .text.hw_endpoint_reset_transfer
                0x0000000010005db0        0xc CMakeFiles/pdnd_airtag.dir/home/wrongbaud/vss/research/pico/pico-sdk/lib/tinyusb/src/portable/raspberrypi/rp2040/rp2040_usb.c.obj
                0x0000000010005db0                hw_endpoint_reset_transfer
 .text._hw_endpoint_buffer_control_update32
                0x0000000010005dbc       0x44 CMakeFiles/pdnd_airtag.dir/home/wrongbaud/vss/research/pico/pico-sdk/lib/tinyusb/src/portable/raspberrypi/rp2040/rp2040_usb.c.obj
                0x0000000010005dbc                _hw_endpoint_buffer_control_update32
 .text.hw_endpoint_xfer_start
                0x0000000010005e00      0x138 CMakeFiles/pdnd_airtag.dir/home/wrongbaud/vss/research/pico/pico-sdk/lib/tinyusb/src/portable/raspberrypi/rp2040/rp2040_usb.c.obj
                0x0000000010005e00                hw_endpoint_xfer_start
 .text.hw_endpoint_xfer_continue
                0x0000000010005f38      0x1e4 CMakeFiles/pdnd_airtag.dir/home/wrongbaud/vss/research/pico/pico-sdk/lib/tinyusb/src/portable/raspberrypi/rp2040/rp2040_usb.c.obj
                0x0000000010005f38                hw_endpoint_xfer_continue
 .text.tud_mounted
                0x000000001000611c       0x10 CMakeFiles/pdnd_airtag.dir/home/wrongbaud/vss/research/pico/pico-sdk/lib/tinyusb/src/device/usbd.c.obj
                0x000000001000611c                tud_mounted
 .text.tud_suspended
                0x000000001000612c       0x10 CMakeFiles/pdnd_airtag.dir/home/wrongbaud/vss/research/pico/pico-sdk/lib/tinyusb/src/device/usbd.c.obj
                0x000000001000612c                tud_suspended
 .text.tud_inited
                0x000000001000613c        0xc CMakeFiles/pdnd_airtag.dir/home/wrongbaud/vss/research/pico/pico-sdk/lib/tinyusb/src/device/usbd.c.obj
                0x000000001000613c                tud_inited
 .text.tud_init
                0x0000000010006148       0xd8 CMakeFiles/pdnd_airtag.dir/home/wrongbaud/vss/research/pico/pico-sdk/lib/tinyusb/src/device/usbd.c.obj
                0x0000000010006148                tud_init
 .text.tud_task
                0x0000000010006220      0x8ec CMakeFiles/pdnd_airtag.dir/home/wrongbaud/vss/research/pico/pico-sdk/lib/tinyusb/src/device/usbd.c.obj
                0x0000000010006220                tud_task
 .text.dcd_event_bus_signal
                0x0000000010006b0c      0x120 CMakeFiles/pdnd_airtag.dir/home/wrongbaud/vss/research/pico/pico-sdk/lib/tinyusb/src/device/usbd.c.obj
                0x0000000010006b0c                dcd_event_bus_signal
 .text.dcd_event_bus_reset
                0x0000000010006c2c       0x54 CMakeFiles/pdnd_airtag.dir/home/wrongbaud/vss/research/pico/pico-sdk/lib/tinyusb/src/device/usbd.c.obj
                0x0000000010006c2c                dcd_event_bus_reset
 .text.dcd_event_setup_received
                0x0000000010006c80       0x50 CMakeFiles/pdnd_airtag.dir/home/wrongbaud/vss/research/pico/pico-sdk/lib/tinyusb/src/device/usbd.c.obj
                0x0000000010006c80                dcd_event_setup_received
 .text.dcd_event_xfer_complete
                0x0000000010006cd0       0x68 CMakeFiles/pdnd_airtag.dir/home/wrongbaud/vss/research/pico/pico-sdk/lib/tinyusb/src/device/usbd.c.obj
                0x0000000010006cd0                dcd_event_xfer_complete
 .text.usbd_open_edpt_pair
                0x0000000010006d38       0x80 CMakeFiles/pdnd_airtag.dir/home/wrongbaud/vss/research/pico/pico-sdk/lib/tinyusb/src/device/usbd.c.obj
                0x0000000010006d38                usbd_open_edpt_pair
 .text.usbd_edpt_open
                0x0000000010006db8       0x30 CMakeFiles/pdnd_airtag.dir/home/wrongbaud/vss/research/pico/pico-sdk/lib/tinyusb/src/device/usbd.c.obj
                0x0000000010006db8                usbd_edpt_open
 .text.usbd_edpt_claim
                0x0000000010006de8       0x64 CMakeFiles/pdnd_airtag.dir/home/wrongbaud/vss/research/pico/pico-sdk/lib/tinyusb/src/device/usbd.c.obj
                0x0000000010006de8                usbd_edpt_claim
 .text.usbd_edpt_release
                0x0000000010006e4c       0x4c CMakeFiles/pdnd_airtag.dir/home/wrongbaud/vss/research/pico/pico-sdk/lib/tinyusb/src/device/usbd.c.obj
                0x0000000010006e4c                usbd_edpt_release
 .text.usbd_edpt_xfer
                0x0000000010006e98       0x48 CMakeFiles/pdnd_airtag.dir/home/wrongbaud/vss/research/pico/pico-sdk/lib/tinyusb/src/device/usbd.c.obj
                0x0000000010006e98                usbd_edpt_xfer
 .text.tud_control_status
                0x0000000010006ee0       0x30 CMakeFiles/pdnd_airtag.dir/home/wrongbaud/vss/research/pico/pico-sdk/lib/tinyusb/src/device/usbd_control.c.obj
                0x0000000010006ee0                tud_control_status
 .text.tud_control_xfer
                0x0000000010006f10       0xbc CMakeFiles/pdnd_airtag.dir/home/wrongbaud/vss/research/pico/pico-sdk/lib/tinyusb/src/device/usbd_control.c.obj
                0x0000000010006f10                tud_control_xfer
 .text.usbd_control_reset
                0x0000000010006fcc       0x14 CMakeFiles/pdnd_airtag.dir/home/wrongbaud/vss/research/pico/pico-sdk/lib/tinyusb/src/device/usbd_control.c.obj
                0x0000000010006fcc                usbd_control_reset
 .text.usbd_control_set_complete_callback
                0x0000000010006fe0        0xc CMakeFiles/pdnd_airtag.dir/home/wrongbaud/vss/research/pico/pico-sdk/lib/tinyusb/src/device/usbd_control.c.obj
                0x0000000010006fe0                usbd_control_set_complete_callback
 .text.usbd_control_set_request
                0x0000000010006fec       0x1c CMakeFiles/pdnd_airtag.dir/home/wrongbaud/vss/research/pico/pico-sdk/lib/tinyusb/src/device/usbd_control.c.obj
                0x0000000010006fec                usbd_control_set_request
 .text.usbd_control_xfer_cb
                0x0000000010007008       0xfc CMakeFiles/pdnd_airtag.dir/home/wrongbaud/vss/research/pico/pico-sdk/lib/tinyusb/src/device/usbd_control.c.obj
                0x0000000010007008                usbd_control_xfer_cb
 .text.tud_cdc_n_connected
                0x0000000010007104       0x30 CMakeFiles/pdnd_airtag.dir/home/wrongbaud/vss/research/pico/pico-sdk/lib/tinyusb/src/class/cdc/cdc_device.c.obj
                0x0000000010007104                tud_cdc_n_connected
 .text.tud_cdc_n_available
                0x0000000010007134       0x18 CMakeFiles/pdnd_airtag.dir/home/wrongbaud/vss/research/pico/pico-sdk/lib/tinyusb/src/class/cdc/cdc_device.c.obj
                0x0000000010007134                tud_cdc_n_available
 .text.tud_cdc_n_read
                0x000000001000714c       0x70 CMakeFiles/pdnd_airtag.dir/home/wrongbaud/vss/research/pico/pico-sdk/lib/tinyusb/src/class/cdc/cdc_device.c.obj
                0x000000001000714c                tud_cdc_n_read
 .text.tud_cdc_n_write_flush
                0x00000000100071bc       0x78 CMakeFiles/pdnd_airtag.dir/home/wrongbaud/vss/research/pico/pico-sdk/lib/tinyusb/src/class/cdc/cdc_device.c.obj
                0x00000000100071bc                tud_cdc_n_write_flush
 .text.tud_cdc_n_write
                0x0000000010007234       0x34 CMakeFiles/pdnd_airtag.dir/home/wrongbaud/vss/research/pico/pico-sdk/lib/tinyusb/src/class/cdc/cdc_device.c.obj
                0x0000000010007234                tud_cdc_n_write
 .text.tud_cdc_n_write_available
                0x0000000010007268       0x18 CMakeFiles/pdnd_airtag.dir/home/wrongbaud/vss/research/pico/pico-sdk/lib/tinyusb/src/class/cdc/cdc_device.c.obj
                0x0000000010007268                tud_cdc_n_write_available
 .text.cdcd_init
                0x0000000010007280       0x7c CMakeFiles/pdnd_airtag.dir/home/wrongbaud/vss/research/pico/pico-sdk/lib/tinyusb/src/class/cdc/cdc_device.c.obj
                0x0000000010007280                cdcd_init
 .text.cdcd_reset
                0x00000000100072fc       0x2c CMakeFiles/pdnd_airtag.dir/home/wrongbaud/vss/research/pico/pico-sdk/lib/tinyusb/src/class/cdc/cdc_device.c.obj
                0x00000000100072fc                cdcd_reset
 .text.cdcd_open
                0x0000000010007328       0xe4 CMakeFiles/pdnd_airtag.dir/home/wrongbaud/vss/research/pico/pico-sdk/lib/tinyusb/src/class/cdc/cdc_device.c.obj
                0x0000000010007328                cdcd_open
 .text.cdcd_control_xfer_cb
                0x000000001000740c       0xe4 CMakeFiles/pdnd_airtag.dir/home/wrongbaud/vss/research/pico/pico-sdk/lib/tinyusb/src/class/cdc/cdc_device.c.obj
                0x000000001000740c                cdcd_control_xfer_cb
 .text.cdcd_xfer_cb
                0x00000000100074f0      0x148 CMakeFiles/pdnd_airtag.dir/home/wrongbaud/vss/research/pico/pico-sdk/lib/tinyusb/src/class/cdc/cdc_device.c.obj
                0x00000000100074f0                cdcd_xfer_cb
 .text.tusb_init
                0x0000000010007638        0xc CMakeFiles/pdnd_airtag.dir/home/wrongbaud/vss/research/pico/pico-sdk/lib/tinyusb/src/tusb.c.obj
                0x0000000010007638                tusb_init
 .text.tusb_inited
                0x0000000010007644        0x8 CMakeFiles/pdnd_airtag.dir/home/wrongbaud/vss/research/pico/pico-sdk/lib/tinyusb/src/tusb.c.obj
                0x0000000010007644                tusb_inited
 .text.tu_edpt_validate
                0x000000001000764c       0x78 CMakeFiles/pdnd_airtag.dir/home/wrongbaud/vss/research/pico/pico-sdk/lib/tinyusb/src/tusb.c.obj
                0x000000001000764c                tu_edpt_validate
 .text.tu_edpt_bind_driver
                0x00000000100076c4       0x2c CMakeFiles/pdnd_airtag.dir/home/wrongbaud/vss/research/pico/pico-sdk/lib/tinyusb/src/tusb.c.obj
                0x00000000100076c4                tu_edpt_bind_driver
 .text.tu_fifo_config
                0x00000000100076f0       0x78 CMakeFiles/pdnd_airtag.dir/home/wrongbaud/vss/research/pico/pico-sdk/lib/tinyusb/src/common/tusb_fifo.c.obj
                0x00000000100076f0                tu_fifo_config
 .text.tu_fifo_count
                0x0000000010007768       0x20 CMakeFiles/pdnd_airtag.dir/home/wrongbaud/vss/research/pico/pico-sdk/lib/tinyusb/src/common/tusb_fifo.c.obj
                0x0000000010007768                tu_fifo_count
 .text.tu_fifo_empty
                0x0000000010007788       0x10 CMakeFiles/pdnd_airtag.dir/home/wrongbaud/vss/research/pico/pico-sdk/lib/tinyusb/src/common/tusb_fifo.c.obj
                0x0000000010007788                tu_fifo_empty
 .text.tu_fifo_remaining
                0x0000000010007798       0x1c CMakeFiles/pdnd_airtag.dir/home/wrongbaud/vss/research/pico/pico-sdk/lib/tinyusb/src/common/tusb_fifo.c.obj
                0x0000000010007798                tu_fifo_remaining
 .text.tu_fifo_read
                0x00000000100077b4       0x9c CMakeFiles/pdnd_airtag.dir/home/wrongbaud/vss/research/pico/pico-sdk/lib/tinyusb/src/common/tusb_fifo.c.obj
                0x00000000100077b4                tu_fifo_read
 .text.tu_fifo_read_n
                0x0000000010007850      0x100 CMakeFiles/pdnd_airtag.dir/home/wrongbaud/vss/research/pico/pico-sdk/lib/tinyusb/src/common/tusb_fifo.c.obj
                0x0000000010007850                tu_fifo_read_n
 .text.tu_fifo_write
                0x0000000010007950       0x7c CMakeFiles/pdnd_airtag.dir/home/wrongbaud/vss/research/pico/pico-sdk/lib/tinyusb/src/common/tusb_fifo.c.obj
                0x0000000010007950                tu_fifo_write
 .text.tu_fifo_write_n
                0x00000000100079cc      0x100 CMakeFiles/pdnd_airtag.dir/home/wrongbaud/vss/research/pico/pico-sdk/lib/tinyusb/src/common/tusb_fifo.c.obj
                0x00000000100079cc                tu_fifo_write_n
 .text.tu_fifo_clear
                0x0000000010007acc       0x4c CMakeFiles/pdnd_airtag.dir/home/wrongbaud/vss/research/pico/pico-sdk/lib/tinyusb/src/common/tusb_fifo.c.obj
                0x0000000010007acc                tu_fifo_clear
 .text.tu_fifo_set_overwritable
                0x0000000010007b18       0x3c CMakeFiles/pdnd_airtag.dir/home/wrongbaud/vss/research/pico/pico-sdk/lib/tinyusb/src/common/tusb_fifo.c.obj
                0x0000000010007b18                tu_fifo_set_overwritable
 .text.startup._retrieve_unique_id_on_boot
                0x0000000010007b54       0x10 CMakeFiles/pdnd_airtag.dir/home/wrongbaud/vss/research/pico/pico-sdk/src/rp2_common/pico_unique_id/unique_id.c.obj
 .text.pico_get_unique_board_id_string
                0x0000000010007b64      0x1a8 CMakeFiles/pdnd_airtag.dir/home/wrongbaud/vss/research/pico/pico-sdk/src/rp2_common/pico_unique_id/unique_id.c.obj
                0x0000000010007b64                pico_get_unique_board_id_string
 .text.flash_get_unique_id
                0x0000000010007d0c       0x40 CMakeFiles/pdnd_airtag.dir/home/wrongbaud/vss/research/pico/pico-sdk/src/rp2_common/hardware_flash/flash.c.obj
                0x0000000010007d0c                flash_get_unique_id
 .text.pio_add_program
                0x0000000010007d4c       0xc8 CMakeFiles/pdnd_airtag.dir/home/wrongbaud/vss/research/pico/pico-sdk/src/rp2_common/hardware_pio/pio.c.obj
                0x0000000010007d4c                pio_add_program
 .text.pio_sm_set_pins_with_mask
                0x0000000010007e14       0x84 CMakeFiles/pdnd_airtag.dir/home/wrongbaud/vss/research/pico/pico-sdk/src/rp2_common/hardware_pio/pio.c.obj
                0x0000000010007e14                pio_sm_set_pins_with_mask
 .text.pio_sm_set_pindirs_with_mask
                0x0000000010007e98       0x88 CMakeFiles/pdnd_airtag.dir/home/wrongbaud/vss/research/pico/pico-sdk/src/rp2_common/hardware_pio/pio.c.obj
                0x0000000010007e98                pio_sm_set_pindirs_with_mask
 .text.pio_sm_init
                0x0000000010007f20       0x90 CMakeFiles/pdnd_airtag.dir/home/wrongbaud/vss/research/pico/pico-sdk/src/rp2_common/hardware_pio/pio.c.obj
                0x0000000010007f20                pio_sm_init
 .text.pio_sm_drain_tx_fifo
                0x0000000010007fb0       0x40 CMakeFiles/pdnd_airtag.dir/home/wrongbaud/vss/research/pico/pico-sdk/src/rp2_common/hardware_pio/pio.c.obj
                0x0000000010007fb0                pio_sm_drain_tx_fifo
 .text          0x0000000010007ff0       0x18 /usr/lib/gcc/arm-none-eabi/10.3.1/../../../arm-none-eabi/lib/thumb/v6-m/nofp/libc.a(lib_a-calloc.o)
                0x0000000010007ff0                calloc
 .text          0x0000000010008008       0x5c /usr/lib/gcc/arm-none-eabi/10.3.1/../../../arm-none-eabi/lib/thumb/v6-m/nofp/libc.a(lib_a-callocr.o)
                0x0000000010008008                _calloc_r
 .text          0x0000000010008064      0x190 /usr/lib/gcc/arm-none-eabi/10.3.1/../../../arm-none-eabi/lib/thumb/v6-m/nofp/libc.a(lib_a-fread.o)
                0x0000000010008064                _fread_r
                0x00000000100081d4                fread
 .text          0x00000000100081f4      0x260 /usr/lib/gcc/arm-none-eabi/10.3.1/../../../arm-none-eabi/lib/thumb/v6-m/nofp/libc.a(lib_a-freer.o)
                0x00000000100081f4                _malloc_trim_r
                0x0000000010008290                _free_r
 .text          0x0000000010008454       0x28 /usr/lib/gcc/arm-none-eabi/10.3.1/../../../arm-none-eabi/lib/thumb/v6-m/nofp/libc.a(lib_a-malloc.o)
                0x0000000010008454                malloc
                0x0000000010008468                free
 .text          0x000000001000847c      0x574 /usr/lib/gcc/arm-none-eabi/10.3.1/../../../arm-none-eabi/lib/thumb/v6-m/nofp/libc.a(lib_a-mallocr.o)
                0x000000001000847c                _malloc_r
 .text          0x00000000100089f0        0x8 /usr/lib/gcc/arm-none-eabi/10.3.1/../../../arm-none-eabi/lib/thumb/v6-m/nofp/libc.a(lib_a-mlock.o)
                0x00000000100089f0                __malloc_lock
                0x00000000100089f4                __malloc_unlock
 .text          0x00000000100089f8      0x140 /usr/lib/gcc/arm-none-eabi/10.3.1/../../../arm-none-eabi/lib/thumb/v6-m/nofp/libc.a(lib_a-refill.o)
                0x0000000010008a14                __srefill_r
 .text          0x0000000010008b38       0x24 /usr/lib/gcc/arm-none-eabi/10.3.1/../../../arm-none-eabi/lib/thumb/v6-m/nofp/libc.a(lib_a-sbrkr.o)
                0x0000000010008b38                _sbrk_r
 .text          0x0000000010008b5c       0x5c /usr/lib/gcc/arm-none-eabi/10.3.1/../../../arm-none-eabi/lib/thumb/v6-m/nofp/libc.a(lib_a-strlen-stub.o)
                0x0000000010008b5c                strlen
 .text          0x0000000010008bb8      0x1c0 /usr/lib/gcc/arm-none-eabi/10.3.1/../../../arm-none-eabi/lib/thumb/v6-m/nofp/libc.a(lib_a-fflush.o)
                0x0000000010008bb8                __sflush_r
                0x0000000010008cf8                _fflush_r
                0x0000000010008d24                fflush
 .text          0x0000000010008d78      0x248 /usr/lib/gcc/arm-none-eabi/10.3.1/../../../arm-none-eabi/lib/thumb/v6-m/nofp/libc.a(lib_a-findfp.o)
                0x0000000010008d7c                _cleanup_r
                0x0000000010008e78                __sfmoreglue
                0x0000000010008ea8                __sfp
                0x0000000010008f58                _cleanup
                0x0000000010008f70                __sinit
                0x0000000010008f80                __sfp_lock_acquire
                0x0000000010008f84                __sfp_lock_release
                0x0000000010008f88                __sinit_lock_acquire
                0x0000000010008f8c                __sinit_lock_release
                0x0000000010008f90                __fp_lock_all
                0x0000000010008fa8                __fp_unlock_all
 .text          0x0000000010008fc0       0x88 /usr/lib/gcc/arm-none-eabi/10.3.1/../../../arm-none-eabi/lib/thumb/v6-m/nofp/libc.a(lib_a-fwalk.o)
                0x0000000010008fc0                _fwalk
                0x0000000010009000                _fwalk_reent
 .text          0x0000000010009048      0x144 /usr/lib/gcc/arm-none-eabi/10.3.1/../../../arm-none-eabi/lib/thumb/v6-m/nofp/libc.a(lib_a-makebuf.o)
                0x0000000010009048                __smakebuf_r
                0x000000001000912c                __swhatbuf_r
 .text          0x000000001000918c       0xa4 /usr/lib/gcc/arm-none-eabi/10.3.1/../../../arm-none-eabi/lib/thumb/v6-m/nofp/libc.a(lib_a-stdio.o)
                0x000000001000918c                __sread
                0x00000000100091b4                __seofread
                0x00000000100091b8                __swrite
                0x00000000100091f8                __sseek
                0x0000000010009224                __sclose
 .text          0x0000000010009230       0x28 /usr/lib/gcc/arm-none-eabi/10.3.1/../../../arm-none-eabi/lib/thumb/v6-m/nofp/libc.a(lib_a-writer.o)
                0x0000000010009230                _write_r
 .text          0x0000000010009258       0x24 /usr/lib/gcc/arm-none-eabi/10.3.1/../../../arm-none-eabi/lib/thumb/v6-m/nofp/libc.a(lib_a-closer.o)
                0x0000000010009258                _close_r
 .text          0x000000001000927c       0xe8 /usr/lib/gcc/arm-none-eabi/10.3.1/../../../arm-none-eabi/lib/thumb/v6-m/nofp/libc.a(lib_a-fclose.o)
                0x00000000100092ec                _fclose_r
                0x0000000010009324                fclose
 .text          0x0000000010009364       0x28 /usr/lib/gcc/arm-none-eabi/10.3.1/../../../arm-none-eabi/lib/thumb/v6-m/nofp/libc.a(lib_a-fstatr.o)
                0x0000000010009364                _fstat_r
 .text          0x000000001000938c       0x24 /usr/lib/gcc/arm-none-eabi/10.3.1/../../../arm-none-eabi/lib/thumb/v6-m/nofp/libc.a(lib_a-isattyr.o)
                0x000000001000938c                _isatty_r
 .text          0x00000000100093b0       0x28 /usr/lib/gcc/arm-none-eabi/10.3.1/../../../arm-none-eabi/lib/thumb/v6-m/nofp/libc.a(lib_a-lseekr.o)
                0x00000000100093b0                _lseek_r
 .text          0x00000000100093d8       0x28 /usr/lib/gcc/arm-none-eabi/10.3.1/../../../arm-none-eabi/lib/thumb/v6-m/nofp/libc.a(lib_a-readr.o)
                0x00000000100093d8                _read_r
 .text          0x0000000010009400       0x10 /usr/lib/gcc/arm-none-eabi/10.3.1/../../../arm-none-eabi/lib/thumb/v6-m/nofp/libnosys.a(close.o)
                0x0000000010009400                _close
 .text          0x0000000010009410       0x10 /usr/lib/gcc/arm-none-eabi/10.3.1/../../../arm-none-eabi/lib/thumb/v6-m/nofp/libnosys.a(fstat.o)
                0x0000000010009410                _fstat
 .text          0x0000000010009420       0x10 /usr/lib/gcc/arm-none-eabi/10.3.1/../../../arm-none-eabi/lib/thumb/v6-m/nofp/libnosys.a(isatty.o)
                0x0000000010009420                _isatty
 .text          0x0000000010009430       0x10 /usr/lib/gcc/arm-none-eabi/10.3.1/../../../arm-none-eabi/lib/thumb/v6-m/nofp/libnosys.a(lseek.o)
                0x0000000010009430                _lseek
 *(.fini)
 .fini          0x0000000010009440        0x4 /usr/lib/gcc/arm-none-eabi/10.3.1/thumb/v6-m/nofp/crti.o
                0x0000000010009440                _fini
 *fill*         0x0000000010009444        0x4 
 .fini.__stub   0x0000000010009448       0x70 linker stubs
 *crtbegin.o(.ctors)
 *crtbegin?.o(.ctors)
 *(EXCLUDE_FILE(*crtend.o *crtend?.o) .ctors)
 *(SORT_BY_NAME(.ctors.*))
 *(.ctors)
 *crtbegin.o(.dtors)
 *crtbegin?.o(.dtors)
 *(EXCLUDE_FILE(*crtend.o *crtend?.o) .dtors)
 *(SORT_BY_NAME(.dtors.*))
 *(.dtors)
 *(.eh_frame*)
 .eh_frame      0x00000000100094b8        0x0 /usr/lib/gcc/arm-none-eabi/10.3.1/thumb/v6-m/nofp/crtbegin.o
                0x00000000100094b8                . = ALIGN (0x4)

.glue_7         0x00000000100094b8        0x0
 .glue_7        0x00000000100094b8        0x0 linker stubs

.glue_7t        0x00000000100094b8        0x0
 .glue_7t       0x00000000100094b8        0x0 linker stubs

.vfp11_veneer   0x00000000100094b8        0x0
 .vfp11_veneer  0x00000000100094b8        0x0 linker stubs

.v4_bx          0x00000000100094b8        0x0
 .v4_bx         0x00000000100094b8        0x0 linker stubs

.iplt           0x00000000100094b8        0x0
 .iplt          0x00000000100094b8        0x0 /usr/lib/gcc/arm-none-eabi/10.3.1/thumb/v6-m/nofp/crtbegin.o

.rodata         0x00000000100094b8      0xa58
 *(EXCLUDE_FILE(*libm.a: *libc.a:*lib_a-mem*.o *libgcc.a:) .rodata*)
 .rodata.dv.str1.4
                0x00000000100094b8       0x29 CMakeFiles/pdnd_airtag.dir/main.c.obj
 *fill*         0x00000000100094e1        0x3 
 .rodata.main.str1.4
                0x00000000100094e4       0x7a CMakeFiles/pdnd_airtag.dir/main.c.obj
 *fill*         0x000000001000955e        0x2 
 .rodata.main   0x0000000010009560       0x14 CMakeFiles/pdnd_airtag.dir/main.c.obj
 .rodata.PDND_GLITCH
                0x0000000010009574        0x4 CMakeFiles/pdnd_airtag.dir/pdnd/pdnd.c.obj
                0x0000000010009574                PDND_GLITCH
 .rodata.i2c_program
                0x0000000010009578        0x6 CMakeFiles/pdnd_airtag.dir/pdnd/pdnd_display.c.obj
 *fill*         0x000000001000957e        0x2 
 .rodata.i2c_program_instructions
                0x0000000010009580       0x24 CMakeFiles/pdnd_airtag.dir/pdnd/pdnd_display.c.obj
 .rodata.ssd1306_begin.str1.4
                0x00000000100095a4        0xf CMakeFiles/pdnd_airtag.dir/pdnd/display/ssd1306.c.obj
 *fill*         0x00000000100095b3        0x1 
 .rodata        0x00000000100095b4       0x10 CMakeFiles/pdnd_airtag.dir/pdnd/display/ssd1306.c.obj
 .rodata.splash1_data
                0x00000000100095c4      0x400 CMakeFiles/pdnd_airtag.dir/pdnd/display/ssd1306.c.obj
                0x00000000100095c4                splash1_data
 .rodata.spin_lock_claim_unused.str1.4
                0x00000000100099c4       0x1b CMakeFiles/pdnd_airtag.dir/home/wrongbaud/vss/research/pico/pico-sdk/src/rp2_common/hardware_sync/sync.c.obj
 *fill*         0x00000000100099df        0x1 
 .rodata.user_irq_claim_unused.str1.4
                0x00000000100099e0       0x1b CMakeFiles/pdnd_airtag.dir/home/wrongbaud/vss/research/pico/pico-sdk/src/rp2_common/hardware_irq/irq.c.obj
 *fill*         0x00000000100099fb        0x5 
 .rodata.at_the_end_of_time
                0x0000000010009a00        0x8 CMakeFiles/pdnd_airtag.dir/home/wrongbaud/vss/research/pico/pico-sdk/src/common/pico_time/time.c.obj
                0x0000000010009a00                at_the_end_of_time
 .rodata.hardware_alarm_claim.str1.4
                0x0000000010009a08       0x22 CMakeFiles/pdnd_airtag.dir/home/wrongbaud/vss/research/pico/pico-sdk/src/rp2_common/hardware_timer/timer.c.obj
 *fill*         0x0000000010009a2a        0x2 
 .rodata.panic.str1.4
                0x0000000010009a2c       0x10 CMakeFiles/pdnd_airtag.dir/home/wrongbaud/vss/research/pico/pico-sdk/src/rp2_common/pico_runtime/runtime.c.obj
                                         0x12 (size before relaxing)
 .rodata.hard_assertion_failure.str1.4
                0x0000000010009a3c        0xc CMakeFiles/pdnd_airtag.dir/home/wrongbaud/vss/research/pico/pico-sdk/src/rp2_common/pico_runtime/runtime.c.obj
 .rodata._ftoa.str1.4
                0x0000000010009a48       0x15 CMakeFiles/pdnd_airtag.dir/home/wrongbaud/vss/research/pico/pico-sdk/src/rp2_common/pico_printf/printf.c.obj
 *fill*         0x0000000010009a5d        0x3 
 .rodata._vsnprintf
                0x0000000010009a60      0x1e0 CMakeFiles/pdnd_airtag.dir/home/wrongbaud/vss/research/pico/pico-sdk/src/rp2_common/pico_printf/printf.c.obj
 .rodata.pow10.0
                0x0000000010009c40       0x50 CMakeFiles/pdnd_airtag.dir/home/wrongbaud/vss/research/pico/pico-sdk/src/rp2_common/pico_printf/printf.c.obj
 .rodata.__wrap_malloc.str1.4
                0x0000000010009c90        0xe CMakeFiles/pdnd_airtag.dir/home/wrongbaud/vss/research/pico/pico-sdk/src/rp2_common/pico_malloc/pico_malloc.c.obj
 *fill*         0x0000000010009c9e        0x2 
 .rodata.str1.4
                0x0000000010009ca0       0x40 CMakeFiles/pdnd_airtag.dir/home/wrongbaud/vss/research/pico/pico-sdk/src/rp2_common/pico_standard_link/binary_info.c.obj
 .rodata.__bi_44
                0x0000000010009ce0        0xc CMakeFiles/pdnd_airtag.dir/home/wrongbaud/vss/research/pico/pico-sdk/src/rp2_common/pico_standard_link/binary_info.c.obj
 .rodata.__bi_75
                0x0000000010009cec        0xc CMakeFiles/pdnd_airtag.dir/home/wrongbaud/vss/research/pico/pico-sdk/src/rp2_common/pico_standard_link/binary_info.c.obj
 .rodata.__bi_81
                0x0000000010009cf8        0xc CMakeFiles/pdnd_airtag.dir/home/wrongbaud/vss/research/pico/pico-sdk/src/rp2_common/pico_standard_link/binary_info.c.obj
 .rodata.crlf_str.0
                0x0000000010009d04        0x2 CMakeFiles/pdnd_airtag.dir/home/wrongbaud/vss/research/pico/pico-sdk/src/rp2_common/pico_stdio/stdio.c.obj
 *fill*         0x0000000010009d06        0x2 
 .rodata._resetd_driver
                0x0000000010009d08       0x18 CMakeFiles/pdnd_airtag.dir/home/wrongbaud/vss/research/pico/pico-sdk/src/rp2_common/pico_stdio_usb/reset_interface.c.obj
 .rodata.str1.4
                0x0000000010009d20       0x13 CMakeFiles/pdnd_airtag.dir/home/wrongbaud/vss/research/pico/pico-sdk/src/rp2_common/pico_stdio_usb/stdio_usb.c.obj
 *fill*         0x0000000010009d33        0x1 
 .rodata.__bi_118.0
                0x0000000010009d34        0xc CMakeFiles/pdnd_airtag.dir/home/wrongbaud/vss/research/pico/pico-sdk/src/rp2_common/pico_stdio_usb/stdio_usb.c.obj
 .rodata.str1.4
                0x0000000010009d40       0x2a CMakeFiles/pdnd_airtag.dir/home/wrongbaud/vss/research/pico/pico-sdk/src/rp2_common/pico_stdio_usb/stdio_usb_descriptors.c.obj
 *fill*         0x0000000010009d6a        0x2 
 .rodata.usbd_desc_cfg
                0x0000000010009d6c       0x54 CMakeFiles/pdnd_airtag.dir/home/wrongbaud/vss/research/pico/pico-sdk/src/rp2_common/pico_stdio_usb/stdio_usb_descriptors.c.obj
 .rodata.usbd_desc_device
                0x0000000010009dc0       0x12 CMakeFiles/pdnd_airtag.dir/home/wrongbaud/vss/research/pico/pico-sdk/src/rp2_common/pico_stdio_usb/stdio_usb_descriptors.c.obj
 *fill*         0x0000000010009dd2        0x2 
 .rodata.usbd_desc_str
                0x0000000010009dd4       0x18 CMakeFiles/pdnd_airtag.dir/home/wrongbaud/vss/research/pico/pico-sdk/src/rp2_common/pico_stdio_usb/stdio_usb_descriptors.c.obj
 .rodata.dcd_rp2040_irq.str1.4
                0x0000000010009dec       0x14 CMakeFiles/pdnd_airtag.dir/home/wrongbaud/vss/research/pico/pico-sdk/lib/tinyusb/src/portable/raspberrypi/rp2040/dcd_rp2040.c.obj
 .rodata._hw_endpoint_buffer_control_update32.part.0.isra.0.str1.4
                0x0000000010009e00       0x1f CMakeFiles/pdnd_airtag.dir/home/wrongbaud/vss/research/pico/pico-sdk/lib/tinyusb/src/portable/raspberrypi/rp2040/rp2040_usb.c.obj
 *fill*         0x0000000010009e1f        0x1 
 .rodata.hw_endpoint_xfer_continue.str1.4
                0x0000000010009e20       0x29 CMakeFiles/pdnd_airtag.dir/home/wrongbaud/vss/research/pico/pico-sdk/lib/tinyusb/src/portable/raspberrypi/rp2040/rp2040_usb.c.obj
 *fill*         0x0000000010009e49        0x3 
 .rodata.str1.4
                0x0000000010009e4c        0x7 CMakeFiles/pdnd_airtag.dir/home/wrongbaud/vss/research/pico/pico-sdk/lib/tinyusb/src/portable/raspberrypi/rp2040/rp2040_usb.c.obj
 *fill*         0x0000000010009e53        0x1 
 .rodata.tud_task
                0x0000000010009e54       0x8c CMakeFiles/pdnd_airtag.dir/home/wrongbaud/vss/research/pico/pico-sdk/lib/tinyusb/src/device/usbd.c.obj
 .rodata._usbd_driver
                0x0000000010009ee0       0x18 CMakeFiles/pdnd_airtag.dir/home/wrongbaud/vss/research/pico/pico-sdk/lib/tinyusb/src/device/usbd.c.obj
 .rodata.pio_add_program.str1.4
                0x0000000010009ef8       0x11 CMakeFiles/pdnd_airtag.dir/home/wrongbaud/vss/research/pico/pico-sdk/src/rp2_common/hardware_pio/pio.c.obj
 *fill*         0x0000000010009f09        0x3 
 .rodata        0x0000000010009f0c        0x4 /usr/lib/gcc/arm-none-eabi/10.3.1/../../../arm-none-eabi/lib/thumb/v6-m/nofp/libc.a(lib_a-impure.o)
                0x0000000010009f0c                _global_impure_ptr
                0x0000000010009f10                . = ALIGN (0x4)
 *(SORT_BY_ALIGNMENT(SORT_BY_NAME(.flashdata*)))
                0x0000000010009f10                . = ALIGN (0x4)

.rel.dyn        0x0000000010009f10        0x0
 .rel.iplt      0x0000000010009f10        0x0 /usr/lib/gcc/arm-none-eabi/10.3.1/thumb/v6-m/nofp/crtbegin.o

.ARM.extab
 *(.ARM.extab* .gnu.linkonce.armextab.*)
                0x0000000010009f10                __exidx_start = .

.ARM.exidx
 *(.ARM.exidx* .gnu.linkonce.armexidx.*)
                0x0000000010009f10                __exidx_end = .
                0x0000000010009f10                . = ALIGN (0x4)
                0x0000000010009f10                __binary_info_start = .

.binary_info    0x0000000010009f10       0x20
 *(.binary_info.keep.*)
 .binary_info.keep.__bi_ptr22
                0x0000000010009f10        0x4 CMakeFiles/pdnd_airtag.dir/home/wrongbaud/vss/research/pico/pico-sdk/src/rp2_common/pico_standard_link/binary_info.c.obj
 .binary_info.keep.__bi_ptr30
                0x0000000010009f14        0x4 CMakeFiles/pdnd_airtag.dir/home/wrongbaud/vss/research/pico/pico-sdk/src/rp2_common/pico_standard_link/binary_info.c.obj
 .binary_info.keep.__bi_ptr38
                0x0000000010009f18        0x4 CMakeFiles/pdnd_airtag.dir/home/wrongbaud/vss/research/pico/pico-sdk/src/rp2_common/pico_standard_link/binary_info.c.obj
 .binary_info.keep.__bi_ptr44
                0x0000000010009f1c        0x4 CMakeFiles/pdnd_airtag.dir/home/wrongbaud/vss/research/pico/pico-sdk/src/rp2_common/pico_standard_link/binary_info.c.obj
 .binary_info.keep.__bi_ptr50
                0x0000000010009f20        0x4 CMakeFiles/pdnd_airtag.dir/home/wrongbaud/vss/research/pico/pico-sdk/src/rp2_common/pico_standard_link/binary_info.c.obj
 .binary_info.keep.__bi_ptr75
                0x0000000010009f24        0x4 CMakeFiles/pdnd_airtag.dir/home/wrongbaud/vss/research/pico/pico-sdk/src/rp2_common/pico_standard_link/binary_info.c.obj
 .binary_info.keep.__bi_ptr81
                0x0000000010009f28        0x4 CMakeFiles/pdnd_airtag.dir/home/wrongbaud/vss/research/pico/pico-sdk/src/rp2_common/pico_standard_link/binary_info.c.obj
 *(.binary_info.*)
 .binary_info.__bi_ptr118
                0x0000000010009f2c        0x4 CMakeFiles/pdnd_airtag.dir/home/wrongbaud/vss/research/pico/pico-sdk/src/rp2_common/pico_stdio_usb/stdio_usb.c.obj
                0x0000000010009f30                __binary_info_end = .
                0x0000000010009f30                . = ALIGN (0x4)
                0x0000000010009f30                __etext = .

.ram_vector_table
                0x0000000020000000       0xc0
 *(.ram_vector_table)
 .ram_vector_table
                0x0000000020000000       0xc0 CMakeFiles/pdnd_airtag.dir/home/wrongbaud/vss/research/pico/pico-sdk/src/rp2_common/pico_runtime/runtime.c.obj
                0x0000000020000000                ram_vector_table

.data           0x00000000200000c0      0xc00 load address 0x0000000010009f30
                0x00000000200000c0                __data_start__ = .
 *(vtable)
 *(.time_critical*)
 .time_critical.mutex_enter_blocking
                0x00000000200000c0       0x48 CMakeFiles/pdnd_airtag.dir/home/wrongbaud/vss/research/pico/pico-sdk/src/common/pico_sync/mutex.c.obj
                0x00000000200000c0                mutex_enter_blocking
 .time_critical.mutex_try_enter
                0x0000000020000108       0x44 CMakeFiles/pdnd_airtag.dir/home/wrongbaud/vss/research/pico/pico-sdk/src/common/pico_sync/mutex.c.obj
                0x0000000020000108                mutex_try_enter
 .time_critical.mutex_enter_timeout_ms
                0x000000002000014c       0xa0 CMakeFiles/pdnd_airtag.dir/home/wrongbaud/vss/research/pico/pico-sdk/src/common/pico_sync/mutex.c.obj
                0x000000002000014c                mutex_enter_timeout_ms
 .time_critical.mutex_exit
                0x00000000200001ec       0x28 CMakeFiles/pdnd_airtag.dir/home/wrongbaud/vss/research/pico/pico-sdk/src/common/pico_sync/mutex.c.obj
                0x00000000200001ec                mutex_exit
 .time_critical.flash_init_boot2_copyout
                0x0000000020000214       0x30 CMakeFiles/pdnd_airtag.dir/home/wrongbaud/vss/research/pico/pico-sdk/src/rp2_common/hardware_flash/flash.c.obj
 .time_critical.flash_enable_xip_via_boot2
                0x0000000020000244       0x10 CMakeFiles/pdnd_airtag.dir/home/wrongbaud/vss/research/pico/pico-sdk/src/rp2_common/hardware_flash/flash.c.obj
 .time_critical.flash_cs_force
                0x0000000020000254       0x38 CMakeFiles/pdnd_airtag.dir/home/wrongbaud/vss/research/pico/pico-sdk/src/rp2_common/hardware_flash/flash.c.obj
 .time_critical.flash_do_cmd
                0x000000002000028c       0xc4 CMakeFiles/pdnd_airtag.dir/home/wrongbaud/vss/research/pico/pico-sdk/src/rp2_common/hardware_flash/flash.c.obj
                0x000000002000028c                flash_do_cmd
 *(.text*)
 .text          0x0000000020000350        0x4 /usr/lib/gcc/arm-none-eabi/10.3.1/thumb/v6-m/nofp/libgcc.a(_dvmd_tls.o)
                0x0000000020000350                __aeabi_ldiv0
                0x0000000020000350                __aeabi_idiv0
 *fill*         0x0000000020000354        0x4 
 .text.__stub   0x0000000020000358       0x30 linker stubs
                0x0000000020000388                . = ALIGN (0x4)
 *(.rodata*)
                0x0000000020000388                . = ALIGN (0x4)
 *(.data*)
 .data.striped_spin_lock_num
                0x0000000020000388        0x1 CMakeFiles/pdnd_airtag.dir/home/wrongbaud/vss/research/pico/pico-sdk/src/rp2_common/hardware_sync/sync.c.obj
 *fill*         0x0000000020000389        0x3 
 .data          0x000000002000038c       0x48 CMakeFiles/pdnd_airtag.dir/home/wrongbaud/vss/research/pico/pico-sdk/src/rp2_common/hardware_irq/irq_handler_chain.S.obj
                0x000000002000038c                irq_handler_chain_slots
                0x00000000200003bc                irq_handler_chain_first_slot
                0x00000000200003c6                irq_handler_chain_remove_tail
 .data.default_alarm_pool
                0x00000000200003d4       0x18 CMakeFiles/pdnd_airtag.dir/home/wrongbaud/vss/research/pico/pico-sdk/src/common/pico_time/time.c.obj
 .data.default_alarm_pool_heap
                0x00000000200003ec       0x10 CMakeFiles/pdnd_airtag.dir/home/wrongbaud/vss/research/pico/pico-sdk/src/common/pico_time/time.c.obj
 *fill*         0x00000000200003fc        0x4 
 .data.aeabi_bits_funcs
                0x0000000020000400       0x10 CMakeFiles/pdnd_airtag.dir/home/wrongbaud/vss/research/pico/pico-sdk/src/rp2_common/pico_bit_ops/bit_ops_aeabi.S.obj
                0x0000000020000400                aeabi_bits_funcs
                0x0000000020000410                aeabi_bits_funcs_end
 .data.aeabi_mem_funcs
                0x0000000020000410       0x10 CMakeFiles/pdnd_airtag.dir/home/wrongbaud/vss/research/pico/pico-sdk/src/rp2_common/pico_mem_ops/mem_ops_aeabi.S.obj
                0x0000000020000410                aeabi_mem_funcs
                0x0000000020000420                aeabi_mem_funcs_end
 .data.stdio_usb
                0x0000000020000420       0x14 CMakeFiles/pdnd_airtag.dir/home/wrongbaud/vss/research/pico/pico-sdk/src/rp2_common/pico_stdio_usb/stdio_usb.c.obj
                0x0000000020000420                stdio_usb
 .data.ep_dir_string
                0x0000000020000434        0x8 CMakeFiles/pdnd_airtag.dir/home/wrongbaud/vss/research/pico/pico-sdk/lib/tinyusb/src/portable/raspberrypi/rp2040/rp2040_usb.c.obj
                0x0000000020000434                ep_dir_string
 .data._usbd_qdef
                0x000000002000043c       0x24 CMakeFiles/pdnd_airtag.dir/home/wrongbaud/vss/research/pico/pico-sdk/lib/tinyusb/src/device/usbd.c.obj
                0x000000002000043c                _usbd_qdef
 .data          0x0000000020000460      0x430 /usr/lib/gcc/arm-none-eabi/10.3.1/../../../arm-none-eabi/lib/thumb/v6-m/nofp/libc.a(lib_a-impure.o)
                0x0000000020000460                _impure_ptr
 .data          0x0000000020000890      0x410 /usr/lib/gcc/arm-none-eabi/10.3.1/../../../arm-none-eabi/lib/thumb/v6-m/nofp/libc.a(lib_a-mallocr.o)
                0x0000000020000890                __malloc_sbrk_base
                0x0000000020000894                __malloc_trim_threshold
                0x0000000020000898                __malloc_av_
                0x0000000020000ca0                . = ALIGN (0x4)
 *(.after_data.*)
                0x0000000020000ca0                . = ALIGN (0x4)
                0x0000000020000ca0                PROVIDE (__mutex_array_start = .)
 *(SORT_BY_NAME(.mutex_array.*))
 *(.mutex_array)
 .mutex_array   0x0000000020000ca0        0x8 CMakeFiles/pdnd_airtag.dir/home/wrongbaud/vss/research/pico/pico-sdk/src/rp2_common/pico_stdio/stdio.c.obj
                0x0000000020000ca8                PROVIDE (__mutex_array_end = .)
                0x0000000020000ca8                . = ALIGN (0x4)
                0x0000000020000ca8                PROVIDE (__preinit_array_start = .)
 *(SORT_BY_NAME(.preinit_array.*))
 .preinit_array.00001
                0x0000000020000ca8        0x4 CMakeFiles/pdnd_airtag.dir/home/wrongbaud/vss/research/pico/pico-sdk/src/rp2_common/pico_mem_ops/mem_ops_aeabi.S.obj
 .preinit_array.00010
                0x0000000020000cac        0x4 CMakeFiles/pdnd_airtag.dir/home/wrongbaud/vss/research/pico/pico-sdk/src/rp2_common/pico_bit_ops/bit_ops_aeabi.S.obj
 .preinit_array.00020
                0x0000000020000cb0        0x4 CMakeFiles/pdnd_airtag.dir/home/wrongbaud/vss/research/pico/pico-sdk/src/rp2_common/pico_double/double_aeabi.S.obj
 .preinit_array.00020
                0x0000000020000cb4        0x4 CMakeFiles/pdnd_airtag.dir/home/wrongbaud/vss/research/pico/pico-sdk/src/rp2_common/pico_float/float_aeabi.S.obj
 *(.preinit_array)
                0x0000000020000cb8                PROVIDE (__preinit_array_end = .)
                0x0000000020000cb8                . = ALIGN (0x4)
                0x0000000020000cb8                PROVIDE (__init_array_start = .)
 *(SORT_BY_NAME(.init_array.*))
 *(.init_array)
 .init_array    0x0000000020000cb8        0x4 /usr/lib/gcc/arm-none-eabi/10.3.1/thumb/v6-m/nofp/crtbegin.o
 .init_array    0x0000000020000cbc        0x4 CMakeFiles/pdnd_airtag.dir/home/wrongbaud/vss/research/pico/pico-sdk/src/rp2_common/pico_unique_id/unique_id.c.obj
                0x0000000020000cc0                PROVIDE (__init_array_end = .)
                0x0000000020000cc0                . = ALIGN (0x4)
                0x0000000020000cc0                PROVIDE (__fini_array_start = .)
 *(SORT_BY_NAME(.fini_array.*))
 *(.fini_array)
                0x0000000020000cc0                PROVIDE (__fini_array_end = .)
 *(.jcr)
                0x0000000020000cc0                . = ALIGN (0x4)
                0x0000000020000cc0                __data_end__ = .

.tm_clone_table
                0x0000000020000cc0        0x0 load address 0x000000001000ab30
 .tm_clone_table
                0x0000000020000cc0        0x0 /usr/lib/gcc/arm-none-eabi/10.3.1/thumb/v6-m/nofp/crtbegin.o
 .tm_clone_table
                0x0000000020000cc0        0x0 /usr/lib/gcc/arm-none-eabi/10.3.1/thumb/v6-m/nofp/crtend.o

.igot.plt       0x0000000020000cc0        0x0 load address 0x000000001000ab30
 .igot.plt      0x0000000020000cc0        0x0 /usr/lib/gcc/arm-none-eabi/10.3.1/thumb/v6-m/nofp/crtbegin.o

.uninitialized_data
                0x0000000020000cc0        0x0 load address 0x000000001000ab30
                0x0000000020000cc0                . = ALIGN (0x4)
 *(.uninitialized_data*)

.scratch_x      0x0000000020040000        0x0 load address 0x000000001000ab30
                0x0000000020040000                __scratch_x_start__ = .
 *(.scratch_x.*)
                0x0000000020040000                . = ALIGN (0x4)
                0x0000000020040000                __scratch_x_end__ = .
                0x000000001000ab30                __scratch_x_source__ = LOADADDR (.scratch_x)

.scratch_y      0x0000000020041000        0x0 load address 0x000000001000ab30
                0x0000000020041000                __scratch_y_start__ = .
 *(.scratch_y.*)
                0x0000000020041000                . = ALIGN (0x4)
                0x0000000020041000                __scratch_y_end__ = .
                0x000000001000ab30                __scratch_y_source__ = LOADADDR (.scratch_y)

.bss            0x0000000020000cc0      0xdd0
                0x0000000020000cc0                . = ALIGN (0x4)
                0x0000000020000cc0                __bss_start__ = .
 *(SORT_BY_ALIGNMENT(SORT_BY_NAME(.bss*)))
 .bss.default_alarm_pool_entries
                0x0000000020000cc0      0x100 CMakeFiles/pdnd_airtag.dir/home/wrongbaud/vss/research/pico/pico-sdk/src/common/pico_time/time.c.obj
 .bss.last_avail_time.1
                0x0000000020000dc0        0x8 CMakeFiles/pdnd_airtag.dir/home/wrongbaud/vss/research/pico/pico-sdk/src/rp2_common/pico_stdio_usb/stdio_usb.c.obj
 .bss.sd_table  0x0000000020000dc8      0x100 CMakeFiles/pdnd_airtag.dir/home/wrongbaud/vss/research/pico/pico-sdk/src/rp2_common/pico_double/double_init_rom.c.obj
                0x0000000020000dc8                sd_table
 .bss.sf_table  0x0000000020000ec8      0x100 CMakeFiles/pdnd_airtag.dir/home/wrongbaud/vss/research/pico/pico-sdk/src/rp2_common/pico_float/float_init_rom.c.obj
                0x0000000020000ec8                sf_table
 .bss           0x0000000020000fc8       0x1c /usr/lib/gcc/arm-none-eabi/10.3.1/thumb/v6-m/nofp/crtbegin.o
 .bss           0x0000000020000fe4       0x34 /usr/lib/gcc/arm-none-eabi/10.3.1/../../../arm-none-eabi/lib/thumb/v6-m/nofp/libc.a(lib_a-mallocr.o)
                0x0000000020000fe4                __malloc_top_pad
                0x0000000020000fe8                __malloc_current_mallinfo
                0x0000000020001010                __malloc_max_sbrked_mem
                0x0000000020001014                __malloc_max_total_mem
 .bss           0x0000000020001018        0x4 /usr/lib/gcc/arm-none-eabi/10.3.1/../../../arm-none-eabi/lib/thumb/v6-m/nofp/libc.a(lib_a-reent.o)
                0x0000000020001018                errno
 .bss._app_driver
                0x000000002000101c        0x4 CMakeFiles/pdnd_airtag.dir/home/wrongbaud/vss/research/pico/pico-sdk/lib/tinyusb/src/device/usbd.c.obj
 .bss._cdcd_itf
                0x0000000020001020      0x2d8 CMakeFiles/pdnd_airtag.dir/home/wrongbaud/vss/research/pico/pico-sdk/lib/tinyusb/src/class/cdc/cdc_device.c.obj
 .bss._ctrl_xfer
                0x00000000200012f8       0x14 CMakeFiles/pdnd_airtag.dir/home/wrongbaud/vss/research/pico/pico-sdk/lib/tinyusb/src/device/usbd_control.c.obj
 .bss._ubsd_mutexdef
                0x000000002000130c        0x8 CMakeFiles/pdnd_airtag.dir/home/wrongbaud/vss/research/pico/pico-sdk/lib/tinyusb/src/device/usbd.c.obj
 .bss._usbd_ctrl_buf
                0x0000000020001314       0x40 CMakeFiles/pdnd_airtag.dir/home/wrongbaud/vss/research/pico/pico-sdk/lib/tinyusb/src/device/usbd_control.c.obj
 .bss._usbd_dev
                0x0000000020001354       0x53 CMakeFiles/pdnd_airtag.dir/home/wrongbaud/vss/research/pico/pico-sdk/lib/tinyusb/src/device/usbd.c.obj
 *fill*         0x00000000200013a7        0x1 
 .bss._usbd_mutex
                0x00000000200013a8        0x4 CMakeFiles/pdnd_airtag.dir/home/wrongbaud/vss/research/pico/pico-sdk/lib/tinyusb/src/device/usbd.c.obj
 .bss._usbd_q   0x00000000200013ac        0x4 CMakeFiles/pdnd_airtag.dir/home/wrongbaud/vss/research/pico/pico-sdk/lib/tinyusb/src/device/usbd.c.obj
 .bss._usbd_qdef_buf
                0x00000000200013b0       0xc0 CMakeFiles/pdnd_airtag.dir/home/wrongbaud/vss/research/pico/pico-sdk/lib/tinyusb/src/device/usbd.c.obj
                0x00000000200013b0                _usbd_qdef_buf
 .bss._used_instruction_space
                0x0000000020001470        0x8 CMakeFiles/pdnd_airtag.dir/home/wrongbaud/vss/research/pico/pico-sdk/src/rp2_common/hardware_pio/pio.c.obj
 .bss.alarm_callbacks
                0x0000000020001478       0x10 CMakeFiles/pdnd_airtag.dir/home/wrongbaud/vss/research/pico/pico-sdk/src/rp2_common/hardware_timer/timer.c.obj
 .bss.boot2_copyout
                0x0000000020001488      0x100 CMakeFiles/pdnd_airtag.dir/home/wrongbaud/vss/research/pico/pico-sdk/src/rp2_common/hardware_flash/flash.c.obj
 .bss.claimed   0x0000000020001588        0x4 CMakeFiles/pdnd_airtag.dir/home/wrongbaud/vss/research/pico/pico-sdk/src/rp2_common/hardware_sync/sync.c.obj
 .bss.configured_freq
                0x000000002000158c       0x28 CMakeFiles/pdnd_airtag.dir/home/wrongbaud/vss/research/pico/pico-sdk/src/rp2_common/hardware_clocks/clocks.c.obj
 .bss.default_alarm_pool_entry_ids_high
                0x00000000200015b4       0x10 CMakeFiles/pdnd_airtag.dir/home/wrongbaud/vss/research/pico/pico-sdk/src/common/pico_time/time.c.obj
 .bss.default_alarm_pool_heap_nodes
                0x00000000200015c4       0x30 CMakeFiles/pdnd_airtag.dir/home/wrongbaud/vss/research/pico/pico-sdk/src/common/pico_time/time.c.obj
 .bss.desc_str.0
                0x00000000200015f4       0x28 CMakeFiles/pdnd_airtag.dir/home/wrongbaud/vss/research/pico/pico-sdk/src/rp2_common/pico_stdio_usb/stdio_usb_descriptors.c.obj
 .bss.drivers   0x000000002000161c        0x4 CMakeFiles/pdnd_airtag.dir/home/wrongbaud/vss/research/pico/pico-sdk/src/rp2_common/pico_stdio/stdio.c.obj
 .bss.filter    0x0000000020001620        0x4 CMakeFiles/pdnd_airtag.dir/home/wrongbaud/vss/research/pico/pico-sdk/src/rp2_common/pico_stdio/stdio.c.obj
 .bss.global_display
                0x0000000020001624        0x4 CMakeFiles/pdnd_airtag.dir/pdnd/pdnd_display.c.obj
                0x0000000020001624                global_display
 .bss.heap_end.0
                0x0000000020001628        0x4 CMakeFiles/pdnd_airtag.dir/home/wrongbaud/vss/research/pico/pico-sdk/src/rp2_common/pico_runtime/runtime.c.obj
 .bss.hw_endpoints
                0x000000002000162c      0x400 CMakeFiles/pdnd_airtag.dir/home/wrongbaud/vss/research/pico/pico-sdk/lib/tinyusb/src/portable/raspberrypi/rp2040/dcd_rp2040.c.obj
 .bss.lazy_vsnprintf